Component: ARM Compiler 5.05 update 2 (build 169) Tool: armlink [4d0f33]

==============================================================================

Section Cross References

    main.o(.text) refers to rt_cmsis.o(i.osKernelInitialize) for osKernelInitialize
    main.o(.text) refers to stm32f4xx_hal.o(.text) for HAL_Init
    main.o(.text) refers to system_config.o(.text) for SystemClock_Config
    main.o(.text) refers to rt_cmsis.o(i.osMutexCreate) for osMutexCreate
    main.o(.text) refers to thread_adc.o(.text) for start_Thread_ADC
    main.o(.text) refers to thread_disp.o(.text) for start_Thread_DISP
    main.o(.text) refers to thread_mems.o(.text) for start_Thread_MEMS
    main.o(.text) refers to rt_cmsis.o(i.osKernelStart) for osKernelStart
    main.o(.text) refers to rt_time.o(.data) for os_time
    main.o(.text) refers to main.o(.constdata) for os_mutex_def_temp_mutex
    main.o(.text) refers to main.o(.data) for temp_mutex_id
    main.o(.constdata) refers to main.o(.bss) for os_mutex_cb_temp_mutex
    supporting_functions.o(.text) refers to printfb.o(i.__0printf$bare) for __2printf
    thread_adc.o(.text) refers to rt_cmsis.o(i.osThreadCreate) for osThreadCreate
    thread_adc.o(.text) refers to printfb.o(i.__0printf$bare) for __2printf
    thread_adc.o(.text) refers to kalman_filter.o(.text) for Reset_ADC
    thread_adc.o(.text) refers to rt_cmsis.o(i.osDelay) for osDelay
    thread_adc.o(.text) refers to stm32f4xx_hal_adc.o(.text) for HAL_ADC_Start
    thread_adc.o(.text) refers to dfltui.o(.text) for __aeabi_ui2d
    thread_adc.o(.text) refers to rt_cmsis.o(i.osMutexWait) for osMutexWait
    thread_adc.o(.text) refers to dmul.o(.text) for __aeabi_dmul
    thread_adc.o(.text) refers to ddiv.o(.text) for __aeabi_ddiv
    thread_adc.o(.text) refers to dadd.o(.text) for __aeabi_dsub
    thread_adc.o(.text) refers to rt_cmsis.o(i.osMutexRelease) for osMutexRelease
    thread_adc.o(.text) refers to thread_adc.o(.constdata) for os_thread_def_Thread_ADC
    thread_adc.o(.text) refers to thread_adc.o(.data) for tid_Thread_ADC
    thread_adc.o(.text) refers to thread_adc.o(.bss) for kstate_adc
    thread_adc.o(.text) refers to interrupt_handling.o(.data) for interrupt6
    thread_adc.o(.text) refers to main.o(.data) for temp_mutex_id
    thread_adc.o(.constdata) refers to thread_adc.o(.text) for Thread_ADC
    system_config.o(.text) refers to stm32f4xx_hal_rcc.o(.text) for HAL_RCC_OscConfig
    system_config.o(.text) refers to memcpya.o(.text) for __aeabi_memcpy4
    system_config.o(.text) refers to stm32f4xx_hal_adc.o(.text) for HAL_ADC_Init
    system_config.o(.text) refers to supporting_functions.o(.text) for Error_Handler
    system_config.o(.text) refers to stm32f4xx_hal_gpio.o(.text) for HAL_GPIO_Init
    system_config.o(.text) refers to lis3dsh.o(.text) for LIS3DSH_Init
    system_config.o(.text) refers to stm32f4xx_hal_cortex.o(.text) for HAL_NVIC_EnableIRQ
    system_config.o(.text) refers to stm32f4xx_hal_tim.o(.text) for HAL_TIM_Base_Init
    system_config.o(.text) refers to printfb.o(i.__0printf$bare) for __2printf
    system_config.o(.text) refers to thread_adc.o(.bss) for ADC1_Handle
    system_config.o(.text) refers to thread_mems.o(.bss) for TIM_HandleStruct
    kalman_filter.o(.text) refers to dadd.o(.text) for __aeabi_dadd
    kalman_filter.o(.text) refers to ddiv.o(.text) for __aeabi_ddiv
    kalman_filter.o(.text) refers to dmul.o(.text) for __aeabi_dmul
    kalman_filter.o(.text) refers to cdcmple.o(.text) for __aeabi_cdcmpeq
    thread_disp.o(.text) refers to rt_cmsis.o(i.osThreadCreate) for osThreadCreate
    thread_disp.o(.text) refers to cdrcmple.o(.text) for __aeabi_cdrcmple
    thread_disp.o(.text) refers to 7seg_display.o(.text) for Blink
    thread_disp.o(.text) refers to stm32f4xx_hal_gpio.o(.text) for HAL_GPIO_WritePin
    thread_disp.o(.text) refers to keypad.o(.text) for Get_Column
    thread_disp.o(.text) refers to rt_cmsis.o(i.osMutexWait) for osMutexWait
    thread_disp.o(.text) refers to rt_cmsis.o(i.osMutexRelease) for osMutexRelease
    thread_disp.o(.text) refers to thread_disp.o(.constdata) for os_thread_def_Thread_DISP
    thread_disp.o(.text) refers to thread_disp.o(.data) for tid_Thread_DISP
    thread_disp.o(.text) refers to interrupt_handling.o(.data) for interrupt3
    thread_disp.o(.text) refers to thread_disp.o(.bss) for parsed
    thread_disp.o(.text) refers to thread_adc.o(.data) for output
    thread_disp.o(.text) refers to main.o(.data) for temp_mutex_id
    thread_disp.o(.text) refers to thread_mems.o(.data) for roll
    thread_disp.o(.constdata) refers to thread_disp.o(.text) for Thread_DISP
    7seg_display.o(.text) refers to stm32f4xx_hal_gpio.o(.text) for HAL_GPIO_WritePin
    7seg_display.o(.text) refers to dmul.o(.text) for __aeabi_dmul
    7seg_display.o(.text) refers to dfixi.o(.text) for __aeabi_d2iz
    7seg_display.o(.text) refers to ddiv.o(.text) for __aeabi_ddiv
[...]
    .constdata                               0x0800bec0   Section      152  atan.o(.constdata)
    atanhi                                   0x0800bec0   Data          32  atan.o(.constdata)
    atanlo                                   0x0800bee0   Data          32  atan.o(.constdata)
    aTodd                                    0x0800bf00   Data          40  atan.o(.constdata)
    aTeven                                   0x0800bf28   Data          48  atan.o(.constdata)
    .constdata                               0x0800bf58   Section        8  qnan.o(.constdata)
    .data                                    0x20000000   Section        8  main.o(.data)
    .data                                    0x20000008   Section       16  thread_adc.o(.data)
    .data                                    0x20000018   Section       12  thread_disp.o(.data)
    .data                                    0x20000024   Section       36  interrupt_handling.o(.data)
    .data                                    0x20000048   Section       12  thread_mems.o(.data)
    .data                                    0x20000054   Section        4  lis3dsh.o(.data)
    .data                                    0x20000058   Section       32  rtx_conf_cm.o(.data)
    .data                                    0x20000078   Section        4  stm32f4xx_hal.o(.data)
    uwTick                                   0x20000078   Data           4  stm32f4xx_hal.o(.data)
    .data                                    0x2000007c   Section        4  system_stm32f4xx.o(.data)
    .data                                    0x20000080   Section        8  rt_cmsis.o(.data)
    .data                                    0x20000088   Section        4  rt_time.o(.data)
    .data                                    0x2000008c   Section        8  rt_task.o(.data)
    .data                                    0x20000094   Section        8  rt_system.o(.data)
    os_lock                                  0x20000094   Data           1  rt_system.o(.data)
    os_psh_flag                              0x20000095   Data           1  rt_system.o(.data)
    pend_flags                               0x20000096   Data           1  rt_system.o(.data)
    .data                                    0x2000009c   Section        1  hal_cm.o(.data)
    .data                                    0x200000a0   Section        8  rt_robin.o(.data)
    .data                                    0x200000a8   Section        4  stdout.o(.data)
    .data                                    0x200000ac   Section        4  errno.o(.data)
    _errno                                   0x200000ac   Data           4  errno.o(.data)
    .bss                                     0x200000b0   Section       32  main.o(.bss)
    .bss                                     0x200000d0   Section      108  thread_adc.o(.bss)
    .bss                                     0x2000013c   Section       40  thread_disp.o(.bss)
    .bss                                     0x20000168   Section      184  thread_mems.o(.bss)
    .bss                                     0x20000220   Section       88  lis3dsh.o(.bss)
    .bss                                     0x20000278   Section     6640  rtx_conf_cm.o(.bss)
    .bss                                     0x20001c68   Section       52  rt_task.o(.bss)
    .bss                                     0x20001c9c   Section       48  rt_list.o(.bss)
    STACK                                    0x20001cd0   Section     1024  startup_stm32f407xx.o(STACK)

    Global Symbols

    Symbol Name                              Value     Ov Type        Size  Object(Section)

    BuildAttributes$$THM_ISAv4$E$P$D$K$B$S$7EM$VFPi3$EXTD16$VFPS$VFMA$PE$A:L22UL41UL21$X:L11$S22US41US21$IEEE1$IW$USESV6$~STKCKD$USESV7$~SHL$OTIME$ROPI$IEEEX$EBA8$MICROLIB$REQ8$PRES8$EABIv2 0x00000000   Number         0  anon$$obj.o ABSOLUTE
    __ARM_use_no_argv                        0x00000000   Number         0  main.o ABSOLUTE
    __cpp_initialize__aeabi_                  - Undefined Weak Reference
    __cxa_finalize                            - Undefined Weak Reference
    __decompress                              - Undefined Weak Reference
    _clock_init                               - Undefined Weak Reference
    _microlib_exit                            - Undefined Weak Reference
    __Vectors_Size                           0x00000188   Number         0  startup_stm32f407xx.o ABSOLUTE
    __RL_RTX_VER                             0x00000480   Number         0  rt_system.o ABSOLUTE
    __Vectors                                0x08000000   Data           4  startup_stm32f407xx.o(RESET)
    __Vectors_End                            0x08000188   Data           0  startup_stm32f407xx.o(RESET)
    __main                                   0x08000189   Thumb Code     0  entry.o(.ARM.Collect$$$$00000000)
    _main_stk                                0x08000189   Thumb Code     0  entry2.o(.ARM.Collect$$$$00000001)
    _main_scatterload                        0x0800018d   Thumb Code     0  entry5.o(.ARM.Collect$$$$00000004)
    __main_after_scatterload                 0x08000191   Thumb Code     0  entry5.o(.ARM.Collect$$$$00000004)
    __rt_final_cpp                           0x08000191   Thumb Code     0  entry10a.o(.ARM.Collect$$$$0000000D)
    __rt_final_exit                          0x08000191   Thumb Code     0  entry11a.o(.ARM.Collect$$$$0000000F)
    _main_clock                              0x08000191   Thumb Code     0  entry7b.o(.ARM.Collect$$$$00000008)
    _main_cpp_init                           0x08000191   Thumb Code     0  entry8b.o(.ARM.Collect$$$$0000000A)
    _main_init                               0x08000191   Thumb Code    18  rtx_conf_cm.o(.ARM.Collect$$$$000000FF)
    rt_set_PSP                               0x080001ad   Thumb Code     6  hal_cm4.o(.emb_text)
    rt_get_PSP                               0x080001b3   Thumb Code     6  hal_cm4.o(.emb_text)
    os_set_env                               0x080001b9   Thumb Code    24  hal_cm4.o(.emb_text)
    _alloc_box                               0x080001d5   Thumb Code    28  hal_cm4.o(.emb_text)
    _free_box                                0x080001f5   Thumb Code    28  hal_cm4.o(.emb_text)
    SVC_Handler                              0x08000215   Thumb Code   168  hal_cm4.o(.emb_text)
    PendSV_Handler                           0x080002cd   Thumb Code    96  hal_cm4.o(.emb_text)
    SysTick_Handler                          0x08000331   Thumb Code     8  hal_cm4.o(.emb_text)
    OS_Tick_Handler                          0x08000339   Thumb Code    12  hal_cm4.o(.emb_text)
    HAL_GetTick                              0x08000345   Thumb Code     6  main.o(.text)
    main                                     0x0800034b   Thumb Code    74  main.o(.text)
    fputc                                    0x08000395   Thumb Code    52  main.o(.text)
    Error_Handler                            0x080003e1   Thumb Code    78  supporting_functions.o(.text)
    start_Thread_ADC                         0x08000561   Thumb Code    36  thread_adc.o(.text)
    Thread_ADC                               0x08000585   Thumb Code   224  thread_adc.o(.text)
    SystemClock_Config                       0x080006fd   Thumb Code   142  system_config.o(.text)
    ADC_Config                               0x0800078b   Thumb Code   150  system_config.o(.text)
    GPIO_Config                              0x08000821   Thumb Code   126  system_config.o(.text)
    MEMS_Config                              0x0800089f   Thumb Code    44  system_config.o(.text)
    MEMS_Config_IT                           0x080008cb   Thumb Code   108  system_config.o(.text)
    TIM3_Config                              0x08000937   Thumb Code   128  system_config.o(.text)
    Kalmanfilter_C                           0x08000a29   Thumb Code   316  kalman_filter.o(.text)
    Reset_ADC                                0x08000b65   Thumb Code    42  kalman_filter.o(.text)
    Reset_MEMS                               0x08000b8f   Thumb Code    42  kalman_filter.o(.text)
    start_Thread_DISP                        0x08000be9   Thumb Code    30  thread_disp.o(.text)
    Show                                     0x08000c07   Thumb Code   632  thread_disp.o(.text)
    Show_Negative                            0x08000e7f   Thumb Code   158  thread_disp.o(.text)
    Thread_DISP                              0x08000f1d   Thumb Code   836  thread_disp.o(.text)
    Display                                  0x08001285   Thumb Code  1492  7seg_display.o(.text)
    Parse_Temp                               0x08001859   Thumb Code   116  7seg_display.o(.text)
    Blink                                    0x080018cd   Thumb Code   134  7seg_display.o(.text)
    Parse_Mems                               0x08001953   Thumb Code   116  7seg_display.o(.text)
    EXTI0_IRQHandler                         0x080019dd   Thumb Code    10  interrupt_handling.o(.text)
    HAL_GPIO_EXTI_Callback                   0x080019e7   Thumb Code    36  interrupt_handling.o(.text)
    TIM3_IRQHandler                          0x08001a0b   Thumb Code    10  interrupt_handling.o(.text)
    HAL_TIM_PeriodElapsedCallback            0x08001a15   Thumb Code    86  interrupt_handling.o(.text)
    start_Thread_MEMS                        0x08001a95   Thumb Code    30  thread_mems.o(.text)
    Thread_MEMS                              0x08001ab3   Thumb Code   532  thread_mems.o(.text)
    Get_Column                               0x08001d3d   Thumb Code   314  keypad.o(.text)
    Get_Row                                  0x08001e77   Thumb Code   566  keypad.o(.text)
    SPI_ReceiveData                          0x080020bd   Thumb Code    10  lis3dsh.o(.text)
    LIS3DSH_TIMEOUT_UserCallback             0x080020c7   Thumb Code     4  lis3dsh.o(.text)
    SPI_SendData                             0x080020cb   Thumb Code     6  lis3dsh.o(.text)
    LIS3DSH_Write                            0x0800213d   Thumb Code    62  lis3dsh.o(.text)
    LIS3DSH_Init                             0x0800217b   Thumb Code   170  lis3dsh.o(.text)
    LIS3DSH_Read                             0x08002225   Thumb Code    70  lis3dsh.o(.text)
    LIS3DSH_DataReadyInterruptConfig         0x0800226b   Thumb Code    42  lis3dsh.o(.text)
    LIS3DSH_LowpowerCmd                      0x08002295   Thumb Code    40  lis3dsh.o(.text)
    LIS3DSH_DataRateCmd                      0x080022bd   Thumb Code    44  lis3dsh.o(.text)
    LIS3DSH_FullScaleCmd                     0x080022e9   Thumb Code    44  lis3dsh.o(.text)
    LIS3DSH_ReadACC                          0x08002315   Thumb Code   504  lis3dsh.o(.text)
    HAL_SPI_MspInit                          0x0800250d   Thumb Code   218  lis3dsh.o(.text)
    os_idle_demon                            0x080025f9   Thumb Code     4  rtx_conf_cm.o(.text)
    os_error                                 0x080025fd   Thumb Code    34  rtx_conf_cm.o(.text)
    HAL_MspInit                              0x08002621   Thumb Code    10  stm32f4xx_hal.o(.text)
    HAL_InitTick                             0x0800262b   Thumb Code    36  stm32f4xx_hal.o(.text)
    HAL_Init                                 0x0800264f   Thumb Code    54  stm32f4xx_hal.o(.text)
    HAL_MspDeInit                            0x08002685   Thumb Code    10  stm32f4xx_hal.o(.text)
    HAL_DeInit                               0x0800268f   Thumb Code    64  stm32f4xx_hal.o(.text)
    HAL_IncTick                              0x080026cf   Thumb Code    12  stm32f4xx_hal.o(.text)
    HAL_Delay                                0x080026e1   Thumb Code    26  stm32f4xx_hal.o(.text)
    HAL_SuspendTick                          0x080026fb   Thumb Code    18  stm32f4xx_hal.o(.text)
    HAL_ResumeTick                           0x0800270d   Thumb Code    18  stm32f4xx_hal.o(.text)
    HAL_GetHalVersion                        0x0800271f   Thumb Code     4  stm32f4xx_hal.o(.text)
    HAL_GetREVID                             0x08002723   Thumb Code     8  stm32f4xx_hal.o(.text)
    HAL_GetDEVID                             0x0800272b   Thumb Code    10  stm32f4xx_hal.o(.text)
    HAL_DBGMCU_EnableDBGSleepMode            0x08002735   Thumb Code    14  stm32f4xx_hal.o(.text)
    HAL_DBGMCU_DisableDBGSleepMode           0x08002743   Thumb Code    14  stm32f4xx_hal.o(.text)
    HAL_DBGMCU_EnableDBGStopMode             0x08002751   Thumb Code    14  stm32f4xx_hal.o(.text)
    HAL_DBGMCU_DisableDBGStopMode            0x0800275f   Thumb Code    14  stm32f4xx_hal.o(.text)
    HAL_DBGMCU_EnableDBGStandbyMode          0x0800276d   Thumb Code    14  stm32f4xx_hal.o(.text)
    HAL_DBGMCU_DisableDBGStandbyMode         0x0800277b   Thumb Code    14  stm32f4xx_hal.o(.text)
    HAL_EnableCompensationCell               0x08002789   Thumb Code    22  stm32f4xx_hal.o(.text)
    HAL_DisableCompensationCell              0x0800279f   Thumb Code    24  stm32f4xx_hal.o(.text)
    HAL_ADC_MspInit                          0x0800293b   Thumb Code     2  stm32f4xx_hal_adc.o(.text)
    HAL_ADC_Init                             0x0800293d   Thumb Code    74  stm32f4xx_hal_adc.o(.text)
    HAL_ADC_MspDeInit                        0x08002987   Thumb Code     2  stm32f4xx_hal_adc.o(.text)
    HAL_ADC_DeInit                           0x08002989   Thumb Code    34  stm32f4xx_hal_adc.o(.text)
    HAL_ADC_Start                            0x080029ab   Thumb Code   182  stm32f4xx_hal_adc.o(.text)
    HAL_ADC_Stop                             0x08002a61   Thumb Code    24  stm32f4xx_hal_adc.o(.text)
    HAL_ADC_PollForConversion                0x08002a79   Thumb Code   130  stm32f4xx_hal_adc.o(.text)
    HAL_ADC_PollForEvent                     0x08002afb   Thumb Code   104  stm32f4xx_hal_adc.o(.text)
    HAL_ADC_Start_IT                         0x08002b63   Thumb Code   232  stm32f4xx_hal_adc.o(.text)
    HAL_ADC_Stop_IT                          0x08002c4b   Thumb Code    48  stm32f4xx_hal_adc.o(.text)
    HAL_ADC_ErrorCallback                    0x08002c7b   Thumb Code     2  stm32f4xx_hal_adc.o(.text)
    HAL_ADC_LevelOutOfWindowCallback         0x08002c7d   Thumb Code     2  stm32f4xx_hal_adc.o(.text)
    HAL_ADC_ConvCpltCallback                 0x08002c7f   Thumb Code     2  stm32f4xx_hal_adc.o(.text)
    HAL_ADC_IRQHandler                       0x08002c81   Thumb Code   348  stm32f4xx_hal_adc.o(.text)
    HAL_ADC_ConvHalfCpltCallback             0x08002df9   Thumb Code     2  stm32f4xx_hal_adc.o(.text)
    HAL_ADC_Start_DMA                        0x08002e2d   Thumb Code   186  stm32f4xx_hal_adc.o(.text)
    HAL_ADC_Stop_DMA                         0x08002ee7   Thumb Code    56  stm32f4xx_hal_adc.o(.text)
    HAL_ADC_GetValue                         0x08002f1f   Thumb Code     8  stm32f4xx_hal_adc.o(.text)
    HAL_ADC_ConfigChannel                    0x08002f27   Thumb Code   416  stm32f4xx_hal_adc.o(.text)
    HAL_ADC_AnalogWDGConfig                  0x080030c7   Thumb Code   132  stm32f4xx_hal_adc.o(.text)
    HAL_ADC_GetState                         0x0800314b   Thumb Code     8  stm32f4xx_hal_adc.o(.text)
    HAL_ADC_GetError                         0x08003153   Thumb Code     6  stm32f4xx_hal_adc.o(.text)
    HAL_ADCEx_InjectedStart                  0x0800316d   Thumb Code   230  stm32f4xx_hal_adc_ex.o(.text)
    HAL_ADCEx_InjectedStart_IT               0x08003253   Thumb Code   258  stm32f4xx_hal_adc_ex.o(.text)
    HAL_ADCEx_InjectedStop                   0x08003355   Thumb Code    24  stm32f4xx_hal_adc_ex.o(.text)
    HAL_ADCEx_InjectedPollForConversion      0x0800336d   Thumb Code    90  stm32f4xx_hal_adc_ex.o(.text)
    HAL_ADCEx_InjectedStop_IT                0x080033c7   Thumb Code    48  stm32f4xx_hal_adc_ex.o(.text)
    HAL_ADCEx_InjectedGetValue               0x080033f7   Thumb Code    70  stm32f4xx_hal_adc_ex.o(.text)
    HAL_ADCEx_MultiModeStart_DMA             0x0800348b   Thumb Code   206  stm32f4xx_hal_adc_ex.o(.text)
    HAL_ADCEx_MultiModeStop_DMA              0x08003559   Thumb Code   116  stm32f4xx_hal_adc_ex.o(.text)
    HAL_ADCEx_MultiModeGetValue              0x080035cd   Thumb Code     8  stm32f4xx_hal_adc_ex.o(.text)
    HAL_ADCEx_InjectedConvCpltCallback       0x080035d5   Thumb Code     2  stm32f4xx_hal_adc_ex.o(.text)
    HAL_ADCEx_InjectedConfigChannel          0x080035d7   Thumb Code   552  stm32f4xx_hal_adc_ex.o(.text)
    HAL_ADCEx_MultiModeConfigChannel         0x080037ff   Thumb Code   130  stm32f4xx_hal_adc_ex.o(.text)
    HAL_NVIC_SetPriorityGrouping             0x080038ad   Thumb Code    36  stm32f4xx_hal_cortex.o(.text)
    HAL_NVIC_SetPriority                     0x080038d1   Thumb Code   124  stm32f4xx_hal_cortex.o(.text)
    HAL_NVIC_EnableIRQ                       0x0800394d   Thumb Code    26  stm32f4xx_hal_cortex.o(.text)
    HAL_NVIC_DisableIRQ                      0x08003967   Thumb Code    22  stm32f4xx_hal_cortex.o(.text)
    HAL_NVIC_SystemReset                     0x0800397d   Thumb Code    64  stm32f4xx_hal_cortex.o(.text)
    HAL_SYSTICK_Config                       0x080039bd   Thumb Code    52  stm32f4xx_hal_cortex.o(.text)
    HAL_MPU_ConfigRegion                     0x080039f1   Thumb Code    90  stm32f4xx_hal_cortex.o(.text)
    HAL_NVIC_GetPriorityGrouping             0x08003a4b   Thumb Code     8  stm32f4xx_hal_cortex.o(.text)
    HAL_NVIC_GetPriority                     0x08003a53   Thumb Code   138  stm32f4xx_hal_cortex.o(.text)
    HAL_NVIC_SetPendingIRQ                   0x08003add   Thumb Code    24  stm32f4xx_hal_cortex.o(.text)
    HAL_NVIC_GetPendingIRQ                   0x08003af5   Thumb Code    38  stm32f4xx_hal_cortex.o(.text)
    HAL_NVIC_ClearPendingIRQ                 0x08003b1b   Thumb Code    22  stm32f4xx_hal_cortex.o(.text)
    HAL_NVIC_GetActive                       0x08003b31   Thumb Code    38  stm32f4xx_hal_cortex.o(.text)
    HAL_SYSTICK_CLKSourceConfig              0x08003b57   Thumb Code    40  stm32f4xx_hal_cortex.o(.text)
    HAL_SYSTICK_Callback                     0x08003b7f   Thumb Code    10  stm32f4xx_hal_cortex.o(.text)
    HAL_SYSTICK_IRQHandler                   0x08003b89   Thumb Code     8  stm32f4xx_hal_cortex.o(.text)
    HAL_DMA_Init                             0x08003bdf   Thumb Code   128  stm32f4xx_hal_dma.o(.text)
    HAL_DMA_DeInit                           0x08003c5f   Thumb Code   100  stm32f4xx_hal_dma.o(.text)
    HAL_DMA_Start                            0x08003cef   Thumb Code    82  stm32f4xx_hal_dma.o(.text)
    HAL_DMA_Start_IT                         0x08003d41   Thumb Code   106  stm32f4xx_hal_dma.o(.text)
    HAL_DMA_Abort                            0x08003dab   Thumb Code    94  stm32f4xx_hal_dma.o(.text)
    HAL_DMA_PollForTransfer                  0x08003e09   Thumb Code   412  stm32f4xx_hal_dma.o(.text)
    HAL_DMA_IRQHandler                       0x08003fa5   Thumb Code   530  stm32f4xx_hal_dma.o(.text)
    HAL_DMA_GetState                         0x080041b7   Thumb Code     8  stm32f4xx_hal_dma.o(.text)
    HAL_DMA_GetError                         0x080041bf   Thumb Code     6  stm32f4xx_hal_dma.o(.text)
    HAL_GPIO_Init                            0x080041c9   Thumb Code   476  stm32f4xx_hal_gpio.o(.text)
    HAL_GPIO_DeInit                          0x080043a5   Thumb Code   326  stm32f4xx_hal_gpio.o(.text)
    HAL_GPIO_ReadPin                         0x080044eb   Thumb Code    16  stm32f4xx_hal_gpio.o(.text)
    HAL_GPIO_WritePin                        0x080044fb   Thumb Code    12  stm32f4xx_hal_gpio.o(.text)
    HAL_GPIO_TogglePin                       0x08004507   Thumb Code     8  stm32f4xx_hal_gpio.o(.text)
    HAL_GPIO_LockPin                         0x0800450f   Thumb Code    46  stm32f4xx_hal_gpio.o(.text)
    HAL_GPIO_EXTI_IRQHandler                 0x08004547   Thumb Code    28  stm32f4xx_hal_gpio.o(.text)
    HAL_RCC_OscConfig                        0x08004597   Thumb Code  1032  stm32f4xx_hal_rcc.o(.text)
    HAL_RCC_ClockConfig                      0x0800499f   Thumb Code   680  stm32f4xx_hal_rcc.o(.text)
    HAL_RCC_MCOConfig                        0x08004c47   Thumb Code   178  stm32f4xx_hal_rcc.o(.text)
    HAL_RCC_EnableCSS                        0x08004cf9   Thumb Code     8  stm32f4xx_hal_rcc.o(.text)
    HAL_RCC_DisableCSS                       0x08004d01   Thumb Code     8  stm32f4xx_hal_rcc.o(.text)
    HAL_RCC_GetSysClockFreq                  0x08004d09   Thumb Code   198  stm32f4xx_hal_rcc.o(.text)
    HAL_RCC_GetHCLKFreq                      0x08004dcf   Thumb Code    42  stm32f4xx_hal_rcc.o(.text)
    HAL_RCC_GetPCLK1Freq                     0x08004df9   Thumb Code    36  stm32f4xx_hal_rcc.o(.text)
    HAL_RCC_GetPCLK2Freq                     0x08004e1d   Thumb Code    36  stm32f4xx_hal_rcc.o(.text)
    HAL_RCC_GetOscConfig                     0x08004e41   Thumb Code   296  stm32f4xx_hal_rcc.o(.text)
    HAL_RCC_GetClockConfig                   0x08004f69   Thumb Code    58  stm32f4xx_hal_rcc.o(.text)
    HAL_RCC_CSSCallback                      0x08004fa3   Thumb Code    10  stm32f4xx_hal_rcc.o(.text)
    HAL_RCC_NMI_IRQHandler                   0x08004fad   Thumb Code    30  stm32f4xx_hal_rcc.o(.text)
    HAL_SPI_Init                             0x08004fe3   Thumb Code   136  stm32f4xx_hal_spi.o(.text)
    HAL_SPI_MspDeInit                        0x0800506b   Thumb Code     2  stm32f4xx_hal_spi.o(.text)
    HAL_SPI_DeInit                           0x0800506d   Thumb Code    48  stm32f4xx_hal_spi.o(.text)
    HAL_SPI_Transmit                         0x080051b1   Thumb Code   450  stm32f4xx_hal_spi.o(.text)
    HAL_SPI_TransmitReceive                  0x08005373   Thumb Code   850  stm32f4xx_hal_spi.o(.text)
    HAL_SPI_Receive                          0x080056c5   Thumb Code   572  stm32f4xx_hal_spi.o(.text)
    HAL_SPI_ErrorCallback                    0x08005901   Thumb Code     2  stm32f4xx_hal_spi.o(.text)
    HAL_SPI_TxCpltCallback                   0x08005903   Thumb Code     2  stm32f4xx_hal_spi.o(.text)
    HAL_SPI_TxRxCpltCallback                 0x08005905   Thumb Code     2  stm32f4xx_hal_spi.o(.text)
    HAL_SPI_Transmit_IT                      0x080059f5   Thumb Code   198  stm32f4xx_hal_spi.o(.text)
    HAL_SPI_RxCpltCallback                   0x08005abb   Thumb Code     2  stm32f4xx_hal_spi.o(.text)
    HAL_SPI_TransmitReceive_IT               0x08005be3   Thumb Code   192  stm32f4xx_hal_spi.o(.text)
    HAL_SPI_Receive_IT                       0x08005cf5   Thumb Code   222  stm32f4xx_hal_spi.o(.text)
    HAL_SPI_TxHalfCpltCallback               0x08005e83   Thumb Code     2  stm32f4xx_hal_spi.o(.text)
    HAL_SPI_Transmit_DMA                     0x08005e93   Thumb Code   218  stm32f4xx_hal_spi.o(.text)
    HAL_SPI_RxHalfCpltCallback               0x080060e5   Thumb Code     2  stm32f4xx_hal_spi.o(.text)
    HAL_SPI_TxRxHalfCpltCallback             0x0800612d   Thumb Code     2  stm32f4xx_hal_spi.o(.text)
    HAL_SPI_TransmitReceive_DMA              0x0800613d   Thumb Code   324  stm32f4xx_hal_spi.o(.text)
    HAL_SPI_Receive_DMA                      0x08006281   Thumb Code   288  stm32f4xx_hal_spi.o(.text)
    HAL_SPI_DMAPause                         0x080063a1   Thumb Code    62  stm32f4xx_hal_spi.o(.text)
    HAL_SPI_DMAResume                        0x080063df   Thumb Code    62  stm32f4xx_hal_spi.o(.text)
    HAL_SPI_DMAStop                          0x0800641d   Thumb Code    58  stm32f4xx_hal_spi.o(.text)
    HAL_SPI_IRQHandler                       0x08006457   Thumb Code   262  stm32f4xx_hal_spi.o(.text)
    HAL_SPI_GetState                         0x0800655d   Thumb Code     8  stm32f4xx_hal_spi.o(.text)
    HAL_SPI_GetError                         0x08006565   Thumb Code     6  stm32f4xx_hal_spi.o(.text)
    TIM_Base_SetConfig                       0x08006579   Thumb Code   184  stm32f4xx_hal_tim.o(.text)
    HAL_TIM_Base_MspInit                     0x08006631   Thumb Code     2  stm32f4xx_hal_tim.o(.text)
    HAL_TIM_Base_Init                        0x08006633   Thumb Code    52  stm32f4xx_hal_tim.o(.text)
    HAL_TIM_Base_MspDeInit                   0x08006667   Thumb Code     2  stm32f4xx_hal_tim.o(.text)
    HAL_TIM_Base_DeInit                      0x08006669   Thumb Code    70  stm32f4xx_hal_tim.o(.text)
    HAL_TIM_Base_Start                       0x080066af   Thumb Code    30  stm32f4xx_hal_tim.o(.text)
    HAL_TIM_Base_Stop                        0x080066cd   Thumb Code    56  stm32f4xx_hal_tim.o(.text)
    HAL_TIM_Base_Start_IT                    0x08006705   Thumb Code    30  stm32f4xx_hal_tim.o(.text)
    HAL_TIM_Base_Stop_IT                     0x08006723   Thumb Code    56  stm32f4xx_hal_tim.o(.text)
    HAL_TIM_ErrorCallback                    0x0800675b   Thumb Code     2  stm32f4xx_hal_tim.o(.text)
    TIM_DMAError                             0x0800675d   Thumb Code    20  stm32f4xx_hal_tim.o(.text)
    HAL_TIM_Base_Start_DMA                   0x08006787   Thumb Code    98  stm32f4xx_hal_tim.o(.text)
    HAL_TIM_Base_Stop_DMA                    0x080067e9   Thumb Code    62  stm32f4xx_hal_tim.o(.text)
    HAL_TIM_OC_MspInit                       0x08006827   Thumb Code     2  stm32f4xx_hal_tim.o(.text)
    HAL_TIM_OC_Init                          0x08006829   Thumb Code    52  stm32f4xx_hal_tim.o(.text)
    HAL_TIM_OC_MspDeInit                     0x0800685d   Thumb Code     2  stm32f4xx_hal_tim.o(.text)
    HAL_TIM_OC_DeInit                        0x0800685f   Thumb Code    70  stm32f4xx_hal_tim.o(.text)
    TIM_CCxChannelCmd                        0x080068a5   Thumb Code    28  stm32f4xx_hal_tim.o(.text)
    HAL_TIM_OC_Start                         0x080068c1   Thumb Code    68  stm32f4xx_hal_tim.o(.text)
    HAL_TIM_OC_Stop                          0x08006905   Thumb Code   170  stm32f4xx_hal_tim.o(.text)
    HAL_TIM_OC_Start_IT                      0x080069af   Thumb Code   144  stm32f4xx_hal_tim.o(.text)
    HAL_TIM_OC_Stop_IT                       0x08006a3f   Thumb Code   196  stm32f4xx_hal_tim.o(.text)
    HAL_TIM_PWM_PulseFinishedCallback        0x08006b03   Thumb Code     2  stm32f4xx_hal_tim.o(.text)
    TIM_DMADelayPulseCplt                    0x08006b05   Thumb Code    70  stm32f4xx_hal_tim.o(.text)
    HAL_TIM_OC_Start_DMA                     0x08006b4b   Thumb Code   312  stm32f4xx_hal_tim.o(.text)
    HAL_TIM_OC_Stop_DMA                      0x08006c83   Thumb Code   202  stm32f4xx_hal_tim.o(.text)
    HAL_TIM_PWM_MspInit                      0x08006d4d   Thumb Code     2  stm32f4xx_hal_tim.o(.text)
    HAL_TIM_PWM_Init                         0x08006d4f   Thumb Code    52  stm32f4xx_hal_tim.o(.text)
    HAL_TIM_PWM_MspDeInit                    0x08006d83   Thumb Code     2  stm32f4xx_hal_tim.o(.text)
    HAL_TIM_PWM_DeInit                       0x08006d85   Thumb Code    70  stm32f4xx_hal_tim.o(.text)
    HAL_TIM_PWM_Start                        0x08006dcb   Thumb Code    78  stm32f4xx_hal_tim.o(.text)
    HAL_TIM_PWM_Stop                         0x08006e19   Thumb Code   126  stm32f4xx_hal_tim.o(.text)
    HAL_TIM_PWM_Start_IT                     0x08006e97   Thumb Code   144  stm32f4xx_hal_tim.o(.text)
    HAL_TIM_PWM_Stop_IT                      0x08006f27   Thumb Code   196  stm32f4xx_hal_tim.o(.text)
    HAL_TIM_PWM_Start_DMA                    0x08006feb   Thumb Code   312  stm32f4xx_hal_tim.o(.text)
    HAL_TIM_PWM_Stop_DMA                     0x08007123   Thumb Code   202  stm32f4xx_hal_tim.o(.text)
    HAL_TIM_IC_MspInit                       0x080071ed   Thumb Code     2  stm32f4xx_hal_tim.o(.text)
    HAL_TIM_IC_Init                          0x080071ef   Thumb Code    62  stm32f4xx_hal_tim.o(.text)
    HAL_TIM_IC_MspDeInit                     0x0800722d   Thumb Code     2  stm32f4xx_hal_tim.o(.text)
    HAL_TIM_IC_DeInit                        0x0800722f   Thumb Code    70  stm32f4xx_hal_tim.o(.text)
    HAL_TIM_IC_Start                         0x08007275   Thumb Code    32  stm32f4xx_hal_tim.o(.text)
    HAL_TIM_IC_Stop                          0x08007295   Thumb Code    58  stm32f4xx_hal_tim.o(.text)
    HAL_TIM_IC_Start_IT                      0x080072cf   Thumb Code   108  stm32f4xx_hal_tim.o(.text)
    HAL_TIM_IC_Stop_IT                       0x0800733b   Thumb Code   134  stm32f4xx_hal_tim.o(.text)
    HAL_TIM_IC_CaptureCallback               0x080073c1   Thumb Code     2  stm32f4xx_hal_tim.o(.text)
    TIM_DMACaptureCplt                       0x080073c3   Thumb Code    70  stm32f4xx_hal_tim.o(.text)
    HAL_TIM_IC_Start_DMA                     0x08007409   Thumb Code   276  stm32f4xx_hal_tim.o(.text)
    HAL_TIM_IC_Stop_DMA                      0x0800751d   Thumb Code   140  stm32f4xx_hal_tim.o(.text)
    HAL_TIM_OnePulse_MspInit                 0x080075a9   Thumb Code     2  stm32f4xx_hal_tim.o(.text)
    HAL_TIM_OnePulse_Init                    0x080075ab   Thumb Code    76  stm32f4xx_hal_tim.o(.text)
    HAL_TIM_OnePulse_MspDeInit               0x080075f7   Thumb Code     2  stm32f4xx_hal_tim.o(.text)
    HAL_TIM_OnePulse_DeInit                  0x080075f9   Thumb Code    70  stm32f4xx_hal_tim.o(.text)
    HAL_TIM_OnePulse_Start                   0x0800763f   Thumb Code    66  stm32f4xx_hal_tim.o(.text)
    HAL_TIM_OnePulse_Stop                    0x08007681   Thumb Code   130  stm32f4xx_hal_tim.o(.text)
    HAL_TIM_OnePulse_Start_IT                0x08007703   Thumb Code    90  stm32f4xx_hal_tim.o(.text)
    HAL_TIM_OnePulse_Stop_IT                 0x0800775d   Thumb Code   154  stm32f4xx_hal_tim.o(.text)
    HAL_TIM_Encoder_MspInit                  0x080077f7   Thumb Code     2  stm32f4xx_hal_tim.o(.text)
    HAL_TIM_Encoder_Init                     0x080077f9   Thumb Code   180  stm32f4xx_hal_tim.o(.text)
    HAL_TIM_Encoder_MspDeInit                0x080078ad   Thumb Code     2  stm32f4xx_hal_tim.o(.text)
    HAL_TIM_Encoder_DeInit                   0x080078af   Thumb Code    70  stm32f4xx_hal_tim.o(.text)
    HAL_TIM_Encoder_Start                    0x080078f5   Thumb Code    78  stm32f4xx_hal_tim.o(.text)
    HAL_TIM_Encoder_Stop                     0x08007943   Thumb Code   104  stm32f4xx_hal_tim.o(.text)
    HAL_TIM_Encoder_Start_IT                 0x080079ab   Thumb Code   126  stm32f4xx_hal_tim.o(.text)
    HAL_TIM_Encoder_Stop_IT                  0x08007a29   Thumb Code   160  stm32f4xx_hal_tim.o(.text)
    HAL_TIM_Encoder_Start_DMA                0x08007ac9   Thumb Code   328  stm32f4xx_hal_tim.o(.text)
    HAL_TIM_Encoder_Stop_DMA                 0x08007c11   Thumb Code   152  stm32f4xx_hal_tim.o(.text)
    HAL_TIM_TriggerCallback                  0x08007ca9   Thumb Code     2  stm32f4xx_hal_tim.o(.text)
    HAL_TIM_OC_DelayElapsedCallback          0x08007cab   Thumb Code     2  stm32f4xx_hal_tim.o(.text)
    HAL_TIM_IRQHandler                       0x08007cad   Thumb Code   406  stm32f4xx_hal_tim.o(.text)
    TIM_OC2_SetConfig                        0x08007f15   Thumb Code   112  stm32f4xx_hal_tim.o(.text)
    HAL_TIM_OC_ConfigChannel                 0x08007feb   Thumb Code   116  stm32f4xx_hal_tim.o(.text)
    TIM_TI1_SetConfig                        0x08008119   Thumb Code   122  stm32f4xx_hal_tim.o(.text)
    HAL_TIM_IC_ConfigChannel                 0x08008193   Thumb Code   224  stm32f4xx_hal_tim.o(.text)
    HAL_TIM_PWM_ConfigChannel                0x08008273   Thumb Code   294  stm32f4xx_hal_tim.o(.text)
    HAL_TIM_OnePulse_ConfigChannel           0x08008399   Thumb Code   286  stm32f4xx_hal_tim.o(.text)
    HAL_TIM_DMABurst_WriteStart              0x080084cb   Thumb Code   366  stm32f4xx_hal_tim.o(.text)
    HAL_TIM_DMABurst_WriteStop               0x08008639   Thumb Code   128  stm32f4xx_hal_tim.o(.text)
    HAL_TIM_DMABurst_ReadStart               0x080086b9   Thumb Code   366  stm32f4xx_hal_tim.o(.text)
    HAL_TIM_DMABurst_ReadStop                0x08008827   Thumb Code   128  stm32f4xx_hal_tim.o(.text)
    HAL_TIM_GenerateEvent                    0x080088a7   Thumb Code    54  stm32f4xx_hal_tim.o(.text)
    HAL_TIM_ConfigOCrefClear                 0x080088f5   Thumb Code   252  stm32f4xx_hal_tim.o(.text)
    HAL_TIM_ConfigClockSource                0x08008a5b   Thumb Code   306  stm32f4xx_hal_tim.o(.text)
    HAL_TIM_ConfigTI1Input                   0x08008b8d   Thumb Code    24  stm32f4xx_hal_tim.o(.text)
    HAL_TIM_SlaveConfigSynchronization       0x08008c49   Thumb Code    86  stm32f4xx_hal_tim.o(.text)
    HAL_TIM_SlaveConfigSynchronization_IT    0x08008c9f   Thumb Code    86  stm32f4xx_hal_tim.o(.text)
    HAL_TIM_ReadCapturedValue                0x08008cf5   Thumb Code    84  stm32f4xx_hal_tim.o(.text)
    HAL_TIM_Base_GetState                    0x08008d49   Thumb Code     8  stm32f4xx_hal_tim.o(.text)
    HAL_TIM_OC_GetState                      0x08008d51   Thumb Code     8  stm32f4xx_hal_tim.o(.text)
    HAL_TIM_PWM_GetState                     0x08008d59   Thumb Code     8  stm32f4xx_hal_tim.o(.text)
    HAL_TIM_IC_GetState                      0x08008d61   Thumb Code     8  stm32f4xx_hal_tim.o(.text)
    HAL_TIM_OnePulse_GetState                0x08008d69   Thumb Code     8  stm32f4xx_hal_tim.o(.text)
    HAL_TIM_Encoder_GetState                 0x08008d71   Thumb Code     8  stm32f4xx_hal_tim.o(.text)
    HAL_TIMEx_HallSensor_MspInit             0x08008d79   Thumb Code     2  stm32f4xx_hal_tim_ex.o(.text)
    HAL_TIMEx_HallSensor_Init                0x08008d7b   Thumb Code   196  stm32f4xx_hal_tim_ex.o(.text)
    HAL_TIMEx_HallSensor_MspDeInit           0x08008e3f   Thumb Code     2  stm32f4xx_hal_tim_ex.o(.text)
    HAL_TIMEx_HallSensor_DeInit              0x08008e41   Thumb Code    70  stm32f4xx_hal_tim_ex.o(.text)
    HAL_TIMEx_HallSensor_Start               0x08008e87   Thumb Code    30  stm32f4xx_hal_tim_ex.o(.text)
    HAL_TIMEx_HallSensor_Stop                0x08008ea5   Thumb Code    56  stm32f4xx_hal_tim_ex.o(.text)
    HAL_TIMEx_HallSensor_Start_IT            0x08008edd   Thumb Code    42  stm32f4xx_hal_tim_ex.o(.text)
    HAL_TIMEx_HallSensor_Stop_IT             0x08008f07   Thumb Code    68  stm32f4xx_hal_tim_ex.o(.text)
    HAL_TIMEx_HallSensor_Start_DMA           0x08008f4b   Thumb Code   106  stm32f4xx_hal_tim_ex.o(.text)
    HAL_TIMEx_HallSensor_Stop_DMA            0x08008fb5   Thumb Code    68  stm32f4xx_hal_tim_ex.o(.text)
    HAL_TIMEx_OCN_Start                      0x08009015   Thumb Code    44  stm32f4xx_hal_tim_ex.o(.text)
    HAL_TIMEx_OCN_Stop                       0x08009041   Thumb Code    96  stm32f4xx_hal_tim_ex.o(.text)
    HAL_TIMEx_OCN_Start_IT                   0x080090a1   Thumb Code   132  stm32f4xx_hal_tim_ex.o(.text)
    HAL_TIMEx_OCN_Stop_IT                    0x08009125   Thumb Code   196  stm32f4xx_hal_tim_ex.o(.text)
    HAL_TIMEx_OCN_Start_DMA                  0x080091e9   Thumb Code   272  stm32f4xx_hal_tim_ex.o(.text)
    HAL_TIMEx_OCN_Stop_DMA                   0x080092f9   Thumb Code   192  stm32f4xx_hal_tim_ex.o(.text)
    HAL_TIMEx_PWMN_Start                     0x080093b9   Thumb Code    44  stm32f4xx_hal_tim_ex.o(.text)
    HAL_TIMEx_PWMN_Stop                      0x080093e5   Thumb Code    96  stm32f4xx_hal_tim_ex.o(.text)
    HAL_TIMEx_PWMN_Start_IT                  0x08009445   Thumb Code   132  stm32f4xx_hal_tim_ex.o(.text)
    HAL_TIMEx_PWMN_Stop_IT                   0x080094c9   Thumb Code   196  stm32f4xx_hal_tim_ex.o(.text)
    HAL_TIMEx_PWMN_Start_DMA                 0x0800958d   Thumb Code   272  stm32f4xx_hal_tim_ex.o(.text)
    HAL_TIMEx_PWMN_Stop_DMA                  0x0800969d   Thumb Code   178  stm32f4xx_hal_tim_ex.o(.text)
    HAL_TIMEx_OnePulseN_Start                0x0800974f   Thumb Code    32  stm32f4xx_hal_tim_ex.o(.text)
    HAL_TIMEx_OnePulseN_Stop                 0x0800976f   Thumb Code    96  stm32f4xx_hal_tim_ex.o(.text)
    HAL_TIMEx_OnePulseN_Start_IT             0x080097cf   Thumb Code    56  stm32f4xx_hal_tim_ex.o(.text)
    HAL_TIMEx_OnePulseN_Stop_IT              0x08009807   Thumb Code   120  stm32f4xx_hal_tim_ex.o(.text)
    HAL_TIMEx_ConfigCommutationEvent         0x0800987f   Thumb Code   110  stm32f4xx_hal_tim_ex.o(.text)
    HAL_TIMEx_ConfigCommutationEvent_IT      0x080098ed   Thumb Code   122  stm32f4xx_hal_tim_ex.o(.text)
    HAL_TIMEx_CommutationCallback            0x08009967   Thumb Code     2  stm32f4xx_hal_tim_ex.o(.text)
    TIMEx_DMACommutationCplt                 0x08009969   Thumb Code    20  stm32f4xx_hal_tim_ex.o(.text)
    HAL_TIMEx_ConfigCommutationEvent_DMA     0x0800997d   Thumb Code   146  stm32f4xx_hal_tim_ex.o(.text)
    HAL_TIMEx_MasterConfigSynchronization    0x08009a0f   Thumb Code    98  stm32f4xx_hal_tim_ex.o(.text)
    HAL_TIMEx_ConfigBreakDeadTime            0x08009a71   Thumb Code    80  stm32f4xx_hal_tim_ex.o(.text)
    HAL_TIMEx_RemapConfig                    0x08009ac1   Thumb Code    48  stm32f4xx_hal_tim_ex.o(.text)
    HAL_TIMEx_BreakCallback                  0x08009af1   Thumb Code     2  stm32f4xx_hal_tim_ex.o(.text)
    HAL_TIMEx_HallSensor_GetState            0x08009af3   Thumb Code     8  stm32f4xx_hal_tim_ex.o(.text)
    Reset_Handler                            0x08009b01   Thumb Code     8  startup_stm32f407xx.o(.text)
    NMI_Handler                              0x08009b09   Thumb Code     2  startup_stm32f407xx.o(.text)
    HardFault_Handler                        0x08009b0b   Thumb Code     2  startup_stm32f407xx.o(.text)
    MemManage_Handler                        0x08009b0d   Thumb Code     2  startup_stm32f407xx.o(.text)
    BusFault_Handler                         0x08009b0f   Thumb Code     2  startup_stm32f407xx.o(.text)
    UsageFault_Handler                       0x08009b11   Thumb Code     2  startup_stm32f407xx.o(.text)
    DebugMon_Handler                         0x08009b15   Thumb Code     2  startup_stm32f407xx.o(.text)
    ADC_IRQHandler                           0x08009b1b   Thumb Code     0  startup_stm32f407xx.o(.text)
    CAN1_RX0_IRQHandler                      0x08009b1b   Thumb Code     0  startup_stm32f407xx.o(.text)
    CAN1_RX1_IRQHandler                      0x08009b1b   Thumb Code     0  startup_stm32f407xx.o(.text)
    CAN1_SCE_IRQHandler                      0x08009b1b   Thumb Code     0  startup_stm32f407xx.o(.text)
    CAN1_TX_IRQHandler                       0x08009b1b   Thumb Code     0  startup_stm32f407xx.o(.text)
    CAN2_RX0_IRQHandler                      0x08009b1b   Thumb Code     0  startup_stm32f407xx.o(.text)
    CAN2_RX1_IRQHandler                      0x08009b1b   Thumb Code     0  startup_stm32f407xx.o(.text)
    CAN2_SCE_IRQHandler                      0x08009b1b   Thumb Code     0  startup_stm32f407xx.o(.text)
    CAN2_TX_IRQHandler                       0x08009b1b   Thumb Code     0  startup_stm32f407xx.o(.text)
    DCMI_IRQHandler                          0x08009b1b   Thumb Code     0  startup_stm32f407xx.o(.text)
    DMA1_Stream0_IRQHandler                  0x08009b1b   Thumb Code     0  startup_stm32f407xx.o(.text)
    DMA1_Stream1_IRQHandler                  0x08009b1b   Thumb Code     0  startup_stm32f407xx.o(.text)
    DMA1_Stream2_IRQHandler                  0x08009b1b   Thumb Code     0  startup_stm32f407xx.o(.text)
    DMA1_Stream3_IRQHandler                  0x08009b1b   Thumb Code     0  startup_stm32f407xx.o(.text)
    DMA1_Stream4_IRQHandler                  0x08009b1b   Thumb Code     0  startup_stm32f407xx.o(.text)
    DMA1_Stream5_IRQHandler                  0x08009b1b   Thumb Code     0  startup_stm32f407xx.o(.text)
    DMA1_Stream6_IRQHandler                  0x08009b1b   Thumb Code     0  startup_stm32f407xx.o(.text)
    DMA1_Stream7_IRQHandler                  0x08009b1b   Thumb Code     0  startup_stm32f407xx.o(.text)
    DMA2_Stream0_IRQHandler                  0x08009b1b   Thumb Code     0  startup_stm32f407xx.o(.text)
    DMA2_Stream1_IRQHandler                  0x08009b1b   Thumb Code     0  startup_stm32f407xx.o(.text)
    DMA2_Stream2_IRQHandler                  0x08009b1b   Thumb Code     0  startup_stm32f407xx.o(.text)
    DMA2_Stream3_IRQHandler                  0x08009b1b   Thumb Code     0  startup_stm32f407xx.o(.text)
    DMA2_Stream4_IRQHandler                  0x08009b1b   Thumb Code     0  startup_stm32f407xx.o(.text)
    DMA2_Stream5_IRQHandler                  0x08009b1b   Thumb Code     0  startup_stm32f407xx.o(.text)
    DMA2_Stream6_IRQHandler                  0x08009b1b   Thumb Code     0  startup_stm32f407xx.o(.text)
    DMA2_Stream7_IRQHandler                  0x08009b1b   Thumb Code     0  startup_stm32f407xx.o(.text)
    ETH_IRQHandler                           0x08009b1b   Thumb Code     0  startup_stm32f407xx.o(.text)
    ETH_WKUP_IRQHandler                      0x08009b1b   Thumb Code     0  startup_stm32f407xx.o(.text)
    EXTI15_10_IRQHandler                     0x08009b1b   Thumb Code     0  startup_stm32f407xx.o(.text)
    EXTI1_IRQHandler                         0x08009b1b   Thumb Code     0  startup_stm32f407xx.o(.text)
    EXTI2_IRQHandler                         0x08009b1b   Thumb Code     0  startup_stm32f407xx.o(.text)
    EXTI3_IRQHandler                         0x08009b1b   Thumb Code     0  startup_stm32f407xx.o(.text)
    EXTI4_IRQHandler                         0x08009b1b   Thumb Code     0  startup_stm32f407xx.o(.text)
    EXTI9_5_IRQHandler                       0x08009b1b   Thumb Code     0  startup_stm32f407xx.o(.text)
    FLASH_IRQHandler                         0x08009b1b   Thumb Code     0  startup_stm32f407xx.o(.text)
    FMC_IRQHandler                           0x08009b1b   Thumb Code     0  startup_stm32f407xx.o(.text)
    FPU_IRQHandler                           0x08009b1b   Thumb Code     0  startup_stm32f407xx.o(.text)
    HASH_RNG_IRQHandler                      0x08009b1b   Thumb Code     0  startup_stm32f407xx.o(.text)
    I2C1_ER_IRQHandler                       0x08009b1b   Thumb Code     0  startup_stm32f407xx.o(.text)
    I2C1_EV_IRQHandler                       0x08009b1b   Thumb Code     0  startup_stm32f407xx.o(.text)
    I2C2_ER_IRQHandler                       0x08009b1b   Thumb Code     0  startup_stm32f407xx.o(.text)
    I2C2_EV_IRQHandler                       0x08009b1b   Thumb Code     0  startup_stm32f407xx.o(.text)
    I2C3_ER_IRQHandler                       0x08009b1b   Thumb Code     0  startup_stm32f407xx.o(.text)
    I2C3_EV_IRQHandler                       0x08009b1b   Thumb Code     0  startup_stm32f407xx.o(.text)
    OTG_FS_IRQHandler                        0x08009b1b   Thumb Code     0  startup_stm32f407xx.o(.text)
    OTG_FS_WKUP_IRQHandler                   0x08009b1b   Thumb Code     0  startup_stm32f407xx.o(.text)
    OTG_HS_EP1_IN_IRQHandler                 0x08009b1b   Thumb Code     0  startup_stm32f407xx.o(.text)
    OTG_HS_EP1_OUT_IRQHandler                0x08009b1b   Thumb Code     0  startup_stm32f407xx.o(.text)
    OTG_HS_IRQHandler                        0x08009b1b   Thumb Code     0  startup_stm32f407xx.o(.text)
    OTG_HS_WKUP_IRQHandler                   0x08009b1b   Thumb Code     0  startup_stm32f407xx.o(.text)
    PVD_IRQHandler                           0x08009b1b   Thumb Code     0  startup_stm32f407xx.o(.text)
    RCC_IRQHandler                           0x08009b1b   Thumb Code     0  startup_stm32f407xx.o(.text)
    RTC_Alarm_IRQHandler                     0x08009b1b   Thumb Code     0  startup_stm32f407xx.o(.text)
    RTC_WKUP_IRQHandler                      0x08009b1b   Thumb Code     0  startup_stm32f407xx.o(.text)
    SDIO_IRQHandler                          0x08009b1b   Thumb Code     0  startup_stm32f407xx.o(.text)
    SPI1_IRQHandler                          0x08009b1b   Thumb Code     0  startup_stm32f407xx.o(.text)
    SPI2_IRQHandler                          0x08009b1b   Thumb Code     0  startup_stm32f407xx.o(.text)
    SPI3_IRQHandler                          0x08009b1b   Thumb Code     0  startup_stm32f407xx.o(.text)
    TAMP_STAMP_IRQHandler                    0x08009b1b   Thumb Code     0  startup_stm32f407xx.o(.text)
    TIM1_BRK_TIM9_IRQHandler                 0x08009b1b   Thumb Code     0  startup_stm32f407xx.o(.text)
    TIM1_CC_IRQHandler                       0x08009b1b   Thumb Code     0  startup_stm32f407xx.o(.text)
    TIM1_TRG_COM_TIM11_IRQHandler            0x08009b1b   Thumb Code     0  startup_stm32f407xx.o(.text)
    TIM1_UP_TIM10_IRQHandler                 0x08009b1b   Thumb Code     0  startup_stm32f407xx.o(.text)
    TIM2_IRQHandler                          0x08009b1b   Thumb Code     0  startup_stm32f407xx.o(.text)
    TIM4_IRQHandler                          0x08009b1b   Thumb Code     0  startup_stm32f407xx.o(.text)
    TIM5_IRQHandler                          0x08009b1b   Thumb Code     0  startup_stm32f407xx.o(.text)
    TIM6_DAC_IRQHandler                      0x08009b1b   Thumb Code     0  startup_stm32f407xx.o(.text)
    TIM7_IRQHandler                          0x08009b1b   Thumb Code     0  startup_stm32f407xx.o(.text)
    TIM8_BRK_TIM12_IRQHandler                0x08009b1b   Thumb Code     0  startup_stm32f407xx.o(.text)
    TIM8_CC_IRQHandler                       0x08009b1b   Thumb Code     0  startup_stm32f407xx.o(.text)
    TIM8_TRG_COM_TIM14_IRQHandler            0x08009b1b   Thumb Code     0  startup_stm32f407xx.o(.text)
    TIM8_UP_TIM13_IRQHandler                 0x08009b1b   Thumb Code     0  startup_stm32f407xx.o(.text)
    UART4_IRQHandler                         0x08009b1b   Thumb Code     0  startup_stm32f407xx.o(.text)
    UART5_IRQHandler                         0x08009b1b   Thumb Code     0  startup_stm32f407xx.o(.text)
    USART1_IRQHandler                        0x08009b1b   Thumb Code     0  startup_stm32f407xx.o(.text)
    USART2_IRQHandler                        0x08009b1b   Thumb Code     0  startup_stm32f407xx.o(.text)
    USART3_IRQHandler                        0x08009b1b   Thumb Code     0  startup_stm32f407xx.o(.text)
    USART6_IRQHandler                        0x08009b1b   Thumb Code     0  startup_stm32f407xx.o(.text)
    WWDG_IRQHandler                          0x08009b1b   Thumb Code     0  startup_stm32f407xx.o(.text)
    SystemInit                               0x08009b25   Thumb Code    82  system_stm32f4xx.o(.text)
    SystemCoreClockUpdate                    0x08009b77   Thumb Code   174  system_stm32f4xx.o(.text)
    __aeabi_memcpy                           0x08009c45   Thumb Code    36  memcpya.o(.text)
    __aeabi_memcpy4                          0x08009c45   Thumb Code     0  memcpya.o(.text)
    __aeabi_memcpy8                          0x08009c45   Thumb Code     0  memcpya.o(.text)
    __aeabi_dadd                             0x08009c69   Thumb Code   322  dadd.o(.text)
    __aeabi_dsub                             0x08009dab   Thumb Code     6  dadd.o(.text)
    __aeabi_drsub                            0x08009db1   Thumb Code     6  dadd.o(.text)
    __aeabi_dmul                             0x08009db7   Thumb Code   228  dmul.o(.text)
    __aeabi_ddiv                             0x08009e9b   Thumb Code   222  ddiv.o(.text)
    __aeabi_ui2d                             0x08009f79   Thumb Code    26  dfltui.o(.text)
    __aeabi_d2iz                             0x08009f93   Thumb Code    62  dfixi.o(.text)
    __aeabi_f2d                              0x08009fd1   Thumb Code    38  f2d.o(.text)
    __aeabi_cdcmpeq                          0x08009ff9   Thumb Code     0  cdcmple.o(.text)
    __aeabi_cdcmple                          0x08009ff9   Thumb Code    48  cdcmple.o(.text)
    __aeabi_cdrcmple                         0x0800a029   Thumb Code    48  cdrcmple.o(.text)
    __aeabi_d2f                              0x0800a059   Thumb Code    56  d2f.o(.text)
    __aeabi_llsl                             0x0800a091   Thumb Code    30  llshl.o(.text)
    _ll_shift_l                              0x0800a091   Thumb Code     0  llshl.o(.text)
    __aeabi_llsr                             0x0800a0af   Thumb Code    32  llushr.o(.text)
    _ll_ushift_r                             0x0800a0af   Thumb Code     0  llushr.o(.text)
    __aeabi_lasr                             0x0800a0cf   Thumb Code    36  llsshr.o(.text)
    _ll_sshift_r                             0x0800a0cf   Thumb Code     0  llsshr.o(.text)
    __I$use$fp                               0x0800a0f3   Thumb Code     0  iusefp.o(.text)
    _float_round                             0x0800a0f3   Thumb Code    18  fepilogue.o(.text)
    _float_epilogue                          0x0800a105   Thumb Code    92  fepilogue.o(.text)
    _double_round                            0x0800a161   Thumb Code    30  depilogue.o(.text)
    _double_epilogue                         0x0800a17f   Thumb Code   156  depilogue.o(.text)
    _dsqrt                                   0x0800a21b   Thumb Code   162  dsqrt.o(.text)
    __scatterload                            0x0800a2bd   Thumb Code    28  init.o(.text)
    __scatterload_rt2                        0x0800a2bd   Thumb Code     0  init.o(.text)
    SVC_Count                                0x0800a2e0   Data           4  svc_table.o(SVC_TABLE)
    SVC_Table                                0x0800a2e4   Data           0  svc_table.o(SVC_TABLE)
    __0printf$bare                           0x0800a2e5   Thumb Code     8  printfb.o(i.__0printf$bare)
    __1printf$bare                           0x0800a2e5   Thumb Code     0  printfb.o(i.__0printf$bare)
    __2printf                                0x0800a2e5   Thumb Code     0  printfb.o(i.__0printf$bare)
    __ARM_fpclassify                         0x0800a2f5   Thumb Code    48  fpclassify.o(i.__ARM_fpclassify)
    __hardfp_atan                            0x0800a329   Thumb Code   622  atan.o(i.__hardfp_atan)
    __hardfp_atan2                           0x0800a601   Thumb Code   432  atan2.o(i.__hardfp_atan2)
    __hardfp_sqrt                            0x0800a7f1   Thumb Code   122  sqrt.o(i.__hardfp_sqrt)
    __kernel_poly                            0x0800a86b   Thumb Code   248  poly.o(i.__kernel_poly)
    __mathlib_dbl_infnan                     0x0800a963   Thumb Code    20  dunder.o(i.__mathlib_dbl_infnan)
    __mathlib_dbl_infnan2                    0x0800a977   Thumb Code    20  dunder.o(i.__mathlib_dbl_infnan2)
    __mathlib_dbl_underflow                  0x0800a991   Thumb Code    24  dunder.o(i.__mathlib_dbl_underflow)
    __scatterload_copy                       0x0800a9b1   Thumb Code    14  handlers.o(i.__scatterload_copy)
    __scatterload_null                       0x0800a9bf   Thumb Code     2  handlers.o(i.__scatterload_null)
    __scatterload_zeroinit                   0x0800a9c1   Thumb Code    14  handlers.o(i.__scatterload_zeroinit)
    __set_errno                              0x0800a9d1   Thumb Code     6  errno.o(i.__set_errno)
    _init_box                                0x0800a9dd   Thumb Code    70  rt_membox.o(i._init_box)
    atan                                     0x0800aa45   Thumb Code    16  atan.o(i.atan)
    dbg_init                                 0x0800aa55   Thumb Code    34  hal_cm.o(i.dbg_init)
    dbg_task_notify                          0x0800aa85   Thumb Code    32  hal_cm.o(i.dbg_task_notify)
    dbg_task_switch                          0x0800aaa5   Thumb Code    16  hal_cm.o(i.dbg_task_switch)
    fabs                                     0x0800aab5   Thumb Code    24  fabs.o(i.fabs)
    isrMessageGet                            0x0800aacd   Thumb Code    42  rt_cmsis.o(i.isrMessageGet)
    isrMessagePut                            0x0800aaf7   Thumb Code    44  rt_cmsis.o(i.isrMessagePut)
    isr_mbx_receive                          0x0800ab25   Thumb Code    82  rt_mailbox.o(i.isr_mbx_receive)
    isr_mbx_send                             0x0800ab77   Thumb Code    14  rt_mailbox.o(i.isr_mbx_send)
    osDelay                                  0x0800ab85   Thumb Code    18  rt_cmsis.o(i.osDelay)
    osKernelInitialize                       0x0800ab9d   Thumb Code    30  rt_cmsis.o(i.osKernelInitialize)
    osKernelStart                            0x0800abc1   Thumb Code    98  rt_cmsis.o(i.osKernelStart)
    osMessageGet                             0x0800ac2d   Thumb Code    18  rt_cmsis.o(i.osMessageGet)
    osMutexCreate                            0x0800ac45   Thumb Code    38  rt_cmsis.o(i.osMutexCreate)
    osMutexRelease                           0x0800ac75   Thumb Code    18  rt_cmsis.o(i.osMutexRelease)
    osMutexWait                              0x0800ac8d   Thumb Code    18  rt_cmsis.o(i.osMutexWait)
    osThreadCreate                           0x0800aca5   Thumb Code    38  rt_cmsis.o(i.osThreadCreate)
    osThreadExit                             0x0800acd5   Thumb Code    14  rt_cmsis.o(i.osThreadExit)
    osTimerCall                              0x0800aced   Thumb Code     8  rt_cmsis.o(i.osTimerCall)
    osTimerThread                            0x0800acf9   Thumb Code    38  rt_cmsis.o(i.osTimerThread)
    os_tick_init                             0x0800ad25   Thumb Code    32  rt_system.o(i.os_tick_init)
    os_tick_irqack                           0x0800ad4d   Thumb Code     2  rt_system.o(i.os_tick_irqack)
    rt_alloc_box                             0x0800ad4f   Thumb Code    26  rt_membox.o(i.rt_alloc_box)
    rt_alloc_mem                             0x0800ad69   Thumb Code    62  rt_memory.o(i.rt_alloc_mem)
    rt_block                                 0x0800ada9   Thumb Code    48  rt_task.o(i.rt_block)
    rt_chk_robin                             0x0800ade1   Thumb Code    60  rt_robin.o(i.rt_chk_robin)
    rt_dec_dly                               0x0800ae29   Thumb Code   102  rt_list.o(i.rt_dec_dly)
    rt_dispatch                              0x0800ae99   Thumb Code    60  rt_task.o(i.rt_dispatch)
    rt_dly_wait                              0x0800aedd   Thumb Code     6  rt_time.o(i.rt_dly_wait)
    rt_evt_psh                               0x0800aee5   Thumb Code    76  rt_event.o(i.rt_evt_psh)
    rt_free_box                              0x0800af35   Thumb Code    44  rt_membox.o(i.rt_free_box)
    rt_free_mem                              0x0800af61   Thumb Code    40  rt_memory.o(i.rt_free_mem)
    rt_get_first                             0x0800af89   Thumb Code    40  rt_list.o(i.rt_get_first)
    rt_init_mem                              0x0800b001   Thumb Code    26  rt_memory.o(i.rt_init_mem)
    rt_init_robin                            0x0800b01d   Thumb Code    14  rt_robin.o(i.rt_init_robin)
    rt_init_stack                            0x0800b035   Thumb Code   118  hal_cm.o(i.rt_init_stack)
    rt_mbx_check                             0x0800b0b5   Thumb Code     8  rt_mailbox.o(i.rt_mbx_check)
    rt_mbx_init                              0x0800b0bd   Thumb Code    26  rt_mailbox.o(i.rt_mbx_init)
    rt_mbx_psh                               0x0800b0d9   Thumb Code   236  rt_mailbox.o(i.rt_mbx_psh)
    rt_mbx_wait                              0x0800b1c9   Thumb Code   174  rt_mailbox.o(i.rt_mbx_wait)
    rt_mut_init                              0x0800b2c1   Thumb Code    16  rt_mutex.o(i.rt_mut_init)
    rt_mut_release                           0x0800b2d1   Thumb Code   208  rt_mutex.o(i.rt_mut_release)
    rt_mut_wait                              0x0800b3a9   Thumb Code   100  rt_mutex.o(i.rt_mut_wait)
    rt_pop_req                               0x0800b411   Thumb Code   112  rt_system.o(i.rt_pop_req)
    rt_psh_req                               0x0800b48d   Thumb Code    22  rt_system.o(i.rt_psh_req)
    rt_psq_enq                               0x0800b4ad   Thumb Code    88  rt_list.o(i.rt_psq_enq)
    rt_put_dly                               0x0800b509   Thumb Code    68  rt_list.o(i.rt_put_dly)
    rt_put_prio                              0x0800b551   Thumb Code    54  rt_list.o(i.rt_put_prio)
    rt_put_rdy_first                         0x0800b589   Thumb Code    14  rt_list.o(i.rt_put_rdy_first)
    rt_resort_prio                           0x0800b59d   Thumb Code    46  rt_list.o(i.rt_resort_prio)
    rt_ret_val                               0x0800b5e1   Thumb Code    12  hal_cm.o(i.rt_ret_val)
    rt_ret_val2                              0x0800b5ed   Thumb Code    16  hal_cm.o(i.rt_ret_val2)
    rt_rmv_dly                               0x0800b5fd   Thumb Code    40  rt_list.o(i.rt_rmv_dly)
    rt_rmv_list                              0x0800b625   Thumb Code    44  rt_list.o(i.rt_rmv_list)
    rt_sem_psh                               0x0800b655   Thumb Code    48  rt_semaphore.o(i.rt_sem_psh)
    rt_stk_check                             0x0800b689   Thumb Code    28  rt_system.o(i.rt_stk_check)
    rt_switch_req                            0x0800b6ad   Thumb Code    30  rt_task.o(i.rt_switch_req)
    rt_sys_init                              0x0800b6d5   Thumb Code   138  rt_task.o(i.rt_sys_init)
    rt_sys_start                             0x0800b7a1   Thumb Code   110  rt_task.o(i.rt_sys_start)
    rt_systick                               0x0800b819   Thumb Code    50  rt_system.o(i.rt_systick)
    rt_tsk_create                            0x0800b8a1   Thumb Code   118  rt_task.o(i.rt_tsk_create)
    rt_tsk_delete                            0x0800b929   Thumb Code   352  rt_task.o(i.rt_tsk_delete)
    rt_tsk_prio                              0x0800baa5   Thumb Code   108  rt_task.o(i.rt_tsk_prio)
    rt_tsk_self                              0x0800bb21   Thumb Code    12  rt_task.o(i.rt_tsk_self)
    svcDelay                                 0x0800bb31   Thumb Code    18  rt_cmsis.o(i.svcDelay)
    svcKernelInitialize                      0x0800bb45   Thumb Code    80  rt_cmsis.o(i.svcKernelInitialize)
    svcKernelStart                           0x0800bbb5   Thumb Code    62  rt_cmsis.o(i.svcKernelStart)
    svcMessageCreate                         0x0800bbfd   Thumb Code    36  rt_cmsis.o(i.svcMessageCreate)
    svcMessageGet                            0x0800bc21   Thumb Code    58  rt_cmsis.o(i.svcMessageGet)
    svcMutexCreate                           0x0800bc5b   Thumb Code    28  rt_cmsis.o(i.svcMutexCreate)
    svcMutexRelease                          0x0800bc77   Thumb Code    34  rt_cmsis.o(i.svcMutexRelease)
    svcMutexWait                             0x0800bc99   Thumb Code    54  rt_cmsis.o(i.svcMutexWait)
    svcThreadCreate                          0x0800bcd1   Thumb Code   100  rt_cmsis.o(i.svcThreadCreate)
    svcThreadGetId                           0x0800bd41   Thumb Code    22  rt_cmsis.o(i.svcThreadGetId)
    svcThreadTerminate                       0x0800bd5d   Thumb Code    50  rt_cmsis.o(i.svcThreadTerminate)
    svcTimerCall                             0x0800bd95   Thumb Code    24  rt_cmsis.o(i.svcTimerCall)
    sysTimerTick                             0x0800bdad   Thumb Code    84  rt_cmsis.o(i.sysTimerTick)
    os_mutex_def_temp_mutex                  0x0800be08   Data           4  main.o(.constdata)
    os_mutex_def_mems_mutex                  0x0800be0c   Data           4  main.o(.constdata)
    os_thread_def_Thread_ADC                 0x0800be10   Data          16  thread_adc.o(.constdata)
    os_thread_def_Thread_DISP                0x0800be20   Data          16  thread_disp.o(.constdata)
    os_thread_def_Thread_MEMS                0x0800be30   Data          16  thread_mems.o(.constdata)
    os_maxtaskrun                            0x0800be40   Data           2  rtx_conf_cm.o(.constdata)
    os_stackinfo                             0x0800be44   Data           4  rtx_conf_cm.o(.constdata)
    os_rrobin                                0x0800be48   Data           4  rtx_conf_cm.o(.constdata)
    os_tickfreq                              0x0800be4c   Data           4  rtx_conf_cm.o(.constdata)
    os_tickus_i                              0x0800be50   Data           2  rtx_conf_cm.o(.constdata)
    os_tickus_f                              0x0800be52   Data           2  rtx_conf_cm.o(.constdata)
    os_trv                                   0x0800be54   Data           4  rtx_conf_cm.o(.constdata)
    os_flags                                 0x0800be58   Data           1  rtx_conf_cm.o(.constdata)
    CMSIS_RTOS_API_Version                   0x0800be5c   Data           4  rtx_conf_cm.o(.constdata)
    CMSIS_RTOS_RTX_Version                   0x0800be60   Data           4  rtx_conf_cm.o(.constdata)
    os_clockrate                             0x0800be64   Data           4  rtx_conf_cm.o(.constdata)
    os_timernum                              0x0800be68   Data           4  rtx_conf_cm.o(.constdata)
    mp_tcb_size                              0x0800be6c   Data           2  rtx_conf_cm.o(.constdata)
    mp_stk_size                              0x0800be70   Data           4  rtx_conf_cm.o(.constdata)
    os_stack_sz                              0x0800be74   Data           4  rtx_conf_cm.o(.constdata)
    os_fifo_size                             0x0800be78   Data           1  rtx_conf_cm.o(.constdata)
    os_thread_def_osTimerThread              0x0800be7c   Data          16  rtx_conf_cm.o(.constdata)
    os_messageQ_def_osTimerMessageQ          0x0800be8c   Data           8  rtx_conf_cm.o(.constdata)
    mp_tmr_size                              0x0800be94   Data           2  rtx_conf_cm.o(.constdata)
    APBAHBPrescTable                         0x0800be9e   Data          16  stm32f4xx_hal_rcc.o(.constdata)
    AHBPrescTable                            0x0800beae   Data          16  system_stm32f4xx.o(.constdata)
    __mathlib_zero                           0x0800bf58   Data           8  qnan.o(.constdata)
    Region$$Table$$Base                      0x0800bf60   Number         0  anon$$obj.o(Region$$Table)
    Region$$Table$$Limit                     0x0800bf80   Number         0  anon$$obj.o(Region$$Table)
    temp_mutex_id                            0x20000000   Data           4  main.o(.data)
    mems_mutex_id                            0x20000004   Data           4  main.o(.data)
    tid_Thread_ADC                           0x20000008   Data           4  thread_adc.o(.data)
    output                                   0x20000010   Data           8  thread_adc.o(.data)
    tid_Thread_DISP                          0x20000018   Data           4  thread_disp.o(.data)
    mode                                     0x2000001c   Data           4  thread_disp.o(.data)
    mode1                                    0x20000020   Data           4  thread_disp.o(.data)
    interrupt                                0x20000024   Data           4  interrupt_handling.o(.data)
    interrupt2                               0x20000028   Data           4  interrupt_handling.o(.data)
    interrupt3                               0x2000002c   Data           4  interrupt_handling.o(.data)
    interrupt4                               0x20000030   Data           4  interrupt_handling.o(.data)
    interrupt5                               0x20000034   Data           4  interrupt_handling.o(.data)
    interrupt6                               0x20000038   Data           4  interrupt_handling.o(.data)
    interrupt7                               0x2000003c   Data           4  interrupt_handling.o(.data)
    count                                    0x20000040   Data           4  interrupt_handling.o(.data)
    count2                                   0x20000044   Data           4  interrupt_handling.o(.data)
    tid_Thread_MEMS                          0x20000048   Data           4  thread_mems.o(.data)
    pitch                                    0x2000004c   Data           4  thread_mems.o(.data)
    roll                                     0x20000050   Data           4  thread_mems.o(.data)
    LIS3DSHTimeout                           0x20000054   Data           4  lis3dsh.o(.data)
    osThreadId_osTimerThread                 0x20000058   Data           4  rtx_conf_cm.o(.data)
    osMessageQId_osTimerMessageQ             0x2000005c   Data           4  rtx_conf_cm.o(.data)
    os_tmr                                   0x20000060   Data           4  rtx_conf_cm.o(.data)
    m_tmr                                    0x20000064   Data           4  rtx_conf_cm.o(.data)
    os_thread_def_main                       0x20000068   Data          16  rtx_conf_cm.o(.data)
    SystemCoreClock                          0x2000007c   Data           4  system_stm32f4xx.o(.data)
    os_initialized                           0x20000080   Data           1  rt_cmsis.o(.data)
    os_running                               0x20000081   Data           1  rt_cmsis.o(.data)
    os_timer_head                            0x20000084   Data           4  rt_cmsis.o(.data)
    os_time                                  0x20000088   Data           4  rt_time.o(.data)
    os_tsk                                   0x2000008c   Data           8  rt_task.o(.data)
    os_tick_irqn                             0x20000098   Data           4  rt_system.o(.data)
    dbg_msg                                  0x2000009c   Data           1  hal_cm.o(.data)
    os_robin                                 0x200000a0   Data           8  rt_robin.o(.data)
    __stdout                                 0x200000a8   Data           4  stdout.o(.data)
    os_mutex_cb_temp_mutex                   0x200000b0   Data          16  main.o(.bss)
    os_mutex_cb_mems_mutex                   0x200000c0   Data          16  main.o(.bss)
    kstate_adc                               0x200000d0   Data          40  thread_adc.o(.bss)
    ADC1_Handle                              0x200000f8   Data          68  thread_adc.o(.bss)
    displaying                               0x2000013c   Data          20  thread_disp.o(.bss)
    parsed                                   0x20000150   Data          20  thread_disp.o(.bss)
    TIM_HandleStruct                         0x20000168   Data          60  thread_mems.o(.bss)
    kstate_x                                 0x200001a8   Data          40  thread_mems.o(.bss)
    kstate_y                                 0x200001d0   Data          40  thread_mems.o(.bss)
    kstate_z                                 0x200001f8   Data          40  thread_mems.o(.bss)
    SpiHandle                                0x20000220   Data          88  lis3dsh.o(.bss)
    mp_tcb                                   0x20000278   Data         376  rtx_conf_cm.o(.bss)
    mp_stk                                   0x200003f0   Data        4816  rtx_conf_cm.o(.bss)
    os_stack_mem                             0x200016c0   Data        1256  rtx_conf_cm.o(.bss)
    os_fifo                                  0x20001ba8   Data         132  rtx_conf_cm.o(.bss)
    os_active_TCB                            0x20001c2c   Data          28  rtx_conf_cm.o(.bss)
    os_messageQ_q_osTimerMessageQ            0x20001c48   Data          32  rtx_conf_cm.o(.bss)
    os_idle_TCB                              0x20001c68   Data          52  rt_task.o(.bss)
    os_rdy                                   0x20001c9c   Data          24  rt_list.o(.bss)
    os_dly                                   0x20001cb4   Data          24  rt_list.o(.bss)
    __initial_sp                             0x200020d0   Data           0  startup_stm32f407xx.o(STACK)



==============================================================================

Memory Map of the image

  Image Entry point : 0x08000189

  Load Region LR_IROM1 (Base: 0x08000000, Size: 0x0000c030, Max: 0x00100000, ABSOLUTE)

    Execution Region ER_IROM1 (Base: 0x08000000, Size: 0x0000bf80, Max: 0x00100000, ABSOLUTE)

    Base Addr    Size         Type   Attr      Idx    E Section Name        Object

    0x08000000   0x00000188   Data   RO          853    RESET               startup_stm32f407xx.o
    0x08000188   0x00000000   Code   RO         2132  * .ARM.Collect$$$$00000000  mc_w.l(entry.o)
    0x08000188   0x00000004   Code   RO         2456    .ARM.Collect$$$$00000001  mc_w.l(entry2.o)
    0x0800018c   0x00000004   Code   RO         2459    .ARM.Collect$$$$00000004  mc_w.l(entry5.o)
    0x08000190   0x00000000   Code   RO         2461    .ARM.Collect$$$$00000008  mc_w.l(entry7b.o)
    0x08000190   0x00000000   Code   RO         2463    .ARM.Collect$$$$0000000A  mc_w.l(entry8b.o)
    0x08000190   0x00000000   Code   RO         2464    .ARM.Collect$$$$0000000D  mc_w.l(entry10a.o)
    0x08000190   0x00000000   Code   RO         2466    .ARM.Collect$$$$0000000F  mc_w.l(entry11a.o)
    0x08000190   0x00000018   Code   RO          428    .ARM.Collect$$$$000000FF  rtx_conf_cm.o
    0x080001a8   0x00000004   Code   RO         2457    .ARM.Collect$$$$00002712  mc_w.l(entry2.o)
    0x080001ac   0x00000198   Code   RO         2095    .emb_text           RTX_CM4.lib(hal_cm4.o)
    0x08000344   0x0000009c   Code   RO            4    .text               main.o
    0x080003e0   0x00000180   Code   RO          156    .text               supporting_functions.o
    0x08000560   0x0000019c   Code   RO          171    .text               thread_adc.o
    0x080006fc   0x0000032c   Code   RO          214    .text               system_config.o
    0x08000a28   0x000001c0   Code   RO          235    .text               kalman_filter.o
    0x08000be8   0x0000069c   Code   RO          250    .text               thread_disp.o
    0x08001284   0x00000758   Code   RO          287    .text               7seg_display.o
    0x080019dc   0x000000b8   Code   RO          311    .text               interrupt_handling.o
    0x08001a94   0x000002a8   Code   RO          342    .text               thread_mems.o
    0x08001d3c   0x00000380   Code   RO          376    .text               keypad.o
    0x080020bc   0x0000053c   Code   RO          400    .text               lis3dsh.o
    0x080025f8   0x00000026   Code   RO          429    .text               rtx_conf_cm.o
    0x0800261e   0x00000002   PAD
    0x08002620   0x000001b0   Code   RO          460    .text               stm32f4xx_hal.o
    0x080027d0   0x0000099c   Code   RO          486    .text               stm32f4xx_hal_adc.o
    0x0800316c   0x00000720   Code   RO          510    .text               stm32f4xx_hal_adc_ex.o
    0x0800388c   0x00000324   Code   RO          534    .text               stm32f4xx_hal_cortex.o
    0x08003bb0   0x00000618   Code   RO          562    .text               stm32f4xx_hal_dma.o
    0x080041c8   0x000003cc   Code   RO          611    .text               stm32f4xx_hal_gpio.o
    0x08004594   0x00000a4c   Code   RO          683    .text               stm32f4xx_hal_rcc.o
    0x08004fe0   0x00001598   Code   RO          734    .text               stm32f4xx_hal_spi.o
    0x08006578   0x00002800   Code   RO          758    .text               stm32f4xx_hal_tim.o
    0x08008d78   0x00000d88   Code   RO          782    .text               stm32f4xx_hal_tim_ex.o
    0x08009b00   0x00000024   Code   RO          854    .text               startup_stm32f407xx.o
    0x08009b24   0x00000120   Code   RO          861    .text               system_stm32f4xx.o
    0x08009c44   0x00000024   Code   RO         2137    .text               mc_w.l(memcpya.o)
    0x08009c68   0x0000014e   Code   RO         2401    .text               mf_w.l(dadd.o)
    0x08009db6   0x000000e4   Code   RO         2403    .text               mf_w.l(dmul.o)
    0x08009e9a   0x000000de   Code   RO         2405    .text               mf_w.l(ddiv.o)
    0x08009f78   0x0000001a   Code   RO         2409    .text               mf_w.l(dfltui.o)
    0x08009f92   0x0000003e   Code   RO         2411    .text               mf_w.l(dfixi.o)
    0x08009fd0   0x00000026   Code   RO         2413    .text               mf_w.l(f2d.o)
    0x08009ff6   0x00000002   PAD
    0x08009ff8   0x00000030   Code   RO         2415    .text               mf_w.l(cdcmple.o)
    0x0800a028   0x00000030   Code   RO         2417    .text               mf_w.l(cdrcmple.o)
    0x0800a058   0x00000038   Code   RO         2419    .text               mf_w.l(d2f.o)
    0x0800a090   0x0000001e   Code   RO         2471    .text               mc_w.l(llshl.o)
    0x0800a0ae   0x00000020   Code   RO         2473    .text               mc_w.l(llushr.o)
    0x0800a0ce   0x00000024   Code   RO         2475    .text               mc_w.l(llsshr.o)
    0x0800a0f2   0x00000000   Code   RO         2484    .text               mc_w.l(iusefp.o)
    0x0800a0f2   0x0000006e   Code   RO         2485    .text               mf_w.l(fepilogue.o)
    0x0800a160   0x000000ba   Code   RO         2487    .text               mf_w.l(depilogue.o)
    0x0800a21a   0x000000a2   Code   RO         2489    .text               mf_w.l(dsqrt.o)
    0x0800a2bc   0x00000024   Code   RO         2497    .text               mc_w.l(init.o)
    0x0800a2e0   0x00000004   Code   RO         2105    SVC_TABLE           RTX_CM4.lib(svc_table.o)
    0x0800a2e4   0x00000010   Code   RO         2142    i.__0printf$bare    mc_w.l(printfb.o)
    0x0800a2f4   0x00000030   Code   RO         2493    i.__ARM_fpclassify  m_wm.l(fpclassify.o)
    0x0800a324   0x00000004   PAD
    0x0800a328   0x000002d8   Code   RO         2421    i.__hardfp_atan     m_wm.l(atan.o)
    0x0800a600   0x000001f0   Code   RO         2108    i.__hardfp_atan2    m_wm.l(atan2.o)
    0x0800a7f0   0x0000007a   Code   RO         2120    i.__hardfp_sqrt     m_wm.l(sqrt.o)
    0x0800a86a   0x000000f8   Code   RO         2495    i.__kernel_poly     m_wm.l(poly.o)
    0x0800a962   0x00000014   Code   RO         2436    i.__mathlib_dbl_infnan  m_wm.l(dunder.o)
    0x0800a976   0x00000014   Code   RO         2437    i.__mathlib_dbl_infnan2  m_wm.l(dunder.o)
    0x0800a98a   0x00000006   PAD
    0x0800a990   0x00000020   Code   RO         2441    i.__mathlib_dbl_underflow  m_wm.l(dunder.o)
    0x0800a9b0   0x0000000e   Code   RO         2501    i.__scatterload_copy  mc_w.l(handlers.o)
    0x0800a9be   0x00000002   Code   RO         2502    i.__scatterload_null  mc_w.l(handlers.o)
    0x0800a9c0   0x0000000e   Code   RO         2503    i.__scatterload_zeroinit  mc_w.l(handlers.o)
    0x0800a9ce   0x00000002   PAD
    0x0800a9d0   0x0000000c   Code   RO         2479    i.__set_errno       mc_w.l(errno.o)
    0x0800a9dc   0x00000046   Code   RO         1968    i._init_box         RTX_CM4.lib(rt_membox.o)
    0x0800aa22   0x00000022   Code   RO         2149    i._printf_core      mc_w.l(printfb.o)
    0x0800aa44   0x00000010   Code   RO         2423    i.atan              m_wm.l(atan.o)
    0x0800aa54   0x00000030   Code   RO         2021    i.dbg_init          RTX_CM4.lib(hal_cm.o)
    0x0800aa84   0x00000020   Code   RO         2022    i.dbg_task_notify   RTX_CM4.lib(hal_cm.o)
    0x0800aaa4   0x00000010   Code   RO         2023    i.dbg_task_switch   RTX_CM4.lib(hal_cm.o)
    0x0800aab4   0x00000018   Code   RO         2451    i.fabs              m_wm.l(fabs.o)
    0x0800aacc   0x0000002a   Code   RO          892    i.isrMessageGet     RTX_CM4.lib(rt_cmsis.o)
    0x0800aaf6   0x0000002c   Code   RO          893    i.isrMessagePut     RTX_CM4.lib(rt_cmsis.o)
    0x0800ab22   0x00000002   PAD
    0x0800ab24   0x00000052   Code   RO         1847    i.isr_mbx_receive   RTX_CM4.lib(rt_mailbox.o)
    0x0800ab76   0x0000000e   Code   RO         1848    i.isr_mbx_send      RTX_CM4.lib(rt_mailbox.o)
    0x0800ab84   0x00000018   Code   RO          896    i.osDelay           RTX_CM4.lib(rt_cmsis.o)
    0x0800ab9c   0x00000024   Code   RO          897    i.osKernelInitialize  RTX_CM4.lib(rt_cmsis.o)
    0x0800abc0   0x0000006c   Code   RO          899    i.osKernelStart     RTX_CM4.lib(rt_cmsis.o)
    0x0800ac2c   0x00000018   Code   RO          908    i.osMessageGet      RTX_CM4.lib(rt_cmsis.o)
    0x0800ac44   0x00000030   Code   RO          910    i.osMutexCreate     RTX_CM4.lib(rt_cmsis.o)
    0x0800ac74   0x00000018   Code   RO          912    i.osMutexRelease    RTX_CM4.lib(rt_cmsis.o)
    0x0800ac8c   0x00000018   Code   RO          913    i.osMutexWait       RTX_CM4.lib(rt_cmsis.o)
    0x0800aca4   0x00000030   Code   RO          925    i.osThreadCreate    RTX_CM4.lib(rt_cmsis.o)
    0x0800acd4   0x00000018   Code   RO          926    i.osThreadExit      RTX_CM4.lib(rt_cmsis.o)
    0x0800acec   0x0000000c   Code   RO          932    i.osTimerCall       RTX_CM4.lib(rt_cmsis.o)
    0x0800acf8   0x0000002c   Code   RO          937    i.osTimerThread     RTX_CM4.lib(rt_cmsis.o)
    0x0800ad24   0x00000028   Code   RO         1635    i.os_tick_init      RTX_CM4.lib(rt_system.o)
    0x0800ad4c   0x00000002   Code   RO         1636    i.os_tick_irqack    RTX_CM4.lib(rt_system.o)
    0x0800ad4e   0x0000001a   Code   RO         1969    i.rt_alloc_box      RTX_CM4.lib(rt_membox.o)
    0x0800ad68   0x0000003e   Code   RO         1997    i.rt_alloc_mem      RTX_CM4.lib(rt_memory.o)
    0x0800ada6   0x00000002   PAD
    0x0800ada8   0x00000038   Code   RO         1550    i.rt_block          RTX_CM4.lib(rt_task.o)
    0x0800ade0   0x00000048   Code   RO         2074    i.rt_chk_robin      RTX_CM4.lib(rt_robin.o)
    0x0800ae28   0x00000070   Code   RO         1771    i.rt_dec_dly        RTX_CM4.lib(rt_list.o)
    0x0800ae98   0x00000044   Code   RO         1551    i.rt_dispatch       RTX_CM4.lib(rt_task.o)
    0x0800aedc   0x00000006   Code   RO         1517    i.rt_dly_wait       RTX_CM4.lib(rt_time.o)
    0x0800aee2   0x00000002   PAD
    0x0800aee4   0x00000050   Code   RO         1728    i.rt_evt_psh        RTX_CM4.lib(rt_event.o)
    0x0800af34   0x0000002c   Code   RO         1970    i.rt_free_box       RTX_CM4.lib(rt_membox.o)
    0x0800af60   0x00000028   Code   RO         1998    i.rt_free_mem       RTX_CM4.lib(rt_memory.o)
    0x0800af88   0x00000028   Code   RO         1772    i.rt_get_first      RTX_CM4.lib(rt_list.o)
    0x0800afb0   0x00000008   Code   RO          942    i.rt_id2obj         RTX_CM4.lib(rt_cmsis.o)
    0x0800afb8   0x00000048   Code   RO         1552    i.rt_init_context   RTX_CM4.lib(rt_task.o)
    0x0800b000   0x0000001a   Code   RO         1999    i.rt_init_mem       RTX_CM4.lib(rt_memory.o)
    0x0800b01a   0x00000002   PAD
    0x0800b01c   0x00000018   Code   RO         2075    i.rt_init_robin     RTX_CM4.lib(rt_robin.o)
    0x0800b034   0x00000080   Code   RO         2024    i.rt_init_stack     RTX_CM4.lib(hal_cm.o)
    0x0800b0b4   0x00000008   Code   RO         1849    i.rt_mbx_check      RTX_CM4.lib(rt_mailbox.o)
    0x0800b0bc   0x0000001a   Code   RO         1850    i.rt_mbx_init       RTX_CM4.lib(rt_mailbox.o)
    0x0800b0d6   0x00000002   PAD
    0x0800b0d8   0x000000f0   Code   RO         1851    i.rt_mbx_psh        RTX_CM4.lib(rt_mailbox.o)
    0x0800b1c8   0x000000b4   Code   RO         1853    i.rt_mbx_wait       RTX_CM4.lib(rt_mailbox.o)
    0x0800b27c   0x00000044   Code   RO          943    i.rt_ms2tick        RTX_CM4.lib(rt_cmsis.o)
    0x0800b2c0   0x00000010   Code   RO         1938    i.rt_mut_init       RTX_CM4.lib(rt_mutex.o)
    0x0800b2d0   0x000000d8   Code   RO         1939    i.rt_mut_release    RTX_CM4.lib(rt_mutex.o)
    0x0800b3a8   0x00000068   Code   RO         1940    i.rt_mut_wait       RTX_CM4.lib(rt_mutex.o)
    0x0800b410   0x0000007c   Code   RO         1639    i.rt_pop_req        RTX_CM4.lib(rt_system.o)
    0x0800b48c   0x00000020   Code   RO         1640    i.rt_psh_req        RTX_CM4.lib(rt_system.o)
    0x0800b4ac   0x0000005c   Code   RO         1774    i.rt_psq_enq        RTX_CM4.lib(rt_list.o)
    0x0800b508   0x00000048   Code   RO         1775    i.rt_put_dly        RTX_CM4.lib(rt_list.o)
    0x0800b550   0x00000036   Code   RO         1776    i.rt_put_prio       RTX_CM4.lib(rt_list.o)
    0x0800b586   0x00000002   PAD
    0x0800b588   0x00000014   Code   RO         1777    i.rt_put_rdy_first  RTX_CM4.lib(rt_list.o)
    0x0800b59c   0x00000034   Code   RO         1778    i.rt_resort_prio    RTX_CM4.lib(rt_list.o)
    0x0800b5d0   0x00000010   Code   RO         2025    i.rt_ret_regs       RTX_CM4.lib(hal_cm.o)
    0x0800b5e0   0x0000000c   Code   RO         2026    i.rt_ret_val        RTX_CM4.lib(hal_cm.o)
    0x0800b5ec   0x00000010   Code   RO         2027    i.rt_ret_val2       RTX_CM4.lib(hal_cm.o)
    0x0800b5fc   0x00000028   Code   RO         1779    i.rt_rmv_dly        RTX_CM4.lib(rt_list.o)
    0x0800b624   0x00000030   Code   RO         1780    i.rt_rmv_list       RTX_CM4.lib(rt_list.o)
    0x0800b654   0x00000034   Code   RO         1898    i.rt_sem_psh        RTX_CM4.lib(rt_semaphore.o)
    0x0800b688   0x00000024   Code   RO         1642    i.rt_stk_check      RTX_CM4.lib(rt_system.o)
    0x0800b6ac   0x00000028   Code   RO         1553    i.rt_switch_req     RTX_CM4.lib(rt_task.o)
    0x0800b6d4   0x000000cc   Code   RO         1554    i.rt_sys_init       RTX_CM4.lib(rt_task.o)
    0x0800b7a0   0x00000078   Code   RO         1555    i.rt_sys_start      RTX_CM4.lib(rt_task.o)
    0x0800b818   0x00000040   Code   RO         1644    i.rt_systick        RTX_CM4.lib(rt_system.o)
    0x0800b858   0x00000012   Code   RO          944    i.rt_tid2ptcb       RTX_CM4.lib(rt_cmsis.o)
    0x0800b86a   0x00000002   PAD
    0x0800b86c   0x00000034   Code   RO          945    i.rt_timer_insert   RTX_CM4.lib(rt_cmsis.o)
    0x0800b8a0   0x00000088   Code   RO         1556    i.rt_tsk_create     RTX_CM4.lib(rt_task.o)
    0x0800b928   0x0000017c   Code   RO         1557    i.rt_tsk_delete     RTX_CM4.lib(rt_task.o)
    0x0800baa4   0x0000007c   Code   RO         1559    i.rt_tsk_prio       RTX_CM4.lib(rt_task.o)
    0x0800bb20   0x00000010   Code   RO         1560    i.rt_tsk_self       RTX_CM4.lib(rt_task.o)
    0x0800bb30   0x00000012   Code   RO          947    i.svcDelay          RTX_CM4.lib(rt_cmsis.o)
    0x0800bb42   0x00000002   PAD
    0x0800bb44   0x00000070   Code   RO          948    i.svcKernelInitialize  RTX_CM4.lib(rt_cmsis.o)
    0x0800bbb4   0x00000048   Code   RO          950    i.svcKernelStart    RTX_CM4.lib(rt_cmsis.o)
    0x0800bbfc   0x00000024   Code   RO          953    i.svcMessageCreate  RTX_CM4.lib(rt_cmsis.o)
    0x0800bc20   0x0000003a   Code   RO          954    i.svcMessageGet     RTX_CM4.lib(rt_cmsis.o)
    0x0800bc5a   0x0000001c   Code   RO          956    i.svcMutexCreate    RTX_CM4.lib(rt_cmsis.o)
    0x0800bc76   0x00000022   Code   RO          958    i.svcMutexRelease   RTX_CM4.lib(rt_cmsis.o)
    0x0800bc98   0x00000036   Code   RO          959    i.svcMutexWait      RTX_CM4.lib(rt_cmsis.o)
    0x0800bcce   0x00000002   PAD
    0x0800bcd0   0x00000070   Code   RO          968    i.svcThreadCreate   RTX_CM4.lib(rt_cmsis.o)
    0x0800bd40   0x0000001c   Code   RO          969    i.svcThreadGetId    RTX_CM4.lib(rt_cmsis.o)
    0x0800bd5c   0x00000038   Code   RO          972    i.svcThreadTerminate  RTX_CM4.lib(rt_cmsis.o)
    0x0800bd94   0x00000018   Code   RO          974    i.svcTimerCall      RTX_CM4.lib(rt_cmsis.o)
    0x0800bdac   0x0000005c   Code   RO          983    i.sysTimerTick      RTX_CM4.lib(rt_cmsis.o)
    0x0800be08   0x00000008   Data   RO            6    .constdata          main.o
    0x0800be10   0x00000010   Data   RO          173    .constdata          thread_adc.o
    0x0800be20   0x00000010   Data   RO          252    .constdata          thread_disp.o
    0x0800be30   0x00000010   Data   RO          344    .constdata          thread_mems.o
    0x0800be40   0x00000056   Data   RO          431    .constdata          rtx_conf_cm.o
    0x0800be96   0x00000008   Data   RO          563    .constdata          stm32f4xx_hal_dma.o
    0x0800be9e   0x00000010   Data   RO          684    .constdata          stm32f4xx_hal_rcc.o
    0x0800beae   0x00000010   Data   RO          862    .constdata          system_stm32f4xx.o
    0x0800bebe   0x00000002   PAD
    0x0800bec0   0x00000098   Data   RO         2424    .constdata          m_wm.l(atan.o)
    0x0800bf58   0x00000008   Data   RO         2455    .constdata          m_wm.l(qnan.o)
    0x0800bf60   0x00000020   Data   RO         2499    Region$$Table       anon$$obj.o


    Execution Region RW_IRAM1 (Base: 0x20000000, Size: 0x000020d0, Max: 0x00020000, ABSOLUTE)

    Base Addr    Size         Type   Attr      Idx    E Section Name        Object

    0x20000000   0x00000008   Data   RW            7    .data               main.o
    0x20000008   0x00000010   Data   RW          174    .data               thread_adc.o
    0x20000018   0x0000000c   Data   RW          253    .data               thread_disp.o
    0x20000024   0x00000024   Data   RW          312    .data               interrupt_handling.o
    0x20000048   0x0000000c   Data   RW          345    .data               thread_mems.o
    0x20000054   0x00000004   Data   RW          402    .data               lis3dsh.o
    0x20000058   0x00000020   Data   RW          432    .data               rtx_conf_cm.o
    0x20000078   0x00000004   Data   RW          461    .data               stm32f4xx_hal.o
    0x2000007c   0x00000004   Data   RW          863    .data               system_stm32f4xx.o
    0x20000080   0x00000008   Data   RW          986    .data               RTX_CM4.lib(rt_cmsis.o)
    0x20000088   0x00000004   Data   RW         1521    .data               RTX_CM4.lib(rt_time.o)
    0x2000008c   0x00000008   Data   RW         1562    .data               RTX_CM4.lib(rt_task.o)
    0x20000094   0x00000008   Data   RW         1647    .data               RTX_CM4.lib(rt_system.o)
    0x2000009c   0x00000001   Data   RW         2028    .data               RTX_CM4.lib(hal_cm.o)
    0x2000009d   0x00000003   PAD
    0x200000a0   0x00000008   Data   RW         2076    .data               RTX_CM4.lib(rt_robin.o)
    0x200000a8   0x00000004   Data   RW         2468    .data               mc_w.l(stdout.o)
    0x200000ac   0x00000004   Data   RW         2480    .data               mc_w.l(errno.o)
    0x200000b0   0x00000020   Zero   RW            5    .bss                main.o
    0x200000d0   0x0000006c   Zero   RW          172    .bss                thread_adc.o
    0x2000013c   0x00000028   Zero   RW          251    .bss                thread_disp.o
    0x20000164   0x00000004   PAD
    0x20000168   0x000000b8   Zero   RW          343    .bss                thread_mems.o
    0x20000220   0x00000058   Zero   RW          401    .bss                lis3dsh.o
    0x20000278   0x000019f0   Zero   RW          430    .bss                rtx_conf_cm.o
    0x20001c68   0x00000034   Zero   RW         1561    .bss                RTX_CM4.lib(rt_task.o)
    0x20001c9c   0x00000030   Zero   RW         1781    .bss                RTX_CM4.lib(rt_list.o)
    0x20001ccc   0x00000004   PAD
    0x20001cd0   0x00000400   Zero   RW          851    STACK               startup_stm32f407xx.o


==============================================================================

Image component sizes


      Code (inc. data)   RO Data    RW Data    ZI Data      Debug   Object Name

      1880         38          0          0          0       2038   7seg_display.o
       184         42          0         36          0       2059   interrupt_handling.o
       448         48          0          0          0       1562   kalman_filter.o
       896         16          0          0          0       1789   keypad.o
      1340        100          0          4         88      12781   lis3dsh.o
       156         24          8          8         32     431836   main.o
        62          6         86         32       6640       7554   rtx_conf_cm.o
        36          8        392          0       1024        916   startup_stm32f407xx.o
       432         26          0          4          0       4990   stm32f4xx_hal.o
      2460         70          0          0          0       7575   stm32f4xx_hal_adc.o
      1824         40          0          0          0       5694   stm32f4xx_hal_adc_ex.o
       804         20          0          0          0      32311   stm32f4xx_hal_cortex.o
      1560         16          8          0          0       5016   stm32f4xx_hal_dma.o
       972         50          0          0          0       3835   stm32f4xx_hal_gpio.o
      2636         66         16          0          0       5742   stm32f4xx_hal_rcc.o
      5528         54          0          0          0      13284   stm32f4xx_hal_spi.o
     10240        152          0          0          0      31026   stm32f4xx_hal_tim.o
      3464         26          0          0          0      11826   stm32f4xx_hal_tim_ex.o
       384        312          0          0          0        644   supporting_functions.o
       812        114          0          0          0       2475   system_config.o
       288         32         16          4          0       1807   system_stm32f4xx.o
       412        152         16         16        108       2369   thread_adc.o
      1692        102         16         12         40       3452   thread_disp.o
       680        118         16         12        184       2305   thread_mems.o

    ----------------------------------------------------------------------
     39192       1632        608        128       8120     594886   Object Totals
         0          0         32          0          0          0   (incl. Generated)
         2          0          2          0          4          0   (incl. Padding)

    ----------------------------------------------------------------------

      Code (inc. data)   RO Data    RW Data    ZI Data      Debug   Library Member Name

       268         24          0          1          0       4452   hal_cm.o
       408         34          0          0          0        816   hal_cm4.o
      1372        168          0          8          0      39086   rt_cmsis.o
        80          4          0          0          0        701   rt_event.o
       530         34          0          0         48       8597   rt_list.o
       550         10          0          0          0       4185   rt_mailbox.o
       140          0          0          0          0       2045   rt_membox.o
       128          0          0          0          0       2419   rt_memory.o
       336         12          0          0          0       2201   rt_mutex.o
        96         22          0          8          0       1230   rt_robin.o
        52          4          0          0          0        613   rt_semaphore.o
       298         52          0          8          0       6439   rt_system.o
      1216        174          0          8         52      10025   rt_task.o
         6          0          0          4          0        684   rt_time.o
         4          4          0          0          0        200   svc_table.o
       744        106        152          0          0        352   atan.o
       496         64          0          0          0        192   atan2.o
        72          8          0          0          0        372   dunder.o
        24          0          0          0          0        124   fabs.o
        48          0          0          0          0        124   fpclassify.o
       248          0          0          0          0        152   poly.o
         0          0          8          0          0          0   qnan.o
       122          0          0          0          0        148   sqrt.o
         0          0          0          0          0          0   entry.o
         0          0          0          0          0          0   entry10a.o
         0          0          0          0          0          0   entry11a.o
         8          4          0          0          0          0   entry2.o
         4          0          0          0          0          0   entry5.o
         0          0          0          0          0          0   entry7b.o
         0          0          0          0          0          0   entry8b.o
        12          6          0          4          0         68   errno.o
        30          0          0          0          0          0   handlers.o
        36          8          0          0          0         68   init.o
         0          0          0          0          0          0   iusefp.o
        30          0          0          0          0         68   llshl.o
        36          0          0          0          0         68   llsshr.o
        32          0          0          0          0         68   llushr.o
        36          0          0          0          0         68   memcpya.o
        50          8          0          0          0        152   printfb.o
         0          0          0          4          0          0   stdout.o
        48          0          0          0          0         68   cdcmple.o
        48          0          0          0          0         68   cdrcmple.o
        56          0          0          0          0         88   d2f.o
       334          0          0          0          0        148   dadd.o
       222          0          0          0          0        100   ddiv.o
       186          0          0          0          0        176   depilogue.o
        62          0          0          0          0         80   dfixi.o
        26          0          0          0          0         76   dfltui.o
       228          0          0          0          0         96   dmul.o
       162          0          0          0          0        100   dsqrt.o
        38          0          0          0          0         68   f2d.o
       110          0          0          0          0        168   fepilogue.o

    ----------------------------------------------------------------------
      9064        746        160         48        104      86953   Library Totals
        32          0          0          3          4          0   (incl. Padding)

    ----------------------------------------------------------------------

      Code (inc. data)   RO Data    RW Data    ZI Data      Debug   Library Name

      5484        542          0         37        100      83693   RTX_CM4.lib
      1754        178        160          0          0       1464   m_wm.l
       274         26          0          8          0        560   mc_w.l
      1520          0          0          0          0       1236   mf_w.l

    ----------------------------------------------------------------------
      9064        746        160         48        104      86953   Library Totals

    ----------------------------------------------------------------------

==============================================================================


      Code (inc. data)   RO Data    RW Data    ZI Data      Debug   

     48256       2378        768        176       8224     667059   Grand Totals
     48256       2378        768        176       8224     667059   ELF Image Totals
     48256       2378        768        176          0          0   ROM Totals

==============================================================================

    Total RO  Size (Code + RO Data)                49024 (  47.88kB)
    Total RW  Size (RW Data + ZI Data)              8400 (   8.20kB)
    Total ROM Size (Code + RO Data + RW Data)      49200 (  48.05kB)

==============================================================================

