Component: ARM Compiler 5.05 update 2 (build 169) Tool: armlink [4d0f33]

==============================================================================

Section Cross References

    main.o(.text) refers to _printf_percent.o(.ARM.Collect$$_printf_percent$$00000000) for _printf_percent
    main.o(.text) refers to _printf_f.o(.ARM.Collect$$_printf_percent$$00000003) for _printf_f
    main.o(.text) refers to printf1.o(x$fpl$printf1) for _printf_fp_dec
    main.o(.text) refers to rt_memcpy_w.o(.text) for __aeabi_memcpy4
    main.o(.text) refers to kalmanfilter.o(text) for Kalmanfilter_asm
    main.o(.text) refers to noretval__2printf.o(.text) for __2printf
    main.o(.text) refers to arm_sub_f32.o(.text) for arm_sub_f32
    main.o(.text) refers to f2d.o(x$fpl$f2d) for __aeabi_f2d
    main.o(.text) refers to arm_mean_f32.o(.text) for arm_mean_f32
    main.o(.text) refers to arm_std_f32.o(.text) for arm_std_f32
    main.o(.text) refers to arm_correlate_f32.o(.text) for arm_correlate_f32
    main.o(.text) refers to main.o(.constdata) for .constdata
    assembly.o(text) refers to kalmanfilter.o(text) for Kalmanfilter_asm
    startup_stm32f407xx.o(STACK) refers (Special) to heapauxi.o(.text) for __use_two_region_memory
    startup_stm32f407xx.o(HEAP) refers (Special) to heapauxi.o(.text) for __use_two_region_memory
    startup_stm32f407xx.o(RESET) refers (Special) to heapauxi.o(.text) for __use_two_region_memory
    startup_stm32f407xx.o(RESET) refers to startup_stm32f407xx.o(STACK) for __initial_sp
    startup_stm32f407xx.o(RESET) refers to startup_stm32f407xx.o(.text) for Reset_Handler
    startup_stm32f407xx.o(.text) refers (Special) to heapauxi.o(.text) for __use_two_region_memory
    startup_stm32f407xx.o(.text) refers to __main.o(!!!main) for __main
    startup_stm32f407xx.o(.text) refers to startup_stm32f407xx.o(HEAP) for Heap_Mem
    startup_stm32f407xx.o(.text) refers to startup_stm32f407xx.o(STACK) for Stack_Mem
    system_stm32f4xx.o(.text) refers to system_stm32f4xx.o(.data) for SystemCoreClock
    system_stm32f4xx.o(.text) refers to system_stm32f4xx.o(.constdata) for AHBPrescTable
    __2printf.o(.text) refers to _printf_char_file.o(.text) for _printf_char_file
    __2printf.o(.text) refers to stdio_streams.o(.bss) for __stdout
    noretval__2printf.o(.text) refers to _printf_char_file.o(.text) for _printf_char_file
    noretval__2printf.o(.text) refers to stdio_streams.o(.bss) for __stdout
    __printf.o(.text) refers to _printf_percent.o(.ARM.Collect$$_printf_percent$$00000000) for _printf_percent
    __printf_flags.o(.text) refers to _printf_percent.o(.ARM.Collect$$_printf_percent$$00000000) for _printf_percent
    __printf_flags.o(.text) refers to __printf_flags.o(.constdata) for .constdata
    __printf_ss.o(.text) refers to _printf_percent.o(.ARM.Collect$$_printf_percent$$00000000) for _printf_percent
    __printf_flags_ss.o(.text) refers to _printf_percent.o(.ARM.Collect$$_printf_percent$$00000000) for _printf_percent
    __printf_flags_ss.o(.text) refers to __printf_flags_ss.o(.constdata) for .constdata
    __printf_wp.o(.text) refers to __printf_wp.o(i._is_digit) for _is_digit
    __printf_wp.o(.text) refers to _printf_percent.o(.ARM.Collect$$_printf_percent$$00000000) for _printf_percent
    __printf_flags_wp.o(.text) refers to __printf_wp.o(i._is_digit) for _is_digit
    __printf_flags_wp.o(.text) refers to _printf_percent.o(.ARM.Collect$$_printf_percent$$00000000) for _printf_percent
    __printf_flags_wp.o(.text) refers to __printf_flags_wp.o(.constdata) for .constdata
    __printf_ss_wp.o(.text) refers to __printf_wp.o(i._is_digit) for _is_digit
    __printf_ss_wp.o(.text) refers to _printf_percent.o(.ARM.Collect$$_printf_percent$$00000000) for _printf_percent
    __printf_flags_ss_wp.o(.text) refers to __printf_wp.o(i._is_digit) for _is_digit
    __printf_flags_ss_wp.o(.text) refers to _printf_percent.o(.ARM.Collect$$_printf_percent$$00000000) for _printf_percent
    __printf_flags_ss_wp.o(.text) refers to __printf_flags_ss_wp.o(.constdata) for .constdata
    _printf_f.o(.ARM.Collect$$_printf_percent$$00000003) refers (Weak) to printf1.o(x$fpl$printf1) for _printf_fp_dec
    _printf_percent.o(.ARM.Collect$$_printf_percent$$00000000) refers (Special) to _printf_percent_end.o(.ARM.Collect$$_printf_percent$$00000017) for _printf_percent_end
    __main.o(!!!main) refers to __rtentry.o(.ARM.Collect$$rtentry$$00000000) for __rt_entry
    f2d.o(x$fpl$f2d) refers (Special) to usenofp.o(x$fpl$usenofp) for __I$use$fp
    f2d.o(x$fpl$f2d) refers to dflt_clz.o(x$fpl$dfltn) for __dflt_normalise
    f2d.o(x$fpl$f2d) refers to fnaninf.o(x$fpl$fnaninf) for __fpl_fnaninf
    f2d.o(x$fpl$f2d) refers to dretinf.o(x$fpl$dretinf) for __fpl_dretinf
    printf1.o(x$fpl$printf1) refers to _printf_fp_dec.o(.text) for _printf_fp_dec_real
    __rtentry.o(.ARM.Collect$$rtentry$$00000000) refers (Special) to __rtentry2.o(.ARM.Collect$$rtentry$$0000000A) for __rt_entry_li
[...]
    defsig.o(CL$$defsig) refers to defsig_rtred_inner.o(.text) for __rt_SIGRTRED_inner
    defsig.o(CL$$defsig) refers to defsig_rtmem_inner.o(.text) for __rt_SIGRTMEM_inner
    libshutdown.o(.ARM.Collect$$libshutdown$$00000000) refers (Special) to libshutdown2.o(.ARM.Collect$$libshutdown$$00000006) for __rt_lib_shutdown_fp_trap_1
    libshutdown.o(.ARM.Collect$$libshutdown$$00000000) refers (Special) to libshutdown2.o(.ARM.Collect$$libshutdown$$0000000E) for __rt_lib_shutdown_heap_1
    libshutdown.o(.ARM.Collect$$libshutdown$$00000000) refers (Special) to libshutdown2.o(.ARM.Collect$$libshutdown$$0000000F) for __rt_lib_shutdown_return
    libshutdown.o(.ARM.Collect$$libshutdown$$00000000) refers (Special) to libshutdown2.o(.ARM.Collect$$libshutdown$$00000009) for __rt_lib_shutdown_signal_1
    libshutdown.o(.ARM.Collect$$libshutdown$$00000000) refers (Special) to libshutdown2.o(.ARM.Collect$$libshutdown$$00000003) for __rt_lib_shutdown_stdio_1
    libshutdown.o(.ARM.Collect$$libshutdown$$00000000) refers (Special) to libshutdown2.o(.ARM.Collect$$libshutdown$$0000000B) for __rt_lib_shutdown_user_alloc_1
    defsig_abrt_inner.o(.text) refers to defsig_general.o(.text) for __default_signal_display
    defsig_stak_inner.o(.text) refers to defsig_general.o(.text) for __default_signal_display
    defsig_pvfn_inner.o(.text) refers to defsig_general.o(.text) for __default_signal_display
    defsig_cppl_inner.o(.text) refers to defsig_general.o(.text) for __default_signal_display
    defsig_segv_inner.o(.text) refers to defsig_general.o(.text) for __default_signal_display
    defsig_other.o(.text) refers to defsig_general.o(.text) for __default_signal_display


==============================================================================

Removing Unused input sections from the image.

    Removing main.o(.rev16_text), (4 bytes).
    Removing main.o(.revsh_text), (4 bytes).
    Removing main.o(.rrx_text), (6 bytes).
    Removing assembly.o(text), (100 bytes).
    Removing fput_debug.o(.rev16_text), (4 bytes).
    Removing fput_debug.o(.revsh_text), (4 bytes).
    Removing fput_debug.o(.rrx_text), (6 bytes).
    Removing system_stm32f4xx.o(.rev16_text), (4 bytes).
    Removing system_stm32f4xx.o(.revsh_text), (4 bytes).
    Removing system_stm32f4xx.o(.rrx_text), (6 bytes).
    Removing system_stm32f4xx.o(.text), (288 bytes).
    Removing system_stm32f4xx.o(.constdata), (16 bytes).
    Removing system_stm32f4xx.o(.data), (4 bytes).
    Removing arm_sub_f32.o(.rev16_text), (4 bytes).
    Removing arm_sub_f32.o(.revsh_text), (4 bytes).
    Removing arm_sub_f32.o(.rrx_text), (6 bytes).
    Removing arm_correlate_f32.o(.rev16_text), (4 bytes).
    Removing arm_correlate_f32.o(.revsh_text), (4 bytes).
    Removing arm_correlate_f32.o(.rrx_text), (6 bytes).
    Removing arm_mean_f32.o(.rev16_text), (4 bytes).
    Removing arm_mean_f32.o(.revsh_text), (4 bytes).
    Removing arm_mean_f32.o(.rrx_text), (6 bytes).
    Removing arm_std_f32.o(.rev16_text), (4 bytes).
    Removing arm_std_f32.o(.revsh_text), (4 bytes).
    Removing arm_std_f32.o(.rrx_text), (6 bytes).

25 unused section(s) (total 506 bytes) removed from the image.

==============================================================================

Image Symbol Table

    Local Symbols

    Symbol Name                              Value     Ov Type        Size  Object(Section)

    ../clib/angel/boardlib.s                 0x00000000   Number         0  boardinit1.o ABSOLUTE
    ../clib/angel/boardlib.s                 0x00000000   Number         0  boardshut.o ABSOLUTE
    ../clib/angel/boardlib.s                 0x00000000   Number         0  boardinit2.o ABSOLUTE
    ../clib/angel/boardlib.s                 0x00000000   Number         0  boardinit3.o ABSOLUTE
    ../clib/angel/handlers.s                 0x00000000   Number         0  __scatter_zi.o ABSOLUTE
    ../clib/angel/handlers.s                 0x00000000   Number         0  __scatter_copy.o ABSOLUTE
    ../clib/angel/kernel.s                   0x00000000   Number         0  __rtentry4.o ABSOLUTE
    ../clib/angel/kernel.s                   0x00000000   Number         0  __rtentry.o ABSOLUTE
    ../clib/angel/kernel.s                   0x00000000   Number         0  rtexit.o ABSOLUTE
    ../clib/angel/kernel.s                   0x00000000   Number         0  rtexit2.o ABSOLUTE
    ../clib/angel/kernel.s                   0x00000000   Number         0  __rtentry2.o ABSOLUTE
    ../clib/angel/rt.s                       0x00000000   Number         0  rt_errno_addr_intlibspace.o ABSOLUTE
    ../clib/angel/rt.s                       0x00000000   Number         0  rt_locale.o ABSOLUTE
    ../clib/angel/rt.s                       0x00000000   Number         0  rt_heap_descriptor_intlibspace.o ABSOLUTE
    ../clib/angel/rt.s                       0x00000000   Number         0  rt_heap_descriptor.o ABSOLUTE
    ../clib/angel/rt.s                       0x00000000   Number         0  rt_raise.o ABSOLUTE
    ../clib/angel/rt.s                       0x00000000   Number         0  rt_locale_intlibspace.o ABSOLUTE
    ../clib/angel/rt.s                       0x00000000   Number         0  rt_errno_addr.o ABSOLUTE
    ../clib/angel/scatter.s                  0x00000000   Number         0  __scatter.o ABSOLUTE
    ../clib/angel/startup.s                  0x00000000   Number         0  __main.o ABSOLUTE
    ../clib/angel/sys.s                      0x00000000   Number         0  indicate_semi.o ABSOLUTE
    ../clib/angel/sys.s                      0x00000000   Number         0  use_no_semi.o ABSOLUTE
    ../clib/angel/sys.s                      0x00000000   Number         0  libspace.o ABSOLUTE
    ../clib/angel/sys.s                      0x00000000   Number         0  mutex_dummy.o ABSOLUTE
    ../clib/angel/sys.s                      0x00000000   Number         0  sys_stackheap_outer.o ABSOLUTE
    ../clib/angel/sysapp.c                   0x00000000   Number         0  sys_io.o ABSOLUTE
    ../clib/angel/sysapp.c                   0x00000000   Number         0  sys_exit.o ABSOLUTE
    ../clib/angel/sysapp.c                   0x00000000   Number         0  sys_command.o ABSOLUTE
    ../clib/angel/sysapp.c                   0x00000000   Number         0  sys_wrch.o ABSOLUTE
    ../clib/armsys.c                         0x00000000   Number         0  argv_veneer.o ABSOLUTE
    ../clib/armsys.c                         0x00000000   Number         0  argv_veneer.o ABSOLUTE
    ../clib/armsys.c                         0x00000000   Number         0  _get_argv.o ABSOLUTE
    ../clib/armsys.c                         0x00000000   Number         0  _get_argv_nomalloc.o ABSOLUTE
    ../clib/armsys.c                         0x00000000   Number         0  no_argv.o ABSOLUTE
    ../clib/bigflt.c                         0x00000000   Number         0  bigflt0.o ABSOLUTE
    ../clib/btod.s                           0x00000000   Number         0  btod.o ABSOLUTE
    ../clib/fenv.c                           0x00000000   Number         0  _fptrap.o ABSOLUTE
    ../clib/heap1.c                          0x00000000   Number         0  h1_extend_mt.o ABSOLUTE
    ../clib/heap1.c                          0x00000000   Number         0  h1_init_mt.o ABSOLUTE
    ../clib/heap1.c                          0x00000000   Number         0  h1_init.o ABSOLUTE
    ../clib/heap1.c                          0x00000000   Number         0  h1_free.o ABSOLUTE
    ../clib/heap1.c                          0x00000000   Number         0  h1_alloc_mt.o ABSOLUTE
    ../clib/heap1.c                          0x00000000   Number         0  h1_alloc.o ABSOLUTE
    ../clib/heap1.c                          0x00000000   Number         0  h1_extend.o ABSOLUTE
    ../clib/heap1.c                          0x00000000   Number         0  h1_final_mt.o ABSOLUTE
    ../clib/heap1.c                          0x00000000   Number         0  h1_final.o ABSOLUTE
    ../clib/heap1.c                          0x00000000   Number         0  h1_free_mt.o ABSOLUTE
    ../clib/heap2.c                          0x00000000   Number         0  heap2.o ABSOLUTE
    ../clib/heap2.c                          0x00000000   Number         0  heap2mt.o ABSOLUTE
    ../clib/heap2.c                          0x00000000   Number         0  fdtree.o ABSOLUTE
    ../clib/heapalloc.c                      0x00000000   Number         0  heapstubs.o ABSOLUTE
    ../clib/heapalloc.c                      0x00000000   Number         0  maybetermalloc1.o ABSOLUTE
    ../clib/heapalloc.c                      0x00000000   Number         0  malloc.o ABSOLUTE
    ../clib/heapalloc.c                      0x00000000   Number         0  init_alloc.o ABSOLUTE
    ../clib/heapalloc.c                      0x00000000   Number         0  hguard.o ABSOLUTE
    ../clib/heapalloc.c                      0x00000000   Number         0  maybetermalloc1.o ABSOLUTE
    ../clib/heapalloc.c                      0x00000000   Number         0  term_alloc.o ABSOLUTE
    ../clib/heapalloc.c                      0x00000000   Number         0  hrguard.o ABSOLUTE
    ../clib/heapalloc.c                      0x00000000   Number         0  maybetermalloc2.o ABSOLUTE
    ../clib/heapalloc.c                      0x00000000   Number         0  free.o ABSOLUTE
    ../clib/heapalloc.c                      0x00000000   Number         0  maybetermalloc2.o ABSOLUTE
    ../clib/heapaux.c                        0x00000000   Number         0  heapauxa.o ABSOLUTE
    ../clib/heapaux.c                        0x00000000   Number         0  heapauxi.o ABSOLUTE
    ../clib/libinit.s                        0x00000000   Number         0  libinit.o ABSOLUTE
    ../clib/libinit.s                        0x00000000   Number         0  libshutdown2.o ABSOLUTE
    ../clib/libinit.s                        0x00000000   Number         0  libinit2.o ABSOLUTE
    ../clib/libinit.s                        0x00000000   Number         0  libshutdown.o ABSOLUTE
    ../clib/locale.s                         0x00000000   Number         0  lc_numeric_c.o ABSOLUTE
    ../clib/longlong.s                       0x00000000   Number         0  lludiv10.o ABSOLUTE
    ../clib/memcpset.s                       0x00000000   Number         0  strcmpv7m.o ABSOLUTE
    ../clib/memcpset.s                       0x00000000   Number         0  rt_memclr_w.o ABSOLUTE
    ../clib/memcpset.s                       0x00000000   Number         0  rt_memcpy_w.o ABSOLUTE
    ../clib/printf.c                         0x00000000   Number         0  _printf_char_file.o ABSOLUTE
    ../clib/printf.c                         0x00000000   Number         0  __printf_flags_ss_wp.o ABSOLUTE
    ../clib/printf.c                         0x00000000   Number         0  _printf_char_common.o ABSOLUTE
    ../clib/printf.c                         0x00000000   Number         0  _printf_fp_infnan.o ABSOLUTE
    ../clib/printf.c                         0x00000000   Number         0  __printf_flags_wp.o ABSOLUTE
    ../clib/printf.c                         0x00000000   Number         0  __printf_wp.o ABSOLUTE
    ../clib/printf.c                         0x00000000   Number         0  __printf_ss.o ABSOLUTE
    ../clib/printf.c                         0x00000000   Number         0  __printf_flags_ss.o ABSOLUTE
    ../clib/printf.c                         0x00000000   Number         0  __printf_flags.o ABSOLUTE
    ../clib/printf.c                         0x00000000   Number         0  __2printf.o ABSOLUTE
    ../clib/printf.c                         0x00000000   Number         0  noretval__2printf.o ABSOLUTE
    ../clib/printf.c                         0x00000000   Number         0  __printf.o ABSOLUTE
    ../clib/printf.c                         0x00000000   Number         0  __printf_nopercent.o ABSOLUTE
    ../clib/printf.c                         0x00000000   Number         0  _printf_fp_dec.o ABSOLUTE
    ../clib/printf.c                         0x00000000   Number         0  __printf_ss_wp.o ABSOLUTE
    ../clib/printf_percent.s                 0x00000000   Number         0  _printf_percent.o ABSOLUTE
    ../clib/printf_percent.s                 0x00000000   Number         0  _printf_f.o ABSOLUTE
    ../clib/printf_percent.s                 0x00000000   Number         0  _printf_percent_end.o ABSOLUTE
    ../clib/signal.c                         0x00000000   Number         0  defsig_other.o ABSOLUTE
    ../clib/signal.c                         0x00000000   Number         0  defsig_pvfn_inner.o ABSOLUTE
    ../clib/signal.c                         0x00000000   Number         0  defsig_rtred_formal.o ABSOLUTE
    ../clib/signal.c                         0x00000000   Number         0  defsig_rtred_outer.o ABSOLUTE
    ../clib/signal.c                         0x00000000   Number         0  defsig_segv_inner.o ABSOLUTE
    ../clib/signal.c                         0x00000000   Number         0  __raise.o ABSOLUTE
    ../clib/signal.c                         0x00000000   Number         0  defsig_fpe_outer.o ABSOLUTE
    ../clib/signal.c                         0x00000000   Number         0  defsig_fpe_inner.o ABSOLUTE
    ../clib/signal.c                         0x00000000   Number         0  defsig_rtmem_inner.o ABSOLUTE
    ../clib/signal.c                         0x00000000   Number         0  defsig_abrt_inner.o ABSOLUTE
    ../clib/signal.c                         0x00000000   Number         0  defsig_fpe_formal.o ABSOLUTE
    ../clib/signal.c                         0x00000000   Number         0  defsig_cppl_inner.o ABSOLUTE
    ../clib/signal.c                         0x00000000   Number         0  defsig_rtmem_outer.o ABSOLUTE
    ../clib/signal.c                         0x00000000   Number         0  defsig_general.o ABSOLUTE
    ../clib/signal.c                         0x00000000   Number         0  defsig_rtred_inner.o ABSOLUTE
    ../clib/signal.c                         0x00000000   Number         0  defsig_exit.o ABSOLUTE
    ../clib/signal.c                         0x00000000   Number         0  defsig_stak_inner.o ABSOLUTE
    ../clib/signal.c                         0x00000000   Number         0  defsig_rtmem_formal.o ABSOLUTE
    ../clib/signal.s                         0x00000000   Number         0  defsig.o ABSOLUTE
    ../clib/stdio.c                          0x00000000   Number         0  initio_locked.o ABSOLUTE
    ../clib/stdio.c                          0x00000000   Number         0  fopen_locked.o ABSOLUTE
    ../clib/stdio.c                          0x00000000   Number         0  setvbuf_locked.o ABSOLUTE
    ../clib/stdio.c                          0x00000000   Number         0  fclose.o ABSOLUTE
    ../clib/stdio.c                          0x00000000   Number         0  fopen.o ABSOLUTE
    ../clib/stdio.c                          0x00000000   Number         0  fseek.o ABSOLUTE
    ../clib/stdio.c                          0x00000000   Number         0  ferror_locked.o ABSOLUTE
    ../clib/stdio.c                          0x00000000   Number         0  setvbuf.o ABSOLUTE
    ../clib/stdio.c                          0x00000000   Number         0  stdio_streams.o ABSOLUTE
    ../clib/stdio.c                          0x00000000   Number         0  ftell.o ABSOLUTE
    ../clib/stdio.c                          0x00000000   Number         0  ferror.o ABSOLUTE
    ../clib/stdio.c                          0x00000000   Number         0  streamlock.o ABSOLUTE
    ../clib/stdio.c                          0x00000000   Number         0  initio.o ABSOLUTE
    ../clib/stdio.c                          0x00000000   Number         0  stdio.o ABSOLUTE
    ../clib/stdlib.c                         0x00000000   Number         0  exit.o ABSOLUTE
    ../clib/string.c                         0x00000000   Number         0  strlen.o ABSOLUTE
    ../fplib/dflt.s                          0x00000000   Number         0  dflt_clz.o ABSOLUTE
    ../fplib/dretinf.s                       0x00000000   Number         0  dretinf.o ABSOLUTE
    ../fplib/except.s                        0x00000000   Number         0  except.o ABSOLUTE
    ../fplib/f2d.s                           0x00000000   Number         0  f2d.o ABSOLUTE
    ../fplib/fnaninf.s                       0x00000000   Number         0  fnaninf.o ABSOLUTE
    ../fplib/fpinit.s                        0x00000000   Number         0  fpinit.o ABSOLUTE
    ../fplib/funder.s                        0x00000000   Number         0  funder_clz.o ABSOLUTE
    ../fplib/istatus.s                       0x00000000   Number         0  istatus.o ABSOLUTE
    ../fplib/printf1.s                       0x00000000   Number         0  printf1.o ABSOLUTE
    ../fplib/retnan.s                        0x00000000   Number         0  retnan.o ABSOLUTE
    ../fplib/trapv.s                         0x00000000   Number         0  trapv.o ABSOLUTE
    ../fplib/usenofp.s                       0x00000000   Number         0  usenofp.o ABSOLUTE
    ../mathlib/fpclassify.c                  0x00000000   Number         0  fpclassify.o ABSOLUTE
    ..\BasicMathFunctions\arm_sub_f32.c      0x00000000   Number         0  arm_sub_f32.o ABSOLUTE
    ..\FilteringFunctions\arm_correlate_f32.c 0x00000000   Number         0  arm_correlate_f32.o ABSOLUTE
    ..\StatisticsFunctions\arm_mean_f32.c    0x00000000   Number         0  arm_mean_f32.o ABSOLUTE
    ..\StatisticsFunctions\arm_std_f32.c     0x00000000   Number         0  arm_std_f32.o ABSOLUTE
    ..\\BasicMathFunctions\\arm_sub_f32.c    0x00000000   Number         0  arm_sub_f32.o ABSOLUTE
    ..\\FilteringFunctions\\arm_correlate_f32.c 0x00000000   Number         0  arm_correlate_f32.o ABSOLUTE
    ..\\StatisticsFunctions\\arm_mean_f32.c  0x00000000   Number         0  arm_mean_f32.o ABSOLUTE
    ..\\StatisticsFunctions\\arm_std_f32.c   0x00000000   Number         0  arm_std_f32.o ABSOLUTE
    Kalmanfilter.s                           0x00000000   Number         0  kalmanfilter.o ABSOLUTE
    RTE\Device\STM32F407VGTx\startup_stm32f407xx.s 0x00000000   Number         0  startup_stm32f407xx.o ABSOLUTE
    RTE\Device\STM32F407VGTx\system_stm32f4xx.c 0x00000000   Number         0  system_stm32f4xx.o ABSOLUTE
    RTE\\Device\\STM32F407VGTx\\system_stm32f4xx.c 0x00000000   Number         0  system_stm32f4xx.o ABSOLUTE
    Sources\Assembly.s                       0x00000000   Number         0  assembly.o ABSOLUTE
    Sources\\fput_debug.c                    0x00000000   Number         0  fput_debug.o ABSOLUTE
    Sources\\main.c                          0x00000000   Number         0  main.o ABSOLUTE
    Sources\fput_debug.c                     0x00000000   Number         0  fput_debug.o ABSOLUTE
    Sources\main.c                           0x00000000   Number         0  main.o ABSOLUTE
    dc.s                                     0x00000000   Number         0  dc.o ABSOLUTE
    RESET                                    0x08000000   Section      392  startup_stm32f407xx.o(RESET)
    !!!main                                  0x08000188   Section        8  __main.o(!!!main)
    !!!scatter                               0x08000190   Section       52  __scatter.o(!!!scatter)
    !!handler_copy                           0x080001c4   Section       26  __scatter_copy.o(!!handler_copy)
    !!handler_zi                             0x080001e0   Section       28  __scatter_zi.o(!!handler_zi)
    .ARM.Collect$$_printf_percent$$00000000  0x080001fc   Section        0  _printf_percent.o(.ARM.Collect$$_printf_percent$$00000000)
    .ARM.Collect$$_printf_percent$$00000003  0x080001fc   Section        6  _printf_f.o(.ARM.Collect$$_printf_percent$$00000003)
    .ARM.Collect$$_printf_percent$$00000017  0x08000202   Section        4  _printf_percent_end.o(.ARM.Collect$$_printf_percent$$00000017)
    .ARM.Collect$$libinit$$00000000          0x08000206   Section        2  libinit.o(.ARM.Collect$$libinit$$00000000)
    .ARM.Collect$$libinit$$00000001          0x08000208   Section        4  libinit2.o(.ARM.Collect$$libinit$$00000001)
    .ARM.Collect$$libinit$$00000004          0x0800020c   Section        0  libinit2.o(.ARM.Collect$$libinit$$00000004)
    .ARM.Collect$$libinit$$00000005          0x0800020c   Section        8  libinit2.o(.ARM.Collect$$libinit$$00000005)
    .ARM.Collect$$libinit$$0000000A          0x08000214   Section        0  libinit2.o(.ARM.Collect$$libinit$$0000000A)
    .ARM.Collect$$libinit$$0000000C          0x08000214   Section        0  libinit2.o(.ARM.Collect$$libinit$$0000000C)
    .ARM.Collect$$libinit$$0000000E          0x08000214   Section        0  libinit2.o(.ARM.Collect$$libinit$$0000000E)
    .ARM.Collect$$libinit$$0000000F          0x08000214   Section        6  libinit2.o(.ARM.Collect$$libinit$$0000000F)
    .ARM.Collect$$libinit$$00000011          0x0800021a   Section        0  libinit2.o(.ARM.Collect$$libinit$$00000011)
    .ARM.Collect$$libinit$$00000013          0x0800021a   Section        0  libinit2.o(.ARM.Collect$$libinit$$00000013)
    .ARM.Collect$$libinit$$00000015          0x0800021a   Section        0  libinit2.o(.ARM.Collect$$libinit$$00000015)
    .ARM.Collect$$libinit$$00000016          0x0800021a   Section       10  libinit2.o(.ARM.Collect$$libinit$$00000016)
    .ARM.Collect$$libinit$$00000017          0x08000224   Section        0  libinit2.o(.ARM.Collect$$libinit$$00000017)
    .ARM.Collect$$libinit$$00000019          0x08000224   Section        0  libinit2.o(.ARM.Collect$$libinit$$00000019)
    .ARM.Collect$$libinit$$0000001B          0x08000224   Section        0  libinit2.o(.ARM.Collect$$libinit$$0000001B)
    .ARM.Collect$$libinit$$0000001D          0x08000224   Section        0  libinit2.o(.ARM.Collect$$libinit$$0000001D)
    .ARM.Collect$$libinit$$0000001F          0x08000224   Section        0  libinit2.o(.ARM.Collect$$libinit$$0000001F)
    .ARM.Collect$$libinit$$00000021          0x08000224   Section        0  libinit2.o(.ARM.Collect$$libinit$$00000021)
    .ARM.Collect$$libinit$$00000023          0x08000224   Section        0  libinit2.o(.ARM.Collect$$libinit$$00000023)
    .ARM.Collect$$libinit$$00000024          0x08000224   Section        4  libinit2.o(.ARM.Collect$$libinit$$00000024)
    .ARM.Collect$$libinit$$00000025          0x08000228   Section        0  libinit2.o(.ARM.Collect$$libinit$$00000025)
    .ARM.Collect$$libinit$$0000002C          0x08000228   Section        0  libinit2.o(.ARM.Collect$$libinit$$0000002C)
    .ARM.Collect$$libinit$$0000002E          0x08000228   Section        0  libinit2.o(.ARM.Collect$$libinit$$0000002E)
    .ARM.Collect$$libinit$$00000030          0x08000228   Section        0  libinit2.o(.ARM.Collect$$libinit$$00000030)
    .ARM.Collect$$libinit$$00000032          0x08000228   Section        0  libinit2.o(.ARM.Collect$$libinit$$00000032)
    .ARM.Collect$$libinit$$00000033          0x08000228   Section        2  libinit2.o(.ARM.Collect$$libinit$$00000033)
    .ARM.Collect$$libshutdown$$00000000      0x0800022a   Section        2  libshutdown.o(.ARM.Collect$$libshutdown$$00000000)
    .ARM.Collect$$libshutdown$$00000002      0x0800022c   Section        4  libshutdown2.o(.ARM.Collect$$libshutdown$$00000002)
    .ARM.Collect$$libshutdown$$00000003      0x08000230   Section        0  libshutdown2.o(.ARM.Collect$$libshutdown$$00000003)
    .ARM.Collect$$libshutdown$$00000006      0x08000230   Section        0  libshutdown2.o(.ARM.Collect$$libshutdown$$00000006)
    .ARM.Collect$$libshutdown$$00000009      0x08000230   Section        0  libshutdown2.o(.ARM.Collect$$libshutdown$$00000009)
    .ARM.Collect$$libshutdown$$0000000B      0x08000230   Section        0  libshutdown2.o(.ARM.Collect$$libshutdown$$0000000B)
    .ARM.Collect$$libshutdown$$0000000E      0x08000230   Section        0  libshutdown2.o(.ARM.Collect$$libshutdown$$0000000E)
    .ARM.Collect$$libshutdown$$0000000F      0x08000230   Section        2  libshutdown2.o(.ARM.Collect$$libshutdown$$0000000F)
    .ARM.Collect$$rtentry$$00000000          0x08000232   Section        0  __rtentry.o(.ARM.Collect$$rtentry$$00000000)
    .ARM.Collect$$rtentry$$00000002          0x08000232   Section        0  __rtentry2.o(.ARM.Collect$$rtentry$$00000002)
    .ARM.Collect$$rtentry$$00000004          0x08000232   Section        6  __rtentry4.o(.ARM.Collect$$rtentry$$00000004)
    .ARM.Collect$$rtentry$$00000009          0x08000238   Section        0  __rtentry2.o(.ARM.Collect$$rtentry$$00000009)
    .ARM.Collect$$rtentry$$0000000A          0x08000238   Section        4  __rtentry2.o(.ARM.Collect$$rtentry$$0000000A)
    .ARM.Collect$$rtentry$$0000000C          0x0800023c   Section        0  __rtentry2.o(.ARM.Collect$$rtentry$$0000000C)
    .ARM.Collect$$rtentry$$0000000D          0x0800023c   Section        8  __rtentry2.o(.ARM.Collect$$rtentry$$0000000D)
    .ARM.Collect$$rtexit$$00000000           0x08000244   Section        2  rtexit.o(.ARM.Collect$$rtexit$$00000000)
    .ARM.Collect$$rtexit$$00000002           0x08000246   Section        0  rtexit2.o(.ARM.Collect$$rtexit$$00000002)
    .ARM.Collect$$rtexit$$00000003           0x08000246   Section        4  rtexit2.o(.ARM.Collect$$rtexit$$00000003)
    .ARM.Collect$$rtexit$$00000004           0x0800024a   Section        6  rtexit2.o(.ARM.Collect$$rtexit$$00000004)
    .emb_text                                0x08000250   Section        0  maybetermalloc1.o(.emb_text)
    .text                                    0x08000250   Section        0  main.o(.text)
    .text                                    0x080007f0   Section        0  fput_debug.o(.text)
    .text                                    0x08000828   Section       84  startup_stm32f407xx.o(.text)
    $v0                                      0x08000828   Number         0  startup_stm32f407xx.o(.text)
    .text                                    0x0800087c   Section        0  arm_sub_f32.o(.text)
    .text                                    0x08000950   Section        0  arm_correlate_f32.o(.text)
    .text                                    0x08000edc   Section        0  arm_mean_f32.o(.text)
    .text                                    0x08000f6c   Section        0  arm_std_f32.o(.text)
    .text                                    0x080010a0   Section        0  noretval__2printf.o(.text)
    .text                                    0x080010b8   Section        0  __printf.o(.text)
    .text                                    0x08001120   Section      100  rt_memcpy_w.o(.text)
    .text                                    0x08001184   Section        0  heapauxi.o(.text)
    .text                                    0x0800118a   Section        0  _printf_fp_dec.o(.text)
    _fp_digits                               0x0800118d   Thumb Code   428  _printf_fp_dec.o(.text)
    .text                                    0x080015a4   Section        0  _printf_char_file.o(.text)
    .text                                    0x080015c8   Section        8  rt_locale_intlibspace.o(.text)
    .text                                    0x080015d0   Section      138  lludiv10.o(.text)
    .text                                    0x0800165c   Section        0  _printf_char_common.o(.text)
    _printf_input_char                       0x0800165d   Thumb Code    10  _printf_char_common.o(.text)
    .text                                    0x0800168c   Section        0  _printf_fp_infnan.o(.text)
    .text                                    0x0800170c   Section        0  bigflt0.o(.text)
    .text                                    0x080017e8   Section        0  ferror.o(.text)
    .text                                    0x080017f0   Section        0  initio.o(.text)
    .text                                    0x08001928   Section        0  sys_io.o(.text)
    .text                                    0x08001990   Section        8  libspace.o(.text)
    .text                                    0x08001998   Section       74  sys_stackheap_outer.o(.text)
    .text                                    0x080019e2   Section        0  h1_free.o(.text)
    .text                                    0x08001a30   Section        0  setvbuf.o(.text)
    .text                                    0x08001a78   Section        0  fopen.o(.text)
    _freopen_locked                          0x08001a79   Thumb Code     0  fopen.o(.text)
    .text                                    0x08001b64   Section        0  fclose.o(.text)
    .text                                    0x08001bb0   Section        0  exit.o(.text)
    .text                                    0x08001bbc   Section        0  defsig_rtred_outer.o(.text)
    .text                                    0x08001bca   Section       78  rt_memclr_w.o(.text)
    .text                                    0x08001c18   Section      128  strcmpv7m.o(.text)
    .text                                    0x08001c98   Section        2  use_no_semi.o(.text)
    .text                                    0x08001c9a   Section        0  indicate_semi.o(.text)
    .text                                    0x08001c9c   Section        8  rt_heap_descriptor_intlibspace.o(.text)
    .text                                    0x08001ca4   Section        0  hguard.o(.text)
    .text                                    0x08001ca8   Section        0  init_alloc.o(.text)
    .text                                    0x08001d32   Section        0  h1_alloc.o(.text)
    .text                                    0x08001d90   Section        0  _fptrap.o(.text)
    .text                                    0x08001dc0   Section        0  fseek.o(.text)
    .text                                    0x08001eb8   Section        0  stdio.o(.text)
    .text                                    0x08001fa8   Section        0  defsig_exit.o(.text)
    .text                                    0x08001fb4   Section        0  defsig_rtred_inner.o(.text)
    .text                                    0x08001fe8   Section        0  strlen.o(.text)
    .text                                    0x08002028   Section        0  sys_exit.o(.text)
    .text                                    0x08002034   Section        0  h1_init.o(.text)
    .text                                    0x08002042   Section        0  h1_extend.o(.text)
    .text                                    0x08002076   Section        0  ftell.o(.text)
    .text                                    0x080020b8   Section        0  defsig_general.o(.text)
    .text                                    0x080020ea   Section        0  defsig_fpe_outer.o(.text)
    .text                                    0x080020f8   Section        0  defsig_rtmem_outer.o(.text)
    .text                                    0x08002106   Section        0  sys_wrch.o(.text)
    .text                                    0x08002114   Section        8  rt_errno_addr_intlibspace.o(.text)
    .text                                    0x0800211c   Section        0  defsig_fpe_inner.o(.text)
    .text                                    0x080021c8   Section        0  defsig_rtmem_inner.o(.text)
    CL$$btod_d2e                             0x08002218   Section       62  btod.o(CL$$btod_d2e)
    CL$$btod_d2e_denorm_low                  0x08002256   Section       70  btod.o(CL$$btod_d2e_denorm_low)
    CL$$btod_d2e_norm_op1                    0x0800229c   Section       96  btod.o(CL$$btod_d2e_norm_op1)
    CL$$btod_div_common                      0x080022fc   Section      824  btod.o(CL$$btod_div_common)
    CL$$btod_e2e                             0x08002634   Section      198  btod.o(CL$$btod_e2e)
    CL$$btod_ediv                            0x080026fa   Section       40  btod.o(CL$$btod_ediv)
    CL$$btod_emul                            0x08002722   Section       40  btod.o(CL$$btod_emul)
    CL$$btod_mult_common                     0x0800274a   Section      580  btod.o(CL$$btod_mult_common)
    i.__ARM_fpclassify                       0x0800298e   Section        0  fpclassify.o(i.__ARM_fpclassify)
    locale$$code                             0x080029c0   Section       44  lc_numeric_c.o(locale$$code)
    text                                     0x080029ec   Section       74  kalmanfilter.o(text)
    $v0                                      0x080029ec   Number         0  kalmanfilter.o(text)
    x$fpl$dfltn                              0x08002a36   Section       26  dflt_clz.o(x$fpl$dfltn)
    $v0                                      0x08002a36   Number         0  dflt_clz.o(x$fpl$dfltn)
    x$fpl$dretinf                            0x08002a50   Section       12  dretinf.o(x$fpl$dretinf)
    $v0                                      0x08002a50   Number         0  dretinf.o(x$fpl$dretinf)
    x$fpl$exception                          0x08002a5c   Section      492  except.o(x$fpl$exception)
    $v0                                      0x08002a5c   Number         0  except.o(x$fpl$exception)
    x$fpl$f2d                                0x08002c48   Section      122  f2d.o(x$fpl$f2d)
    $v0                                      0x08002c48   Number         0  f2d.o(x$fpl$f2d)
    x$fpl$fnaninf                            0x08002cc2   Section      242  fnaninf.o(x$fpl$fnaninf)
    $v0                                      0x08002cc2   Number         0  fnaninf.o(x$fpl$fnaninf)
    x$fpl$fpinit                             0x08002db4   Section       10  fpinit.o(x$fpl$fpinit)
    $v0                                      0x08002db4   Number         0  fpinit.o(x$fpl$fpinit)
    x$fpl$funder                             0x08002dbe   Section      316  funder_clz.o(x$fpl$funder)
    $v0                                      0x08002dbe   Number         0  funder_clz.o(x$fpl$funder)
    x$fpl$ieeestatus                         0x08002efc   Section       32  istatus.o(x$fpl$ieeestatus)
    $v0                                      0x08002efc   Number         0  istatus.o(x$fpl$ieeestatus)
    x$fpl$printf1                            0x08002f1c   Section        4  printf1.o(x$fpl$printf1)
    $v0                                      0x08002f1c   Number         0  printf1.o(x$fpl$printf1)
    x$fpl$retnan                             0x08002f20   Section      178  retnan.o(x$fpl$retnan)
    $v0                                      0x08002f20   Number         0  retnan.o(x$fpl$retnan)
    x$fpl$trapveneer                         0x08002fd2   Section      126  trapv.o(x$fpl$trapveneer)
    $v0                                      0x08002fd2   Number         0  trapv.o(x$fpl$trapveneer)
    .constdata                               0x08003050   Section       20  main.o(.constdata)
    x$fpl$usenofp                            0x08003050   Section        0  usenofp.o(x$fpl$usenofp)
    .constdata                               0x08003064   Section      148  bigflt0.o(.constdata)
    tenpwrs_x                                0x08003064   Data          60  bigflt0.o(.constdata)
    tenpwrs_i                                0x080030a0   Data          64  bigflt0.o(.constdata)
    .constdata                               0x080030f8   Section        4  sys_io.o(.constdata)
    .constdata                               0x080030fc   Section        4  sys_io.o(.constdata)
    .constdata                               0x08003100   Section        4  sys_io.o(.constdata)
    locale$$data                             0x08003124   Section       28  lc_numeric_c.o(locale$$data)
    __lcnum_c_name                           0x08003128   Data           2  lc_numeric_c.o(locale$$data)
    __lcnum_c_start                          0x08003130   Data           0  lc_numeric_c.o(locale$$data)
    __lcnum_c_point                          0x0800313c   Data           0  lc_numeric_c.o(locale$$data)
    __lcnum_c_thousands                      0x0800313e   Data           0  lc_numeric_c.o(locale$$data)
    __lcnum_c_grouping                       0x0800313f   Data           0  lc_numeric_c.o(locale$$data)
    __lcnum_c_end                            0x08003140   Data           0  lc_numeric_c.o(locale$$data)
    .data                                    0x20000000   Section        4  stdio_streams.o(.data)
    .data                                    0x20000004   Section        4  stdio_streams.o(.data)
    .data                                    0x20000008   Section        4  stdio_streams.o(.data)
    .bss                                     0x2000000c   Section       84  stdio_streams.o(.bss)
    .bss                                     0x20000060   Section       84  stdio_streams.o(.bss)
    .bss                                     0x200000b4   Section       84  stdio_streams.o(.bss)
    .bss                                     0x20000108   Section       96  libspace.o(.bss)
    HEAP                                     0x20000168   Section      512  startup_stm32f407xx.o(HEAP)
    Heap_Mem                                 0x20000168   Data         512  startup_stm32f407xx.o(HEAP)
    STACK                                    0x20000368   Section     1024  startup_stm32f407xx.o(STACK)
    Stack_Mem                                0x20000368   Data        1024  startup_stm32f407xx.o(STACK)
    __initial_sp                             0x20000768   Data           0  startup_stm32f407xx.o(STACK)

    Global Symbols

    Symbol Name                              Value     Ov Type        Size  Object(Section)

    BuildAttributes$$THM_ISAv4$E$P$D$K$B$S$7EM$VFPi3$EXTD16$VFPS$VFMA$PE$A:L22UL41UL21$X:L11$S22US41US21$IEEE1$IW$USESV6$~STKCKD$USESV7$~SHL$OTIME$ROPI$IEEEX$EBA8$UX$STANDARDLIB$REQ8$PRES8$EABIv2 0x00000000   Number         0  anon$$obj.o ABSOLUTE
    __ARM_use_no_argv                        0x00000000   Number         0  main.o ABSOLUTE
    __ARM_exceptions_init                     - Undefined Weak Reference
    __alloca_initialize                       - Undefined Weak Reference
    __arm_preinit_                            - Undefined Weak Reference
    __cpp_initialize__aeabi_                  - Undefined Weak Reference
    __cxa_finalize                            - Undefined Weak Reference
    __sigvec_lookup                           - Undefined Weak Reference
    __user_heap_extent                        - Undefined Weak Reference
    _atexit_init                              - Undefined Weak Reference
    _call_atexit_fns                          - Undefined Weak Reference
    _clock_init                               - Undefined Weak Reference
    _fp_trap_big                              - Undefined Weak Reference
    _fp_trap_init                             - Undefined Weak Reference
    _fp_trap_shutdown                         - Undefined Weak Reference
    _get_lc_collate                           - Undefined Weak Reference
    _get_lc_ctype                             - Undefined Weak Reference
    _get_lc_monetary                          - Undefined Weak Reference
    _get_lc_time                              - Undefined Weak Reference
    _getenv_init                              - Undefined Weak Reference
    _handle_redirection                       - Undefined Weak Reference
    _mutex_acquire                            - Undefined Weak Reference
    _mutex_free                               - Undefined Weak Reference
    _mutex_release                            - Undefined Weak Reference
    _printf_post_padding                      - Undefined Weak Reference
    _printf_pre_padding                       - Undefined Weak Reference
    _rand_init                                - Undefined Weak Reference
    _signal_finish                            - Undefined Weak Reference
    _signal_init                              - Undefined Weak Reference
    __Vectors_Size                           0x00000188   Number         0  startup_stm32f407xx.o ABSOLUTE
    __Vectors                                0x08000000   Data           4  startup_stm32f407xx.o(RESET)
    __Vectors_End                            0x08000188   Data           0  startup_stm32f407xx.o(RESET)
    __main                                   0x08000189   Thumb Code     8  __main.o(!!!main)
    __scatterload                            0x08000191   Thumb Code     0  __scatter.o(!!!scatter)
    __scatterload_rt2                        0x08000191   Thumb Code    44  __scatter.o(!!!scatter)
    __scatterload_rt2_thumb_only             0x08000191   Thumb Code     0  __scatter.o(!!!scatter)
    __scatterload_null                       0x0800019f   Thumb Code     0  __scatter.o(!!!scatter)
    __scatterload_copy                       0x080001c5   Thumb Code    26  __scatter_copy.o(!!handler_copy)
    __scatterload_zeroinit                   0x080001e1   Thumb Code    28  __scatter_zi.o(!!handler_zi)
    _printf_f                                0x080001fd   Thumb Code     0  _printf_f.o(.ARM.Collect$$_printf_percent$$00000003)
    _printf_percent                          0x080001fd   Thumb Code     0  _printf_percent.o(.ARM.Collect$$_printf_percent$$00000000)
    _printf_percent_end                      0x08000203   Thumb Code     0  _printf_percent_end.o(.ARM.Collect$$_printf_percent$$00000017)
    __rt_lib_init                            0x08000207   Thumb Code     0  libinit.o(.ARM.Collect$$libinit$$00000000)
    __rt_lib_init_fp_1                       0x08000209   Thumb Code     0  libinit2.o(.ARM.Collect$$libinit$$00000001)
    __rt_lib_init_heap_2                     0x0800020d   Thumb Code     0  libinit2.o(.ARM.Collect$$libinit$$00000005)
    __rt_lib_init_preinit_1                  0x0800020d   Thumb Code     0  libinit2.o(.ARM.Collect$$libinit$$00000004)
    __rt_lib_init_heap_1                     0x08000215   Thumb Code     0  libinit2.o(.ARM.Collect$$libinit$$0000000A)
    __rt_lib_init_lc_common                  0x08000215   Thumb Code     0  libinit2.o(.ARM.Collect$$libinit$$0000000F)
    __rt_lib_init_rand_1                     0x08000215   Thumb Code     0  libinit2.o(.ARM.Collect$$libinit$$0000000E)
    __rt_lib_init_user_alloc_1               0x08000215   Thumb Code     0  libinit2.o(.ARM.Collect$$libinit$$0000000C)
    __rt_lib_init_lc_collate_1               0x0800021b   Thumb Code     0  libinit2.o(.ARM.Collect$$libinit$$00000011)
    __rt_lib_init_lc_ctype_1                 0x0800021b   Thumb Code     0  libinit2.o(.ARM.Collect$$libinit$$00000013)
    __rt_lib_init_lc_monetary_1              0x0800021b   Thumb Code     0  libinit2.o(.ARM.Collect$$libinit$$00000015)
    __rt_lib_init_lc_numeric_2               0x0800021b   Thumb Code     0  libinit2.o(.ARM.Collect$$libinit$$00000016)
    __rt_lib_init_atexit_1                   0x08000225   Thumb Code     0  libinit2.o(.ARM.Collect$$libinit$$0000001B)
    __rt_lib_init_clock_1                    0x08000225   Thumb Code     0  libinit2.o(.ARM.Collect$$libinit$$00000021)
    __rt_lib_init_fp_trap_1                  0x08000225   Thumb Code     0  libinit2.o(.ARM.Collect$$libinit$$0000001F)
    __rt_lib_init_getenv_1                   0x08000225   Thumb Code     0  libinit2.o(.ARM.Collect$$libinit$$00000023)
    __rt_lib_init_lc_numeric_1               0x08000225   Thumb Code     0  libinit2.o(.ARM.Collect$$libinit$$00000017)
    __rt_lib_init_lc_time_1                  0x08000225   Thumb Code     0  libinit2.o(.ARM.Collect$$libinit$$00000019)
    __rt_lib_init_signal_1                   0x08000225   Thumb Code     0  libinit2.o(.ARM.Collect$$libinit$$0000001D)
    __rt_lib_init_stdio_2                    0x08000225   Thumb Code     0  libinit2.o(.ARM.Collect$$libinit$$00000024)
    __rt_lib_init_alloca_1                   0x08000229   Thumb Code     0  libinit2.o(.ARM.Collect$$libinit$$0000002E)
    __rt_lib_init_argv_1                     0x08000229   Thumb Code     0  libinit2.o(.ARM.Collect$$libinit$$0000002C)
    __rt_lib_init_cpp_1                      0x08000229   Thumb Code     0  libinit2.o(.ARM.Collect$$libinit$$00000032)
    __rt_lib_init_exceptions_1               0x08000229   Thumb Code     0  libinit2.o(.ARM.Collect$$libinit$$00000030)
    __rt_lib_init_return                     0x08000229   Thumb Code     0  libinit2.o(.ARM.Collect$$libinit$$00000033)
    __rt_lib_init_stdio_1                    0x08000229   Thumb Code     0  libinit2.o(.ARM.Collect$$libinit$$00000025)
    __rt_lib_shutdown                        0x0800022b   Thumb Code     0  libshutdown.o(.ARM.Collect$$libshutdown$$00000000)
    __rt_lib_shutdown_stdio_2                0x0800022d   Thumb Code     0  libshutdown2.o(.ARM.Collect$$libshutdown$$00000002)
    __rt_lib_shutdown_fp_trap_1              0x08000231   Thumb Code     0  libshutdown2.o(.ARM.Collect$$libshutdown$$00000006)
    __rt_lib_shutdown_heap_1                 0x08000231   Thumb Code     0  libshutdown2.o(.ARM.Collect$$libshutdown$$0000000E)
    __rt_lib_shutdown_return                 0x08000231   Thumb Code     0  libshutdown2.o(.ARM.Collect$$libshutdown$$0000000F)
    __rt_lib_shutdown_signal_1               0x08000231   Thumb Code     0  libshutdown2.o(.ARM.Collect$$libshutdown$$00000009)
    __rt_lib_shutdown_stdio_1                0x08000231   Thumb Code     0  libshutdown2.o(.ARM.Collect$$libshutdown$$00000003)
    __rt_lib_shutdown_user_alloc_1           0x08000231   Thumb Code     0  libshutdown2.o(.ARM.Collect$$libshutdown$$0000000B)
    __rt_entry                               0x08000233   Thumb Code     0  __rtentry.o(.ARM.Collect$$rtentry$$00000000)
    __rt_entry_presh_1                       0x08000233   Thumb Code     0  __rtentry2.o(.ARM.Collect$$rtentry$$00000002)
    __rt_entry_sh                            0x08000233   Thumb Code     0  __rtentry4.o(.ARM.Collect$$rtentry$$00000004)
    __rt_entry_li                            0x08000239   Thumb Code     0  __rtentry2.o(.ARM.Collect$$rtentry$$0000000A)
    __rt_entry_postsh_1                      0x08000239   Thumb Code     0  __rtentry2.o(.ARM.Collect$$rtentry$$00000009)
    __rt_entry_main                          0x0800023d   Thumb Code     0  __rtentry2.o(.ARM.Collect$$rtentry$$0000000D)
    __rt_entry_postli_1                      0x0800023d   Thumb Code     0  __rtentry2.o(.ARM.Collect$$rtentry$$0000000C)
    __rt_exit                                0x08000245   Thumb Code     0  rtexit.o(.ARM.Collect$$rtexit$$00000000)
    __rt_exit_ls                             0x08000247   Thumb Code     0  rtexit2.o(.ARM.Collect$$rtexit$$00000003)
    __rt_exit_prels_1                        0x08000247   Thumb Code     0  rtexit2.o(.ARM.Collect$$rtexit$$00000002)
    __rt_exit_exit                           0x0800024b   Thumb Code     0  rtexit2.o(.ARM.Collect$$rtexit$$00000004)
    _maybe_terminate_alloc                   0x08000251   Thumb Code     0  maybetermalloc1.o(.emb_text)
    convolve                                 0x08000251   Thumb Code   130  main.o(.text)
    subtract                                 0x080002d3   Thumb Code    44  main.o(.text)
    reset                                    0x080002ff   Thumb Code    42  main.o(.text)
    main                                     0x08000329   Thumb Code   370  main.o(.text)
    Kalmanfilter_C                           0x0800049b   Thumb Code   240  main.o(.text)
    mean                                     0x0800058b   Thumb Code    50  main.o(.text)
    root                                     0x080005bd   Thumb Code    80  main.o(.text)
    squarer                                  0x0800060d   Thumb Code    10  main.o(.text)
    misc                                     0x08000617   Thumb Code   294  main.o(.text)
    correlation                              0x0800073d   Thumb Code   180  main.o(.text)
    fputc                                    0x080007f1   Thumb Code    52  fput_debug.o(.text)
    Reset_Handler                            0x08000829   Thumb Code    26  startup_stm32f407xx.o(.text)
    NMI_Handler                              0x08000843   Thumb Code     2  startup_stm32f407xx.o(.text)
    HardFault_Handler                        0x08000845   Thumb Code     2  startup_stm32f407xx.o(.text)
    MemManage_Handler                        0x08000847   Thumb Code     2  startup_stm32f407xx.o(.text)
    BusFault_Handler                         0x08000849   Thumb Code     2  startup_stm32f407xx.o(.text)
    UsageFault_Handler                       0x0800084b   Thumb Code     2  startup_stm32f407xx.o(.text)
    SVC_Handler                              0x0800084d   Thumb Code     2  startup_stm32f407xx.o(.text)
    DebugMon_Handler                         0x0800084f   Thumb Code     2  startup_stm32f407xx.o(.text)
    PendSV_Handler                           0x08000851   Thumb Code     2  startup_stm32f407xx.o(.text)
    SysTick_Handler                          0x08000853   Thumb Code     2  startup_stm32f407xx.o(.text)
    ADC_IRQHandler                           0x08000855   Thumb Code     0  startup_stm32f407xx.o(.text)
    CAN1_RX0_IRQHandler                      0x08000855   Thumb Code     0  startup_stm32f407xx.o(.text)
    CAN1_RX1_IRQHandler                      0x08000855   Thumb Code     0  startup_stm32f407xx.o(.text)
    CAN1_SCE_IRQHandler                      0x08000855   Thumb Code     0  startup_stm32f407xx.o(.text)
    CAN1_TX_IRQHandler                       0x08000855   Thumb Code     0  startup_stm32f407xx.o(.text)
    CAN2_RX0_IRQHandler                      0x08000855   Thumb Code     0  startup_stm32f407xx.o(.text)
    CAN2_RX1_IRQHandler                      0x08000855   Thumb Code     0  startup_stm32f407xx.o(.text)
    CAN2_SCE_IRQHandler                      0x08000855   Thumb Code     0  startup_stm32f407xx.o(.text)
    CAN2_TX_IRQHandler                       0x08000855   Thumb Code     0  startup_stm32f407xx.o(.text)
    DCMI_IRQHandler                          0x08000855   Thumb Code     0  startup_stm32f407xx.o(.text)
    DMA1_Stream0_IRQHandler                  0x08000855   Thumb Code     0  startup_stm32f407xx.o(.text)
    DMA1_Stream1_IRQHandler                  0x08000855   Thumb Code     0  startup_stm32f407xx.o(.text)
    DMA1_Stream2_IRQHandler                  0x08000855   Thumb Code     0  startup_stm32f407xx.o(.text)
    DMA1_Stream3_IRQHandler                  0x08000855   Thumb Code     0  startup_stm32f407xx.o(.text)
    DMA1_Stream4_IRQHandler                  0x08000855   Thumb Code     0  startup_stm32f407xx.o(.text)
    DMA1_Stream5_IRQHandler                  0x08000855   Thumb Code     0  startup_stm32f407xx.o(.text)
    DMA1_Stream6_IRQHandler                  0x08000855   Thumb Code     0  startup_stm32f407xx.o(.text)
    DMA1_Stream7_IRQHandler                  0x08000855   Thumb Code     0  startup_stm32f407xx.o(.text)
    DMA2_Stream0_IRQHandler                  0x08000855   Thumb Code     0  startup_stm32f407xx.o(.text)
    DMA2_Stream1_IRQHandler                  0x08000855   Thumb Code     0  startup_stm32f407xx.o(.text)
    DMA2_Stream2_IRQHandler                  0x08000855   Thumb Code     0  startup_stm32f407xx.o(.text)
    DMA2_Stream3_IRQHandler                  0x08000855   Thumb Code     0  startup_stm32f407xx.o(.text)
    DMA2_Stream4_IRQHandler                  0x08000855   Thumb Code     0  startup_stm32f407xx.o(.text)
    DMA2_Stream5_IRQHandler                  0x08000855   Thumb Code     0  startup_stm32f407xx.o(.text)
    DMA2_Stream6_IRQHandler                  0x08000855   Thumb Code     0  startup_stm32f407xx.o(.text)
    DMA2_Stream7_IRQHandler                  0x08000855   Thumb Code     0  startup_stm32f407xx.o(.text)
    ETH_IRQHandler                           0x08000855   Thumb Code     0  startup_stm32f407xx.o(.text)
    ETH_WKUP_IRQHandler                      0x08000855   Thumb Code     0  startup_stm32f407xx.o(.text)
    EXTI0_IRQHandler                         0x08000855   Thumb Code     0  startup_stm32f407xx.o(.text)
    EXTI15_10_IRQHandler                     0x08000855   Thumb Code     0  startup_stm32f407xx.o(.text)
    EXTI1_IRQHandler                         0x08000855   Thumb Code     0  startup_stm32f407xx.o(.text)
    EXTI2_IRQHandler                         0x08000855   Thumb Code     0  startup_stm32f407xx.o(.text)
    EXTI3_IRQHandler                         0x08000855   Thumb Code     0  startup_stm32f407xx.o(.text)
    EXTI4_IRQHandler                         0x08000855   Thumb Code     0  startup_stm32f407xx.o(.text)
    EXTI9_5_IRQHandler                       0x08000855   Thumb Code     0  startup_stm32f407xx.o(.text)
    FLASH_IRQHandler                         0x08000855   Thumb Code     0  startup_stm32f407xx.o(.text)
    FMC_IRQHandler                           0x08000855   Thumb Code     0  startup_stm32f407xx.o(.text)
    FPU_IRQHandler                           0x08000855   Thumb Code     0  startup_stm32f407xx.o(.text)
    HASH_RNG_IRQHandler                      0x08000855   Thumb Code     0  startup_stm32f407xx.o(.text)
    I2C1_ER_IRQHandler                       0x08000855   Thumb Code     0  startup_stm32f407xx.o(.text)
    I2C1_EV_IRQHandler                       0x08000855   Thumb Code     0  startup_stm32f407xx.o(.text)
    I2C2_ER_IRQHandler                       0x08000855   Thumb Code     0  startup_stm32f407xx.o(.text)
    I2C2_EV_IRQHandler                       0x08000855   Thumb Code     0  startup_stm32f407xx.o(.text)
    I2C3_ER_IRQHandler                       0x08000855   Thumb Code     0  startup_stm32f407xx.o(.text)
    I2C3_EV_IRQHandler                       0x08000855   Thumb Code     0  startup_stm32f407xx.o(.text)
    OTG_FS_IRQHandler                        0x08000855   Thumb Code     0  startup_stm32f407xx.o(.text)
    OTG_FS_WKUP_IRQHandler                   0x08000855   Thumb Code     0  startup_stm32f407xx.o(.text)
    OTG_HS_EP1_IN_IRQHandler                 0x08000855   Thumb Code     0  startup_stm32f407xx.o(.text)
    OTG_HS_EP1_OUT_IRQHandler                0x08000855   Thumb Code     0  startup_stm32f407xx.o(.text)
    OTG_HS_IRQHandler                        0x08000855   Thumb Code     0  startup_stm32f407xx.o(.text)
    OTG_HS_WKUP_IRQHandler                   0x08000855   Thumb Code     0  startup_stm32f407xx.o(.text)
    PVD_IRQHandler                           0x08000855   Thumb Code     0  startup_stm32f407xx.o(.text)
    RCC_IRQHandler                           0x08000855   Thumb Code     0  startup_stm32f407xx.o(.text)
    RTC_Alarm_IRQHandler                     0x08000855   Thumb Code     0  startup_stm32f407xx.o(.text)
    RTC_WKUP_IRQHandler                      0x08000855   Thumb Code     0  startup_stm32f407xx.o(.text)
    SDIO_IRQHandler                          0x08000855   Thumb Code     0  startup_stm32f407xx.o(.text)
    SPI1_IRQHandler                          0x08000855   Thumb Code     0  startup_stm32f407xx.o(.text)
    SPI2_IRQHandler                          0x08000855   Thumb Code     0  startup_stm32f407xx.o(.text)
    SPI3_IRQHandler                          0x08000855   Thumb Code     0  startup_stm32f407xx.o(.text)
    TAMP_STAMP_IRQHandler                    0x08000855   Thumb Code     0  startup_stm32f407xx.o(.text)
    TIM1_BRK_TIM9_IRQHandler                 0x08000855   Thumb Code     0  startup_stm32f407xx.o(.text)
    TIM1_CC_IRQHandler                       0x08000855   Thumb Code     0  startup_stm32f407xx.o(.text)
    TIM1_TRG_COM_TIM11_IRQHandler            0x08000855   Thumb Code     0  startup_stm32f407xx.o(.text)
    TIM1_UP_TIM10_IRQHandler                 0x08000855   Thumb Code     0  startup_stm32f407xx.o(.text)
    TIM2_IRQHandler                          0x08000855   Thumb Code     0  startup_stm32f407xx.o(.text)
    TIM3_IRQHandler                          0x08000855   Thumb Code     0  startup_stm32f407xx.o(.text)
    TIM4_IRQHandler                          0x08000855   Thumb Code     0  startup_stm32f407xx.o(.text)
    TIM5_IRQHandler                          0x08000855   Thumb Code     0  startup_stm32f407xx.o(.text)
    TIM6_DAC_IRQHandler                      0x08000855   Thumb Code     0  startup_stm32f407xx.o(.text)
    TIM7_IRQHandler                          0x08000855   Thumb Code     0  startup_stm32f407xx.o(.text)
    TIM8_BRK_TIM12_IRQHandler                0x08000855   Thumb Code     0  startup_stm32f407xx.o(.text)
    TIM8_CC_IRQHandler                       0x08000855   Thumb Code     0  startup_stm32f407xx.o(.text)
    TIM8_TRG_COM_TIM14_IRQHandler            0x08000855   Thumb Code     0  startup_stm32f407xx.o(.text)
    TIM8_UP_TIM13_IRQHandler                 0x08000855   Thumb Code     0  startup_stm32f407xx.o(.text)
    UART4_IRQHandler                         0x08000855   Thumb Code     0  startup_stm32f407xx.o(.text)
    UART5_IRQHandler                         0x08000855   Thumb Code     0  startup_stm32f407xx.o(.text)
    USART1_IRQHandler                        0x08000855   Thumb Code     0  startup_stm32f407xx.o(.text)
    USART2_IRQHandler                        0x08000855   Thumb Code     0  startup_stm32f407xx.o(.text)
    USART3_IRQHandler                        0x08000855   Thumb Code     0  startup_stm32f407xx.o(.text)
    USART6_IRQHandler                        0x08000855   Thumb Code     0  startup_stm32f407xx.o(.text)
    WWDG_IRQHandler                          0x08000855   Thumb Code     0  startup_stm32f407xx.o(.text)
    __user_initial_stackheap                 0x08000859   Thumb Code     0  startup_stm32f407xx.o(.text)
    arm_sub_f32                              0x0800087d   Thumb Code   210  arm_sub_f32.o(.text)
    arm_correlate_f32                        0x08000951   Thumb Code  1420  arm_correlate_f32.o(.text)
    arm_mean_f32                             0x08000edd   Thumb Code   138  arm_mean_f32.o(.text)
    arm_std_f32                              0x08000f6d   Thumb Code   304  arm_std_f32.o(.text)
    __2printf                                0x080010a1   Thumb Code    20  noretval__2printf.o(.text)
    __printf                                 0x080010b9   Thumb Code   104  __printf.o(.text)
    __aeabi_memcpy4                          0x08001121   Thumb Code     0  rt_memcpy_w.o(.text)
    __aeabi_memcpy8                          0x08001121   Thumb Code     0  rt_memcpy_w.o(.text)
    __rt_memcpy_w                            0x08001121   Thumb Code   100  rt_memcpy_w.o(.text)
    _memcpy_lastbytes_aligned                0x08001169   Thumb Code     0  rt_memcpy_w.o(.text)
    __use_two_region_memory                  0x08001185   Thumb Code     2  heapauxi.o(.text)
    __rt_heap_escrow                         0x08001187   Thumb Code     2  heapauxi.o(.text)
    __rt_heap_expand                         0x08001189   Thumb Code     2  heapauxi.o(.text)
    __lib_sel_fp_printf                      0x0800118b   Thumb Code     2  _printf_fp_dec.o(.text)
    _printf_fp_dec_real                      0x08001339   Thumb Code   620  _printf_fp_dec.o(.text)
    _printf_char_file                        0x080015a5   Thumb Code    32  _printf_char_file.o(.text)
    __rt_locale                              0x080015c9   Thumb Code     8  rt_locale_intlibspace.o(.text)
    _ll_udiv10                               0x080015d1   Thumb Code   138  lludiv10.o(.text)
    _printf_char_common                      0x08001667   Thumb Code    32  _printf_char_common.o(.text)
    _printf_fp_infnan                        0x0800168d   Thumb Code   112  _printf_fp_infnan.o(.text)
    _btod_etento                             0x0800170d   Thumb Code   216  bigflt0.o(.text)
    ferror                                   0x080017e9   Thumb Code     8  ferror.o(.text)
    _initio                                  0x080017f1   Thumb Code   210  initio.o(.text)
    _terminateio                             0x080018c3   Thumb Code    56  initio.o(.text)
    _sys_open                                0x08001929   Thumb Code    20  sys_io.o(.text)
    _sys_close                               0x0800193d   Thumb Code    12  sys_io.o(.text)
    _sys_write                               0x08001949   Thumb Code    16  sys_io.o(.text)
    _sys_read                                0x08001959   Thumb Code    14  sys_io.o(.text)
    _sys_istty                               0x08001967   Thumb Code    12  sys_io.o(.text)
    _sys_seek                                0x08001973   Thumb Code    14  sys_io.o(.text)
    _sys_ensure                              0x08001981   Thumb Code     2  sys_io.o(.text)
    _sys_flen                                0x08001983   Thumb Code    12  sys_io.o(.text)
    __user_libspace                          0x08001991   Thumb Code     8  libspace.o(.text)
    __user_perproc_libspace                  0x08001991   Thumb Code     0  libspace.o(.text)
    __user_perthread_libspace                0x08001991   Thumb Code     0  libspace.o(.text)
    __user_setup_stackheap                   0x08001999   Thumb Code    74  sys_stackheap_outer.o(.text)
    free                                     0x080019e3   Thumb Code    78  h1_free.o(.text)
    setvbuf                                  0x08001a31   Thumb Code    70  setvbuf.o(.text)
    freopen                                  0x08001a79   Thumb Code   158  fopen.o(.text)
    fopen                                    0x08001b17   Thumb Code    74  fopen.o(.text)
    _fclose_internal                         0x08001b65   Thumb Code    76  fclose.o(.text)
    fclose                                   0x08001b65   Thumb Code     0  fclose.o(.text)
    exit                                     0x08001bb1   Thumb Code    12  exit.o(.text)
    __rt_SIGRTRED                            0x08001bbd   Thumb Code    14  defsig_rtred_outer.o(.text)
    __aeabi_memclr4                          0x08001bcb   Thumb Code     0  rt_memclr_w.o(.text)
    __aeabi_memclr8                          0x08001bcb   Thumb Code     0  rt_memclr_w.o(.text)
    __rt_memclr_w                            0x08001bcb   Thumb Code    78  rt_memclr_w.o(.text)
    _memset_w                                0x08001bcf   Thumb Code     0  rt_memclr_w.o(.text)
    strcmp                                   0x08001c19   Thumb Code   128  strcmpv7m.o(.text)
    __I$use$semihosting                      0x08001c99   Thumb Code     0  use_no_semi.o(.text)
    __use_no_semihosting_swi                 0x08001c99   Thumb Code     2  use_no_semi.o(.text)
    __semihosting_library_function           0x08001c9b   Thumb Code     0  indicate_semi.o(.text)
    __rt_heap_descriptor                     0x08001c9d   Thumb Code     8  rt_heap_descriptor_intlibspace.o(.text)
    __use_no_heap                            0x08001ca5   Thumb Code     2  hguard.o(.text)
    __heap$guard                             0x08001ca7   Thumb Code     2  hguard.o(.text)
    _terminate_user_alloc                    0x08001ca9   Thumb Code     2  init_alloc.o(.text)
    _init_user_alloc                         0x08001cab   Thumb Code     2  init_alloc.o(.text)
    __Heap_Full                              0x08001cad   Thumb Code    34  init_alloc.o(.text)
    __Heap_Broken                            0x08001ccf   Thumb Code     6  init_alloc.o(.text)
    _init_alloc                              0x08001cd5   Thumb Code    94  init_alloc.o(.text)
    malloc                                   0x08001d33   Thumb Code    94  h1_alloc.o(.text)
    _fp_trap                                 0x08001d91   Thumb Code    44  _fptrap.o(.text)
    _fseek                                   0x08001dc1   Thumb Code   242  fseek.o(.text)
    fseek                                    0x08001dc1   Thumb Code     0  fseek.o(.text)
    _seterr                                  0x08001eb9   Thumb Code    20  stdio.o(.text)
    _writebuf                                0x08001ecd   Thumb Code    84  stdio.o(.text)
    _fflush                                  0x08001f21   Thumb Code    70  stdio.o(.text)
    _deferredlazyseek                        0x08001f67   Thumb Code    60  stdio.o(.text)
    __sig_exit                               0x08001fa9   Thumb Code    10  defsig_exit.o(.text)
    __rt_SIGRTRED_inner                      0x08001fb5   Thumb Code    14  defsig_rtred_inner.o(.text)
    strlen                                   0x08001fe9   Thumb Code    62  strlen.o(.text)
    _sys_exit                                0x08002029   Thumb Code     8  sys_exit.o(.text)
    __Heap_Initialize                        0x08002035   Thumb Code    10  h1_init.o(.text)
    __Heap_DescSize                          0x0800203f   Thumb Code     4  h1_init.o(.text)
    __Heap_ProvideMemory                     0x08002043   Thumb Code    52  h1_extend.o(.text)
    _ftell_internal                          0x08002077   Thumb Code    66  ftell.o(.text)
    ftell                                    0x08002077   Thumb Code     0  ftell.o(.text)
    __default_signal_display                 0x080020b9   Thumb Code    50  defsig_general.o(.text)
    __rt_SIGFPE                              0x080020eb   Thumb Code    14  defsig_fpe_outer.o(.text)
    __rt_SIGRTMEM                            0x080020f9   Thumb Code    14  defsig_rtmem_outer.o(.text)
    _ttywrch                                 0x08002107   Thumb Code    14  sys_wrch.o(.text)
    __aeabi_errno_addr                       0x08002115   Thumb Code     8  rt_errno_addr_intlibspace.o(.text)
    __errno$intlibspace                      0x08002115   Thumb Code     0  rt_errno_addr_intlibspace.o(.text)
    __rt_errno_addr$intlibspace              0x08002115   Thumb Code     0  rt_errno_addr_intlibspace.o(.text)
    __rt_SIGFPE_inner                        0x0800211d   Thumb Code    62  defsig_fpe_inner.o(.text)
    __rt_SIGRTMEM_inner                      0x080021c9   Thumb Code    22  defsig_rtmem_inner.o(.text)
    _btod_d2e                                0x08002219   Thumb Code    62  btod.o(CL$$btod_d2e)
    _d2e_denorm_low                          0x08002257   Thumb Code    70  btod.o(CL$$btod_d2e_denorm_low)
    _d2e_norm_op1                            0x0800229d   Thumb Code    96  btod.o(CL$$btod_d2e_norm_op1)
    __btod_div_common                        0x080022fd   Thumb Code   696  btod.o(CL$$btod_div_common)
    _e2e                                     0x08002635   Thumb Code   198  btod.o(CL$$btod_e2e)
    _btod_ediv                               0x080026fb   Thumb Code    40  btod.o(CL$$btod_ediv)
    _btod_emul                               0x08002723   Thumb Code    40  btod.o(CL$$btod_emul)
    __btod_mult_common                       0x0800274b   Thumb Code   580  btod.o(CL$$btod_mult_common)
    __ARM_fpclassify                         0x0800298f   Thumb Code    48  fpclassify.o(i.__ARM_fpclassify)
    _get_lc_numeric                          0x080029c1   Thumb Code    44  lc_numeric_c.o(locale$$code)
    Kalmanfilter_asm                         0x080029ed   Thumb Code     0  kalmanfilter.o(text)
    __dflt_normalise                         0x08002a37   Thumb Code    26  dflt_clz.o(x$fpl$dfltn)
    __fpl_dretinf                            0x08002a51   Thumb Code    12  dretinf.o(x$fpl$dretinf)
    __fpl_exception                          0x08002a5d   Thumb Code   454  except.o(x$fpl$exception)
    __aeabi_f2d                              0x08002c49   Thumb Code     0  f2d.o(x$fpl$f2d)
    _f2d                                     0x08002c49   Thumb Code   122  f2d.o(x$fpl$f2d)
    __fpl_fnaninf                            0x08002cc3   Thumb Code   242  fnaninf.o(x$fpl$fnaninf)
    _fp_init                                 0x08002db5   Thumb Code    10  fpinit.o(x$fpl$fpinit)
    __fplib_config_fpu_vfp                   0x08002dbd   Thumb Code     0  fpinit.o(x$fpl$fpinit)
    __fplib_config_pureend_doubles           0x08002dbd   Thumb Code     0  fpinit.o(x$fpl$fpinit)
    __funder                                 0x08002dbf   Thumb Code   254  funder_clz.o(x$fpl$funder)
    __funder_d                               0x08002ebd   Thumb Code    62  funder_clz.o(x$fpl$funder)
    __ieee_status                            0x08002efd   Thumb Code    28  istatus.o(x$fpl$ieeestatus)
    _printf_fp_dec                           0x08002f1d   Thumb Code     4  printf1.o(x$fpl$printf1)
    __fpl_return_NaN                         0x08002f21   Thumb Code   178  retnan.o(x$fpl$retnan)
    _fp_trapveneer                           0x08002fd3   Thumb Code    36  trapv.o(x$fpl$trapveneer)
    __fpl_cmpreturn                          0x08002ff7   Thumb Code    90  trapv.o(x$fpl$trapveneer)
    __I$use$fp                               0x08003050   Number         0  usenofp.o(x$fpl$usenofp)
    __stdin_name                             0x080030f8   Data           4  sys_io.o(.constdata)
    __stdout_name                            0x080030fc   Data           4  sys_io.o(.constdata)
    __stderr_name                            0x08003100   Data           4  sys_io.o(.constdata)
    Region$$Table$$Base                      0x08003104   Number         0  anon$$obj.o(Region$$Table)
    Region$$Table$$Limit                     0x08003124   Number         0  anon$$obj.o(Region$$Table)
    __aeabi_stdin                            0x20000000   Data           4  stdio_streams.o(.data)
    __aeabi_stdout                           0x20000004   Data           4  stdio_streams.o(.data)
    __aeabi_stderr                           0x20000008   Data           4  stdio_streams.o(.data)
    __stdin                                  0x2000000c   Data          84  stdio_streams.o(.bss)
    __stdout                                 0x20000060   Data          84  stdio_streams.o(.bss)
    __stderr                                 0x200000b4   Data          84  stdio_streams.o(.bss)
    __libspace_start                         0x20000108   Data          96  libspace.o(.bss)
    __temporary_stack_top$libspace           0x20000168   Data           0  libspace.o(.bss)



==============================================================================

Memory Map of the image

  Image Entry point : 0x08000189

  Load Region LR_IROM1 (Base: 0x08000000, Size: 0x0000314c, Max: 0x00100000, ABSOLUTE)

    Execution Region ER_IROM1 (Base: 0x08000000, Size: 0x00003140, Max: 0x00100000, ABSOLUTE)

    Base Addr    Size         Type   Attr      Idx    E Section Name        Object

    0x08000000   0x00000188   Data   RO          107    RESET               startup_stm32f407xx.o
    0x08000188   0x00000008   Code   RO          308  * !!!main             c_w.l(__main.o)
    0x08000190   0x00000034   Code   RO          700    !!!scatter          c_w.l(__scatter.o)
    0x080001c4   0x0000001a   Code   RO          702    !!handler_copy      c_w.l(__scatter_copy.o)
    0x080001de   0x00000002   PAD
    0x080001e0   0x0000001c   Code   RO          704    !!handler_zi        c_w.l(__scatter_zi.o)
    0x080001fc   0x00000000   Code   RO          303    .ARM.Collect$$_printf_percent$$00000000  c_w.l(_printf_percent.o)
    0x080001fc   0x00000006   Code   RO          302    .ARM.Collect$$_printf_percent$$00000003  c_w.l(_printf_f.o)
    0x08000202   0x00000004   Code   RO          319    .ARM.Collect$$_printf_percent$$00000017  c_w.l(_printf_percent_end.o)
    0x08000206   0x00000002   Code   RO          503    .ARM.Collect$$libinit$$00000000  c_w.l(libinit.o)
    0x08000208   0x00000004   Code   RO          504    .ARM.Collect$$libinit$$00000001  c_w.l(libinit2.o)
    0x0800020c   0x00000000   Code   RO          507    .ARM.Collect$$libinit$$00000004  c_w.l(libinit2.o)
    0x0800020c   0x00000008   Code   RO          508    .ARM.Collect$$libinit$$00000005  c_w.l(libinit2.o)
    0x08000214   0x00000000   Code   RO          510    .ARM.Collect$$libinit$$0000000A  c_w.l(libinit2.o)
    0x08000214   0x00000000   Code   RO          512    .ARM.Collect$$libinit$$0000000C  c_w.l(libinit2.o)
    0x08000214   0x00000000   Code   RO          514    .ARM.Collect$$libinit$$0000000E  c_w.l(libinit2.o)
    0x08000214   0x00000006   Code   RO          515    .ARM.Collect$$libinit$$0000000F  c_w.l(libinit2.o)
    0x0800021a   0x00000000   Code   RO          517    .ARM.Collect$$libinit$$00000011  c_w.l(libinit2.o)
    0x0800021a   0x00000000   Code   RO          519    .ARM.Collect$$libinit$$00000013  c_w.l(libinit2.o)
    0x0800021a   0x00000000   Code   RO          521    .ARM.Collect$$libinit$$00000015  c_w.l(libinit2.o)
    0x0800021a   0x0000000a   Code   RO          522    .ARM.Collect$$libinit$$00000016  c_w.l(libinit2.o)
    0x08000224   0x00000000   Code   RO          523    .ARM.Collect$$libinit$$00000017  c_w.l(libinit2.o)
    0x08000224   0x00000000   Code   RO          525    .ARM.Collect$$libinit$$00000019  c_w.l(libinit2.o)
    0x08000224   0x00000000   Code   RO          527    .ARM.Collect$$libinit$$0000001B  c_w.l(libinit2.o)
    0x08000224   0x00000000   Code   RO          529    .ARM.Collect$$libinit$$0000001D  c_w.l(libinit2.o)
    0x08000224   0x00000000   Code   RO          531    .ARM.Collect$$libinit$$0000001F  c_w.l(libinit2.o)
    0x08000224   0x00000000   Code   RO          533    .ARM.Collect$$libinit$$00000021  c_w.l(libinit2.o)
    0x08000224   0x00000000   Code   RO          535    .ARM.Collect$$libinit$$00000023  c_w.l(libinit2.o)
    0x08000224   0x00000004   Code   RO          536    .ARM.Collect$$libinit$$00000024  c_w.l(libinit2.o)
    0x08000228   0x00000000   Code   RO          537    .ARM.Collect$$libinit$$00000025  c_w.l(libinit2.o)
    0x08000228   0x00000000   Code   RO          541    .ARM.Collect$$libinit$$0000002C  c_w.l(libinit2.o)
    0x08000228   0x00000000   Code   RO          543    .ARM.Collect$$libinit$$0000002E  c_w.l(libinit2.o)
    0x08000228   0x00000000   Code   RO          545    .ARM.Collect$$libinit$$00000030  c_w.l(libinit2.o)
    0x08000228   0x00000000   Code   RO          547    .ARM.Collect$$libinit$$00000032  c_w.l(libinit2.o)
    0x08000228   0x00000002   Code   RO          548    .ARM.Collect$$libinit$$00000033  c_w.l(libinit2.o)
    0x0800022a   0x00000002   Code   RO          681    .ARM.Collect$$libshutdown$$00000000  c_w.l(libshutdown.o)
    0x0800022c   0x00000004   Code   RO          550    .ARM.Collect$$libshutdown$$00000002  c_w.l(libshutdown2.o)
    0x08000230   0x00000000   Code   RO          551    .ARM.Collect$$libshutdown$$00000003  c_w.l(libshutdown2.o)
    0x08000230   0x00000000   Code   RO          554    .ARM.Collect$$libshutdown$$00000006  c_w.l(libshutdown2.o)
    0x08000230   0x00000000   Code   RO          557    .ARM.Collect$$libshutdown$$00000009  c_w.l(libshutdown2.o)
    0x08000230   0x00000000   Code   RO          559    .ARM.Collect$$libshutdown$$0000000B  c_w.l(libshutdown2.o)
    0x08000230   0x00000000   Code   RO          562    .ARM.Collect$$libshutdown$$0000000E  c_w.l(libshutdown2.o)
    0x08000230   0x00000002   Code   RO          563    .ARM.Collect$$libshutdown$$0000000F  c_w.l(libshutdown2.o)
    0x08000232   0x00000000   Code   RO          314    .ARM.Collect$$rtentry$$00000000  c_w.l(__rtentry.o)
    0x08000232   0x00000000   Code   RO          338    .ARM.Collect$$rtentry$$00000002  c_w.l(__rtentry2.o)
    0x08000232   0x00000006   Code   RO          350    .ARM.Collect$$rtentry$$00000004  c_w.l(__rtentry4.o)
    0x08000238   0x00000000   Code   RO          340    .ARM.Collect$$rtentry$$00000009  c_w.l(__rtentry2.o)
    0x08000238   0x00000004   Code   RO          341    .ARM.Collect$$rtentry$$0000000A  c_w.l(__rtentry2.o)
    0x0800023c   0x00000000   Code   RO          343    .ARM.Collect$$rtentry$$0000000C  c_w.l(__rtentry2.o)
    0x0800023c   0x00000008   Code   RO          344    .ARM.Collect$$rtentry$$0000000D  c_w.l(__rtentry2.o)
    0x08000244   0x00000002   Code   RO          571    .ARM.Collect$$rtexit$$00000000  c_w.l(rtexit.o)
    0x08000246   0x00000000   Code   RO          621    .ARM.Collect$$rtexit$$00000002  c_w.l(rtexit2.o)
    0x08000246   0x00000004   Code   RO          622    .ARM.Collect$$rtexit$$00000003  c_w.l(rtexit2.o)
    0x0800024a   0x00000006   Code   RO          623    .ARM.Collect$$rtexit$$00000004  c_w.l(rtexit2.o)
    0x08000250   0x00000000   Code   RO          627    .emb_text           c_w.l(maybetermalloc1.o)
    0x08000250   0x000005a0   Code   RO            4    .text               main.o
    0x080007f0   0x00000038   Code   RO           67    .text               fput_debug.o
    0x08000828   0x00000054   Code   RO          108    .text               startup_stm32f407xx.o
    0x0800087c   0x000000d2   Code   RO          150    .text               arm_cortexM4lf_math.lib(arm_sub_f32.o)
    0x0800094e   0x00000002   PAD
    0x08000950   0x0000058c   Code   RO          202    .text               arm_cortexM4lf_math.lib(arm_correlate_f32.o)
    0x08000edc   0x00000090   Code   RO          226    .text               arm_cortexM4lf_math.lib(arm_mean_f32.o)
    0x08000f6c   0x00000134   Code   RO          250    .text               arm_cortexM4lf_math.lib(arm_std_f32.o)
    0x080010a0   0x00000018   Code   RO          278    .text               c_w.l(noretval__2printf.o)
    0x080010b8   0x00000068   Code   RO          280    .text               c_w.l(__printf.o)
    0x08001120   0x00000064   Code   RO          304    .text               c_w.l(rt_memcpy_w.o)
    0x08001184   0x00000006   Code   RO          306    .text               c_w.l(heapauxi.o)
    0x0800118a   0x0000041a   Code   RO          315    .text               c_w.l(_printf_fp_dec.o)
    0x080015a4   0x00000024   Code   RO          317    .text               c_w.l(_printf_char_file.o)
    0x080015c8   0x00000008   Code   RO          355    .text               c_w.l(rt_locale_intlibspace.o)
    0x080015d0   0x0000008a   Code   RO          357    .text               c_w.l(lludiv10.o)
    0x0800165a   0x00000002   PAD
    0x0800165c   0x00000030   Code   RO          359    .text               c_w.l(_printf_char_common.o)
    0x0800168c   0x00000080   Code   RO          361    .text               c_w.l(_printf_fp_infnan.o)
    0x0800170c   0x000000dc   Code   RO          363    .text               c_w.l(bigflt0.o)
    0x080017e8   0x00000008   Code   RO          388    .text               c_w.l(ferror.o)
    0x080017f0   0x00000138   Code   RO          390    .text               c_w.l(initio.o)
    0x08001928   0x00000066   Code   RO          407    .text               c_w.l(sys_io.o)
    0x0800198e   0x00000002   PAD
    0x08001990   0x00000008   Code   RO          412    .text               c_w.l(libspace.o)
    0x08001998   0x0000004a   Code   RO          417    .text               c_w.l(sys_stackheap_outer.o)
    0x080019e2   0x0000004e   Code   RO          421    .text               c_w.l(h1_free.o)
    0x08001a30   0x00000046   Code   RO          477    .text               c_w.l(setvbuf.o)
    0x08001a76   0x00000002   PAD
    0x08001a78   0x000000ec   Code   RO          480    .text               c_w.l(fopen.o)
    0x08001b64   0x0000004c   Code   RO          482    .text               c_w.l(fclose.o)
    0x08001bb0   0x0000000c   Code   RO          488    .text               c_w.l(exit.o)
    0x08001bbc   0x0000000e   Code   RO          490    .text               c_w.l(defsig_rtred_outer.o)
    0x08001bca   0x0000004e   Code   RO          494    .text               c_w.l(rt_memclr_w.o)
    0x08001c18   0x00000080   Code   RO          496    .text               c_w.l(strcmpv7m.o)
    0x08001c98   0x00000002   Code   RO          568    .text               c_w.l(use_no_semi.o)
    0x08001c9a   0x00000000   Code   RO          570    .text               c_w.l(indicate_semi.o)
    0x08001c9a   0x00000002   PAD
    0x08001c9c   0x00000008   Code   RO          578    .text               c_w.l(rt_heap_descriptor_intlibspace.o)
    0x08001ca4   0x00000004   Code   RO          580    .text               c_w.l(hguard.o)
    0x08001ca8   0x0000008a   Code   RO          582    .text               c_w.l(init_alloc.o)
    0x08001d32   0x0000005e   Code   RO          588    .text               c_w.l(h1_alloc.o)
    0x08001d90   0x00000030   Code   RO          602    .text               c_w.l(_fptrap.o)
    0x08001dc0   0x000000f8   Code   RO          604    .text               c_w.l(fseek.o)
    0x08001eb8   0x000000f0   Code   RO          606    .text               c_w.l(stdio.o)
    0x08001fa8   0x0000000a   Code   RO          608    .text               c_w.l(defsig_exit.o)
    0x08001fb2   0x00000002   PAD
    0x08001fb4   0x00000034   Code   RO          610    .text               c_w.l(defsig_rtred_inner.o)
    0x08001fe8   0x0000003e   Code   RO          612    .text               c_w.l(strlen.o)
    0x08002026   0x00000002   PAD
    0x08002028   0x0000000c   Code   RO          618    .text               c_w.l(sys_exit.o)
    0x08002034   0x0000000e   Code   RO          629    .text               c_w.l(h1_init.o)
    0x08002042   0x00000034   Code   RO          631    .text               c_w.l(h1_extend.o)
    0x08002076   0x00000042   Code   RO          637    .text               c_w.l(ftell.o)
    0x080020b8   0x00000032   Code   RO          641    .text               c_w.l(defsig_general.o)
    0x080020ea   0x0000000e   Code   RO          643    .text               c_w.l(defsig_fpe_outer.o)
    0x080020f8   0x0000000e   Code   RO          647    .text               c_w.l(defsig_rtmem_outer.o)
    0x08002106   0x0000000e   Code   RO          660    .text               c_w.l(sys_wrch.o)
    0x08002114   0x00000008   Code   RO          667    .text               c_w.l(rt_errno_addr_intlibspace.o)
    0x0800211c   0x000000ac   Code   RO          673    .text               c_w.l(defsig_fpe_inner.o)
    0x080021c8   0x00000050   Code   RO          675    .text               c_w.l(defsig_rtmem_inner.o)
    0x08002218   0x0000003e   Code   RO          366    CL$$btod_d2e        c_w.l(btod.o)
    0x08002256   0x00000046   Code   RO          368    CL$$btod_d2e_denorm_low  c_w.l(btod.o)
    0x0800229c   0x00000060   Code   RO          367    CL$$btod_d2e_norm_op1  c_w.l(btod.o)
    0x080022fc   0x00000338   Code   RO          376    CL$$btod_div_common  c_w.l(btod.o)
    0x08002634   0x000000c6   Code   RO          373    CL$$btod_e2e        c_w.l(btod.o)
    0x080026fa   0x00000028   Code   RO          370    CL$$btod_ediv       c_w.l(btod.o)
    0x08002722   0x00000028   Code   RO          369    CL$$btod_emul       c_w.l(btod.o)
    0x0800274a   0x00000244   Code   RO          375    CL$$btod_mult_common  c_w.l(btod.o)
    0x0800298e   0x00000030   Code   RO          405    i.__ARM_fpclassify  m_wm.l(fpclassify.o)
    0x080029be   0x00000002   PAD
    0x080029c0   0x0000002c   Code   RO          397    locale$$code        c_w.l(lc_numeric_c.o)
    0x080029ec   0x0000004a   Code   RO          102    text                kalmanfilter.o
    0x08002a36   0x0000001a   Code   RO          328    x$fpl$dfltn         g_wm.l(dflt_clz.o)
    0x08002a50   0x0000000c   Code   RO          332    x$fpl$dretinf       g_wm.l(dretinf.o)
    0x08002a5c   0x000001ec   Code   RO          399    x$fpl$exception     g_wm.l(except.o)
    0x08002c48   0x0000007a   Code   RO          310    x$fpl$f2d           g_wm.l(f2d.o)
    0x08002cc2   0x000000f2   Code   RO          334    x$fpl$fnaninf       g_wm.l(fnaninf.o)
    0x08002db4   0x0000000a   Code   RO          616    x$fpl$fpinit        g_wm.l(fpinit.o)
    0x08002dbe   0x0000013c   Code   RO          401    x$fpl$funder        g_wm.l(funder_clz.o)
    0x08002efa   0x00000002   PAD
    0x08002efc   0x00000020   Code   RO          403    x$fpl$ieeestatus    g_wm.l(istatus.o)
    0x08002f1c   0x00000004   Code   RO          312    x$fpl$printf1       g_wm.l(printf1.o)
    0x08002f20   0x000000b2   Code   RO          564    x$fpl$retnan        g_wm.l(retnan.o)
    0x08002fd2   0x0000007e   Code   RO          566    x$fpl$trapveneer    g_wm.l(trapv.o)
    0x08003050   0x00000000   Code   RO          336    x$fpl$usenofp       g_wm.l(usenofp.o)
    0x08003050   0x00000014   Data   RO            5    .constdata          main.o
    0x08003064   0x00000094   Data   RO          364    .constdata          c_w.l(bigflt0.o)
    0x080030f8   0x00000004   Data   RO          408    .constdata          c_w.l(sys_io.o)
    0x080030fc   0x00000004   Data   RO          409    .constdata          c_w.l(sys_io.o)
    0x08003100   0x00000004   Data   RO          410    .constdata          c_w.l(sys_io.o)
    0x08003104   0x00000020   Data   RO          698    Region$$Table       anon$$obj.o
    0x08003124   0x0000001c   Data   RO          396    locale$$data        c_w.l(lc_numeric_c.o)


    Execution Region RW_IRAM1 (Base: 0x20000000, Size: 0x00000768, Max: 0x00020000, ABSOLUTE)

    Base Addr    Size         Type   Attr      Idx    E Section Name        Object

    0x20000000   0x00000004   Data   RW          323    .data               c_w.l(stdio_streams.o)
    0x20000004   0x00000004   Data   RW          324    .data               c_w.l(stdio_streams.o)
    0x20000008   0x00000004   Data   RW          325    .data               c_w.l(stdio_streams.o)
    0x2000000c   0x00000054   Zero   RW          320    .bss                c_w.l(stdio_streams.o)
    0x20000060   0x00000054   Zero   RW          321    .bss                c_w.l(stdio_streams.o)
    0x200000b4   0x00000054   Zero   RW          322    .bss                c_w.l(stdio_streams.o)
    0x20000108   0x00000060   Zero   RW          413    .bss                c_w.l(libspace.o)
    0x20000168   0x00000200   Zero   RW          106    HEAP                startup_stm32f407xx.o
    0x20000368   0x00000400   Zero   RW          105    STACK               startup_stm32f407xx.o


==============================================================================

Image component sizes


      Code (inc. data)   RO Data    RW Data    ZI Data      Debug   Object Name

        56          4          0          0          0     272123   fput_debug.o
        74          0          0          0          0        300   kalmanfilter.o
      1440        190         20          0          0      10697   main.o
        84         28        392          0       1536        936   startup_stm32f407xx.o

    ----------------------------------------------------------------------
      1654        222        444          0       1536     284056   Object Totals
         0          0         32          0          0          0   (incl. Generated)
         0          0          0          0          0          0   (incl. Padding)

    ----------------------------------------------------------------------

      Code (inc. data)   RO Data    RW Data    ZI Data      Debug   Library Member Name

      1420          6          0          0          0       3784   arm_correlate_f32.o
       144          6          0          0          0        915   arm_mean_f32.o
       308          4          0          0          0      14718   arm_std_f32.o
       210          0          0          0          0      17414   arm_sub_f32.o
         8          0          0          0          0         68   __main.o
       104          0          0          0          0         84   __printf.o
         0          0          0          0          0          0   __rtentry.o
        12          0          0          0          0          0   __rtentry2.o
         6          0          0          0          0          0   __rtentry4.o
        52          8          0          0          0          0   __scatter.o
        26          0          0          0          0          0   __scatter_copy.o
        28          0          0          0          0          0   __scatter_zi.o
        48          4          0          0          0         84   _fptrap.o
        48          6          0          0          0         96   _printf_char_common.o
        36          4          0          0          0         80   _printf_char_file.o
         6          0          0          0          0          0   _printf_f.o
      1050          0          0          0          0        216   _printf_fp_dec.o
       128         16          0          0          0         84   _printf_fp_infnan.o
         0          0          0          0          0          0   _printf_percent.o
         4          0          0          0          0          0   _printf_percent_end.o
       220          4        148          0          0         96   bigflt0.o
      1910        128          0          0          0        672   btod.o
        10          0          0          0          0         68   defsig_exit.o
       172        110          0          0          0         76   defsig_fpe_inner.o
        14          0          0          0          0         80   defsig_fpe_outer.o
        50          0          0          0          0         88   defsig_general.o
        80         58          0          0          0         76   defsig_rtmem_inner.o
        14          0          0          0          0         80   defsig_rtmem_outer.o
        52         38          0          0          0         76   defsig_rtred_inner.o
        14          0          0          0          0         80   defsig_rtred_outer.o
        12          0          0          0          0         72   exit.o
        76          0          0          0          0         88   fclose.o
         8          0          0          0          0         68   ferror.o
       236          4          0          0          0        128   fopen.o
       248          6          0          0          0         84   fseek.o
        66          0          0          0          0         76   ftell.o
        94          0          0          0          0         80   h1_alloc.o
        52          0          0          0          0         68   h1_extend.o
        78          0          0          0          0         80   h1_free.o
        14          0          0          0          0         84   h1_init.o
         6          0          0          0          0        152   heapauxi.o
         4          0          0          0          0        136   hguard.o
         0          0          0          0          0          0   indicate_semi.o
       138          0          0          0          0        168   init_alloc.o
       312         46          0          0          0        112   initio.o
        44         10         28          0          0         76   lc_numeric_c.o
         2          0          0          0          0          0   libinit.o
        34          0          0          0          0          0   libinit2.o
         2          0          0          0          0          0   libshutdown.o
         6          0          0          0          0          0   libshutdown2.o
         8          4          0          0         96         68   libspace.o
       138          0          0          0          0         80   lludiv10.o
         0          0          0          0          0          0   maybetermalloc1.o
        24          4          0          0          0         84   noretval__2printf.o
         8          4          0          0          0         68   rt_errno_addr_intlibspace.o
         8          4          0          0          0         68   rt_heap_descriptor_intlibspace.o
         8          4          0          0          0         68   rt_locale_intlibspace.o
        78          0          0          0          0         80   rt_memclr_w.o
       100          0          0          0          0         80   rt_memcpy_w.o
         2          0          0          0          0          0   rtexit.o
        10          0          0          0          0          0   rtexit2.o
        70          0          0          0          0         80   setvbuf.o
       240          6          0          0          0        156   stdio.o
         0          0          0         12        252          0   stdio_streams.o
       128          0          0          0          0         68   strcmpv7m.o
        62          0          0          0          0         76   strlen.o
        12          4          0          0          0         68   sys_exit.o
       102          0         12          0          0        240   sys_io.o
        74          0          0          0          0         80   sys_stackheap_outer.o
        14          0          0          0          0         76   sys_wrch.o
         2          0          0          0          0         68   use_no_semi.o
        26          0          0          0          0        116   dflt_clz.o
        12          0          0          0          0        116   dretinf.o
       492         36          0          0          0        148   except.o
       122          8          0          0          0        132   f2d.o
       242          4          0          0          0        144   fnaninf.o
        10          0          0          0          0        116   fpinit.o
       316          0          0          0          0        132   funder_clz.o
        32          4          0          0          0        116   istatus.o
         4          0          0          0          0        116   printf1.o
       178          0          0          0          0        116   retnan.o
       126          0          0          0          0        148   trapv.o
         0          0          0          0          0          0   usenofp.o
        48          0          0          0          0        124   fpclassify.o

    ----------------------------------------------------------------------
     10322        540        188         12        348      43439   Library Totals
        20          0          0          0          0          0   (incl. Padding)

    ----------------------------------------------------------------------

      Code (inc. data)   RO Data    RW Data    ZI Data      Debug   Library Name

      2082         16          0          0          0      36831   arm_cortexM4lf_math.lib
      6612        472        188         12        348       5084   c_w.l
      1560         52          0          0          0       1400   g_wm.l
        48          0          0          0          0        124   m_wm.l

    ----------------------------------------------------------------------
     10322        540        188         12        348      43439   Library Totals

    ----------------------------------------------------------------------

==============================================================================


      Code (inc. data)   RO Data    RW Data    ZI Data      Debug   

     11976        762        632         12       1884     323387   Grand Totals
     11976        762        632         12       1884     323387   ELF Image Totals
     11976        762        632         12          0          0   ROM Totals

==============================================================================

    Total RO  Size (Code + RO Data)                12608 (  12.31kB)
    Total RW  Size (RW Data + ZI Data)              1896 (   1.85kB)
    Total ROM Size (Code + RO Data + RW Data)      12620 (  12.32kB)

==============================================================================

